Component: ARM Compiler 5.06 update 1 (build 61) Tool: armlink [4d35a8]

==============================================================================

Section Cross References

    main.o(.text) refers to platform.o(.text) for platformInit
    main.o(.text) refers to app.o(.text) for app_init
    main.o(.text) refers to tasks.o(.text) for vTaskStartScheduler
    system_stm32f10x.o(.text) refers to system_stm32f10x.o(.data) for .data
    app.o(.text) refers to mp_uart_task.o(.text) for tls_uart_init
    app.o(.text) refers to mp_cmdp_hostif.o(.text) for tls_hostif_init
    app.o(.text) refers to mp_idle_task.o(.text) for tls_idle_init
    led.o(.text) refers to stm32f10x_rcc.o(.text) for RCC_APB2PeriphClockCmd
    led.o(.text) refers to stm32f10x_gpio.o(.text) for GPIO_Init
    platform.o(.text) refers to misc.o(.text) for NVIC_PriorityGroupConfig
    platform.o(.text) refers to delay.o(.text) for delay_init
    delay.o(.text) refers to tasks.o(.text) for xTaskGetSchedulerState
    delay.o(.text) refers to port.o(.text) for xPortSysTickHandler
    delay.o(.text) refers to misc.o(.text) for SysTick_CLKSourceConfig
    delay.o(.text) refers to system_stm32f10x.o(.data) for SystemCoreClock
    delay.o(.text) refers to delay.o(.data) for .data
    usart.o(.text) refers (Special) to use_no_semi_2.o(.text) for __use_no_semihosting
    usart.o(.text) refers to stm32f10x_rcc.o(.text) for RCC_APB2PeriphClockCmd
    usart.o(.text) refers to stm32f10x_gpio.o(.text) for GPIO_Init
    usart.o(.text) refers to misc.o(.text) for NVIC_Init
    usart.o(.text) refers to stm32f10x_usart.o(.text) for USART_ITConfig
    usart.o(.text) refers to mp_uart.o(.text) for tls_uart_put_into_buffer
    usart.o(.text) refers to usart.o(.data) for .data
    usart.o(.data) refers (Special) to use_no_semi_2.o(.text) for __use_no_semihosting
    usart.o(.data) refers (Special) to use_no_semi_2.o(.text) for __use_no_semihosting
    startup_stm32f10x_hd.o(STACK) refers (Special) to heapauxi.o(.text) for __use_two_region_memory
    startup_stm32f10x_hd.o(HEAP) refers (Special) to heapauxi.o(.text) for __use_two_region_memory
    startup_stm32f10x_hd.o(RESET) refers (Special) to heapauxi.o(.text) for __use_two_region_memory
    startup_stm32f10x_hd.o(RESET) refers to startup_stm32f10x_hd.o(STACK) for __initial_sp
    startup_stm32f10x_hd.o(RESET) refers to startup_stm32f10x_hd.o(.text) for Reset_Handler
    startup_stm32f10x_hd.o(RESET) refers to stm32f10x_it.o(.text) for NMI_Handler
    startup_stm32f10x_hd.o(RESET) refers to port.o(.emb_text) for SVC_Handler
    startup_stm32f10x_hd.o(RESET) refers to delay.o(.text) for SysTick_Handler
    startup_stm32f10x_hd.o(RESET) refers to usart.o(.text) for USART1_IRQHandler
    startup_stm32f10x_hd.o(.text) refers (Special) to heapauxi.o(.text) for __use_two_region_memory
    startup_stm32f10x_hd.o(.text) refers to system_stm32f10x.o(.text) for SystemInit
    startup_stm32f10x_hd.o(.text) refers to __main.o(!!!main) for __main
    startup_stm32f10x_hd.o(.text) refers to startup_stm32f10x_hd.o(HEAP) for Heap_Mem
    startup_stm32f10x_hd.o(.text) refers to startup_stm32f10x_hd.o(STACK) for Stack_Mem
    stm32f10x_gpio.o(.text) refers to stm32f10x_rcc.o(.text) for RCC_APB2PeriphResetCmd
    stm32f10x_rcc.o(.text) refers to stm32f10x_rcc.o(.data) for .data
    stm32f10x_usart.o(.text) refers to stm32f10x_rcc.o(.text) for RCC_APB2PeriphResetCmd
    stm32f10x_tim.o(.text) refers to stm32f10x_rcc.o(.text) for RCC_APB1PeriphResetCmd
    malloc.o(.text) refers to malloc.o(.data) for .data
    malloc.o(.data) refers to malloc.o(.text) for mem_init
    malloc.o(.data) refers to malloc.o(.bss) for membase
    malloc.o(.data) refers to malloc.o(.bss) for memmapbase
    event_groups.o(.text) refers to _printf_percent.o(.ARM.Collect$$_printf_percent$$00000000) for _printf_percent
    event_groups.o(.text) refers to _printf_d.o(.ARM.Collect$$_printf_percent$$00000009) for _printf_d
    event_groups.o(.text) refers to _printf_s.o(.ARM.Collect$$_printf_percent$$00000014) for _printf_s
    event_groups.o(.text) refers to _printf_dec.o(.text) for _printf_int_dec
    event_groups.o(.text) refers to _printf_str.o(.text) for _printf_str
    event_groups.o(.text) refers to heap_4.o(.text) for pvPortMalloc
    event_groups.o(.text) refers to list.o(.text) for vListInitialise
    event_groups.o(.text) refers to noretval__2printf.o(.text) for __2printf
    event_groups.o(.text) refers to tasks.o(.text) for vTaskSuspendAll
    event_groups.o(.text) refers to port.o(.text) for vPortEnterCritical
    event_groups.o(.text) refers to timers.o(.text) for xTimerPendFunctionCallFromISR
    queue.o(.text) refers to _printf_percent.o(.ARM.Collect$$_printf_percent$$00000000) for _printf_percent
    queue.o(.text) refers to _printf_d.o(.ARM.Collect$$_printf_percent$$00000009) for _printf_d
    queue.o(.text) refers to _printf_s.o(.ARM.Collect$$_printf_percent$$00000014) for _printf_s
[...]
    prvUnlockQueue                           0x080013dd   Thumb Code   120  queue.o(.text)
    prvCopyDataFromQueue                     0x08001639   Thumb Code    38  queue.o(.text)
    prvIsQueueEmpty                          0x08001cbd   Thumb Code    26  queue.o(.text)
    .text                                    0x08001ce0   Section        0  tasks.o(.text)
    prvAddNewTaskToReadyList                 0x08001ce1   Thumb Code   192  tasks.o(.text)
    prvAddCurrentTaskToDelayedList           0x08002001   Thumb Code   102  tasks.o(.text)
    prvTaskIsTaskSuspended                   0x080023ad   Thumb Code    48  tasks.o(.text)
    prvIdleTask                              0x080024cf   Thumb Code    30  tasks.o(.text)
    prvListTasksWithinSingleList             0x08002643   Thumb Code    84  tasks.o(.text)
    prvInitialiseNewTask                     0x08002eeb   Thumb Code   152  tasks.o(.text)
    prvResetNextTaskUnblockTime              0x08002f83   Thumb Code    26  tasks.o(.text)
    prvDeleteTCB                             0x08002f9d   Thumb Code    20  tasks.o(.text)
    prvCheckTasksWaitingTermination          0x08002fb1   Thumb Code    76  tasks.o(.text)
    .text                                    0x0800302c   Section        0  timers.o(.text)
    prvInsertTimerInActiveList               0x0800302d   Thumb Code    52  timers.o(.text)
    prvProcessReceivedCommands               0x080030c3   Thumb Code   196  timers.o(.text)
    prvTimerTask                             0x08003187   Thumb Code    34  timers.o(.text)
    prvCheckForValidListAndQueue             0x080031a9   Thumb Code    62  timers.o(.text)
    prvSampleTimeNow                         0x0800338b   Thumb Code    36  timers.o(.text)
    prvProcessTimerOrBlockTask               0x080033af   Thumb Code   210  timers.o(.text)
    prvSwitchTimerLists                      0x08003481   Thumb Code   102  timers.o(.text)
    prvProcessExpiredTimer                   0x080034e7   Thumb Code    88  timers.o(.text)
    .text                                    0x08003544   Section        0  port.o(.text)
    prvTaskExitError                         0x08003545   Thumb Code    34  port.o(.text)
    .text                                    0x0800373c   Section        0  heap_4.o(.text)
    prvInsertBlockIntoFreeList               0x0800373d   Thumb Code    72  heap_4.o(.text)
    prvHeapInit                              0x080038cd   Thumb Code    66  heap_4.o(.text)
    .text                                    0x08003950   Section        0  mp_cmdp_hostif.o(.text)
    dl_list_empty                            0x08003999   Thumb Code    14  mp_cmdp_hostif.o(.text)
    .text                                    0x080039ac   Section        0  mp_uart_task.o(.text)
    get_filename                             0x080039ad   Thumb Code    58  mp_uart_task.o(.text)
    uart_send_tx_msg                         0x080039e7   Thumb Code     2  mp_uart_task.o(.text)
    tls_uart_2_rx_task                       0x080039ed   Thumb Code    96  mp_uart_task.o(.text)
    tls_uart_2_tx_task                       0x08003a85   Thumb Code    58  mp_uart_task.o(.text)
    tls_uart_1_rx_task                       0x08003abf   Thumb Code    60  mp_uart_task.o(.text)
    tls_uart2_task_tx_cb                     0x08003afb   Thumb Code    26  mp_uart_task.o(.text)
    tls_uart2_task_rx_cb                     0x08003b15   Thumb Code    26  mp_uart_task.o(.text)
    tls_uart1_task_tx_cb                     0x08003b2f   Thumb Code    28  mp_uart_task.o(.text)
    tls_uart1_task_rx_cb                     0x08003b4b   Thumb Code    60  mp_uart_task.o(.text)
    dl_list_empty                            0x08003c51   Thumb Code    14  mp_uart_task.o(.text)
    parse_data                               0x08003c5f   Thumb Code    88  mp_uart_task.o(.text)
    .text                                    0x08003dbc   Section        0  mp_idle_task.o(.text)
    get_filename                             0x08003dbd   Thumb Code    58  mp_idle_task.o(.text)
    tls_busy_task                            0x08003df7   Thumb Code    46  mp_idle_task.o(.text)
    tls_idle_task                            0x08003e25   Thumb Code    46  mp_idle_task.o(.text)
    .text                                    0x08003ef4   Section        0  basicfunc.o(.text)
    .text                                    0x0800411c   Section        0  mp_uart.o(.text)
    get_filename                             0x0800411d   Thumb Code    58  mp_uart.o(.text)
    tls_uart_tx_cb                           0x080044a9   Thumb Code    52  mp_uart.o(.text)
    tls_uart_tx_chars                        0x08004641   Thumb Code   100  mp_uart.o(.text)
    .text                                    0x080046c4   Section        0  mp_osal_rtos.o(.text)
    .text                                    0x08004900   Section        0  mp_mem.o(.text)
    dl_list_add_tail                         0x08004fb3   Thumb Code    16  mp_mem.o(.text)
    dl_list_del                              0x08004fc3   Thumb Code    20  mp_mem.o(.text)
    dl_list_empty                            0x08004fd7   Thumb Code    14  mp_mem.o(.text)
    .text                                    0x08005048   Section        2  use_no_semi_2.o(.text)
    .text                                    0x0800504a   Section        0  h1_alloc.o(.text)
    .text                                    0x080050a8   Section        0  h1_free.o(.text)
    .text                                    0x080050f8   Section        0  noretval__2printf.o(.text)
    .text                                    0x08005110   Section        0  noretval__2sprintf.o(.text)
    .text                                    0x08005138   Section        0  _printf_pad.o(.text)
    .text                                    0x08005186   Section        0  _printf_str.o(.text)
    .text                                    0x080051d8   Section        0  _printf_dec.o(.text)
    .text                                    0x08005250   Section        0  _printf_hex_int_ptr.o(.text)
    _printf_hex_common                       0x08005251   Thumb Code     0  _printf_hex_int_ptr.o(.text)
    .text                                    0x080052cc   Section        0  __printf_wp.o(.text)
    .text                                    0x080053da   Section        0  strcpy.o(.text)
    .text                                    0x08005422   Section        0  strrchr.o(.text)
    .text                                    0x08005438   Section        0  strlen.o(.text)
    .text                                    0x08005476   Section      138  rt_memcpy_v6.o(.text)
    .text                                    0x08005500   Section       16  aeabi_memset.o(.text)
    .text                                    0x08005510   Section       68  rt_memclr.o(.text)
    .text                                    0x08005554   Section       78  rt_memclr_w.o(.text)
    .text                                    0x080055a2   Section        0  heapauxi.o(.text)
    .text                                    0x080055a8   Section        2  use_no_semi.o(.text)
    .text                                    0x080055ac   Section        8  rt_heap_descriptor_intlibspace.o(.text)
    .text                                    0x080055b4   Section        0  hguard.o(.text)
    .text                                    0x080055b8   Section        0  init_alloc.o(.text)
    .text                                    0x08005642   Section        0  h1_init.o(.text)
    .text                                    0x08005650   Section        0  _printf_intcommon.o(.text)
    .text                                    0x08005704   Section        0  _printf_char_common.o(.text)
    _printf_input_char                       0x08005705   Thumb Code    10  _printf_char_common.o(.text)
    .text                                    0x08005734   Section        0  _sputc.o(.text)
    .text                                    0x0800573e   Section        0  _printf_char.o(.text)
    .text                                    0x0800576c   Section        0  _printf_char_file.o(.text)
    .text                                    0x08005790   Section      100  rt_memcpy_w.o(.text)
    .text                                    0x080057f4   Section        8  libspace.o(.text)
    .text                                    0x080057fc   Section        0  h1_extend.o(.text)
    .text                                    0x08005830   Section        0  ferror.o(.text)
    .text                                    0x08005838   Section        0  defsig_rtmem_outer.o(.text)
    .text                                    0x08005846   Section       74  sys_stackheap_outer.o(.text)
    .text                                    0x08005890   Section        0  exit.o(.text)
    .text                                    0x080058a2   Section        0  defsig_exit.o(.text)
    .text                                    0x080058ac   Section        0  defsig_rtmem_inner.o(.text)
    .text                                    0x080058fc   Section        0  defsig_general.o(.text)
    i._is_digit                              0x0800592e   Section        0  __printf_wp.o(i._is_digit)
    .constdata                               0x0800593c   Section       40  _printf_hex_int_ptr.o(.constdata)
    uc_hextab                                0x0800593c   Data          20  _printf_hex_int_ptr.o(.constdata)
    lc_hextab                                0x08005950   Data          20  _printf_hex_int_ptr.o(.constdata)
    .conststring                             0x08005964   Section      235  mp_mem.o(.conststring)
    .data                                    0x20000000   Section       20  system_stm32f10x.o(.data)
    .data                                    0x20000014   Section        4  delay.o(.data)
    fac_us                                   0x20000014   Data           1  delay.o(.data)
    fac_ms                                   0x20000016   Data           2  delay.o(.data)
    .data                                    0x20000018   Section       24  usart.o(.data)
    COMX                                     0x2000001c   Data          20  usart.o(.data)
    .data                                    0x20000030   Section        4  usart.o(.data)
    .data                                    0x20000034   Section       20  stm32f10x_rcc.o(.data)
    ADCPrescTable                            0x20000034   Data           4  stm32f10x_rcc.o(.data)
    APBAHBPrescTable                         0x20000038   Data          16  stm32f10x_rcc.o(.data)
    .data                                    0x20000048   Section       60  tasks.o(.data)
    uxDeletedTasksWaitingCleanUp             0x2000004c   Data           4  tasks.o(.data)
    uxCurrentNumberOfTasks                   0x20000050   Data           4  tasks.o(.data)
    xTickCount                               0x20000054   Data           4  tasks.o(.data)
    uxTopReadyPriority                       0x20000058   Data           4  tasks.o(.data)
    xSchedulerRunning                        0x2000005c   Data           4  tasks.o(.data)
    uxPendedTicks                            0x20000060   Data           4  tasks.o(.data)
    xYieldPending                            0x20000064   Data           4  tasks.o(.data)
    xNumOfOverflows                          0x20000068   Data           4  tasks.o(.data)
    uxTaskNumber                             0x2000006c   Data           4  tasks.o(.data)
    xNextTaskUnblockTime                     0x20000070   Data           4  tasks.o(.data)
    xIdleTaskHandle                          0x20000074   Data           4  tasks.o(.data)
    uxSchedulerSuspended                     0x20000078   Data           4  tasks.o(.data)
    pxDelayedTaskList                        0x2000007c   Data           4  tasks.o(.data)
    pxOverflowDelayedTaskList                0x20000080   Data           4  tasks.o(.data)
    .data                                    0x20000084   Section       20  timers.o(.data)
    xTimerQueue                              0x20000084   Data           4  timers.o(.data)
    xTimerTaskHandle                         0x20000088   Data           4  timers.o(.data)
    xLastTime                                0x2000008c   Data           4  timers.o(.data)
    pxCurrentTimerList                       0x20000090   Data           4  timers.o(.data)
    pxOverflowTimerList                      0x20000094   Data           4  timers.o(.data)
    .data                                    0x20000098   Section       12  port.o(.data)
    ucMaxSysCallPriority                     0x20000098   Data           1  port.o(.data)
    uxCriticalNesting                        0x2000009c   Data           4  port.o(.data)
    ulMaxPRIGROUPValue                       0x200000a0   Data           4  port.o(.data)
    .data                                    0x200000a4   Section       24  heap_4.o(.data)
    pxEnd                                    0x200000a4   Data           4  heap_4.o(.data)
    xFreeBytesRemaining                      0x200000a8   Data           4  heap_4.o(.data)
    xMinimumEverFreeBytesRemaining           0x200000ac   Data           4  heap_4.o(.data)
    xBlockAllocatedBit                       0x200000b0   Data           4  heap_4.o(.data)
    xStart                                   0x200000b4   Data           8  heap_4.o(.data)
    .data                                    0x200000bc   Section      100  mp_uart_task.o(.data)
    debug_str                                0x200000bc   Data         100  mp_uart_task.o(.data)
    .data                                    0x20000120   Section      100  mp_idle_task.o(.data)
    debug_str                                0x20000120   Data         100  mp_idle_task.o(.data)
    .data                                    0x20000184   Section      120  mp_uart.o(.data)
    debug_str                                0x20000184   Data         100  mp_uart.o(.data)
    COMX                                     0x200001e8   Data          20  mp_uart.o(.data)
    .data                                    0x200001fc   Section       36  mp_mem.o(.data)
    .bss                                     0x20000220   Section       64  queue.o(.bss)
    .bss                                     0x20000260   Section      740  tasks.o(.bss)
    pxReadyTasksLists                        0x20000260   Data         640  tasks.o(.bss)
    xDelayedTaskList1                        0x200004e0   Data          20  tasks.o(.bss)
    xDelayedTaskList2                        0x200004f4   Data          20  tasks.o(.bss)
    xPendingReadyList                        0x20000508   Data          20  tasks.o(.bss)
    xTasksWaitingTermination                 0x2000051c   Data          20  tasks.o(.bss)
    xSuspendedTaskList                       0x20000530   Data          20  tasks.o(.bss)
    .bss                                     0x20000544   Section       40  timers.o(.bss)
    xActiveTimerList1                        0x20000544   Data          20  timers.o(.bss)
    xActiveTimerList2                        0x20000558   Data          20  timers.o(.bss)
    .bss                                     0x2000056c   Section    20480  heap_4.o(.bss)
    ucHeap                                   0x2000056c   Data       20480  heap_4.o(.bss)
    .bss                                     0x2000556c   Section       60  mp_cmdp_hostif.o(.bss)
    .bss                                     0x200055a8   Section       64  mp_uart_task.o(.bss)
    .bss                                     0x200055e8   Section      264  mp_uart.o(.bss)
    .bss                                     0x200056f0   Section     5600  mp_mem.o(.bss)
    .bss                                     0x20006cd0   Section       96  libspace.o(.bss)
    HEAP                                     0x20006d30   Section      512  startup_stm32f10x_hd.o(HEAP)
    Heap_Mem                                 0x20006d30   Data         512  startup_stm32f10x_hd.o(HEAP)
    STACK                                    0x20006f30   Section     1024  startup_stm32f10x_hd.o(STACK)
    Stack_Mem                                0x20006f30   Data        1024  startup_stm32f10x_hd.o(STACK)
    __initial_sp                             0x20007330   Data           0  startup_stm32f10x_hd.o(STACK)

    Global Symbols

    Symbol Name                              Value     Ov Type        Size  Object(Section)

    BuildAttributes$$THM_ISAv4$P$D$K$B$S$PE$A:L22UL41UL21$X:L11$S22US41US21$IEEE1$IW$USESV6$~STKCKD$USESV7$~SHL$OTIME$ROPI$EBA8$UX$STANDARDLIB$REQ8$PRES8$EABIv2 0x00000000   Number         0  anon$$obj.o ABSOLUTE
    __ARM_use_no_argv                        0x00000000   Number         0  main.o ABSOLUTE
    _printf_flags                            0x00000000   Number         0  printf_stubs.o ABSOLUTE
    _printf_return_value                     0x00000000   Number         0  printf_stubs.o ABSOLUTE
    _printf_sizespec                         0x00000000   Number         0  printf_stubs.o ABSOLUTE
    _printf_widthprec                        0x00000000   Number         0  printf_stubs.o ABSOLUTE
    __ARM_exceptions_init                     - Undefined Weak Reference
    __alloca_initialize                       - Undefined Weak Reference
    __arm_preinit_                            - Undefined Weak Reference
    __cpp_initialize__aeabi_                  - Undefined Weak Reference
    __cxa_finalize                            - Undefined Weak Reference
    __rt_locale                               - Undefined Weak Reference
    __sigvec_lookup                           - Undefined Weak Reference
    __user_heap_extent                        - Undefined Weak Reference
    _atexit_init                              - Undefined Weak Reference
    _call_atexit_fns                          - Undefined Weak Reference
    _clock_init                               - Undefined Weak Reference
    _fp_trap_init                             - Undefined Weak Reference
    _fp_trap_shutdown                         - Undefined Weak Reference
    _get_lc_collate                           - Undefined Weak Reference
    _get_lc_ctype                             - Undefined Weak Reference
    _get_lc_monetary                          - Undefined Weak Reference
    _get_lc_numeric                           - Undefined Weak Reference
    _get_lc_time                              - Undefined Weak Reference
    _getenv_init                              - Undefined Weak Reference
    _handle_redirection                       - Undefined Weak Reference
    _initio                                   - Undefined Weak Reference
    _mutex_acquire                            - Undefined Weak Reference
    _mutex_free                               - Undefined Weak Reference
    _mutex_release                            - Undefined Weak Reference
    _printf_mbtowc                            - Undefined Weak Reference
    _printf_truncate_signed                   - Undefined Weak Reference
    _printf_truncate_unsigned                 - Undefined Weak Reference
    _rand_init                                - Undefined Weak Reference
    _signal_finish                            - Undefined Weak Reference
    _signal_init                              - Undefined Weak Reference
    _terminateio                              - Undefined Weak Reference
    __Vectors_Size                           0x00000130   Number         0  startup_stm32f10x_hd.o ABSOLUTE
    __Vectors                                0x08000000   Data           4  startup_stm32f10x_hd.o(RESET)
    __Vectors_End                            0x08000130   Data           0  startup_stm32f10x_hd.o(RESET)
    __main                                   0x08000131   Thumb Code     8  __main.o(!!!main)
    __scatterload                            0x08000139   Thumb Code     0  __scatter.o(!!!scatter)
    __scatterload_rt2                        0x08000139   Thumb Code    44  __scatter.o(!!!scatter)
    __scatterload_rt2_thumb_only             0x08000139   Thumb Code     0  __scatter.o(!!!scatter)
    __scatterload_null                       0x08000147   Thumb Code     0  __scatter.o(!!!scatter)
    __decompress                             0x0800016d   Thumb Code    90  __dczerorl2.o(!!dczerorl2)
    __decompress1                            0x0800016d   Thumb Code     0  __dczerorl2.o(!!dczerorl2)
    __scatterload_zeroinit                   0x080001c9   Thumb Code    28  __scatter_zi.o(!!handler_zi)
    _printf_p                                0x080001e5   Thumb Code     0  _printf_p.o(.ARM.Collect$$_printf_percent$$00000002)
    _printf_percent                          0x080001e5   Thumb Code     0  _printf_percent.o(.ARM.Collect$$_printf_percent$$00000000)
    _printf_d                                0x080001eb   Thumb Code     0  _printf_d.o(.ARM.Collect$$_printf_percent$$00000009)
    _printf_u                                0x080001f1   Thumb Code     0  _printf_u.o(.ARM.Collect$$_printf_percent$$0000000A)
    _printf_x                                0x080001f7   Thumb Code     0  _printf_x.o(.ARM.Collect$$_printf_percent$$0000000C)
    _printf_c                                0x080001fd   Thumb Code     0  _printf_c.o(.ARM.Collect$$_printf_percent$$00000013)
    _printf_s                                0x08000203   Thumb Code     0  _printf_s.o(.ARM.Collect$$_printf_percent$$00000014)
    _printf_percent_end                      0x08000209   Thumb Code     0  _printf_percent_end.o(.ARM.Collect$$_printf_percent$$00000017)
    __rt_lib_init                            0x0800020d   Thumb Code     0  libinit.o(.ARM.Collect$$libinit$$00000000)
    __rt_lib_init_fp_1                       0x0800020f   Thumb Code     0  libinit2.o(.ARM.Collect$$libinit$$00000002)
    __rt_lib_init_heap_2                     0x0800020f   Thumb Code     0  libinit2.o(.ARM.Collect$$libinit$$00000005)
    __rt_lib_init_preinit_1                  0x0800020f   Thumb Code     0  libinit2.o(.ARM.Collect$$libinit$$00000004)
    __rt_lib_init_alloca_1                   0x08000217   Thumb Code     0  libinit2.o(.ARM.Collect$$libinit$$0000002E)
    __rt_lib_init_argv_1                     0x08000217   Thumb Code     0  libinit2.o(.ARM.Collect$$libinit$$0000002C)
    __rt_lib_init_atexit_1                   0x08000217   Thumb Code     0  libinit2.o(.ARM.Collect$$libinit$$0000001B)
    __rt_lib_init_clock_1                    0x08000217   Thumb Code     0  libinit2.o(.ARM.Collect$$libinit$$00000021)
    __rt_lib_init_cpp_1                      0x08000217   Thumb Code     0  libinit2.o(.ARM.Collect$$libinit$$00000032)
    __rt_lib_init_exceptions_1               0x08000217   Thumb Code     0  libinit2.o(.ARM.Collect$$libinit$$00000030)
    __rt_lib_init_fp_trap_1                  0x08000217   Thumb Code     0  libinit2.o(.ARM.Collect$$libinit$$0000001F)
    __rt_lib_init_getenv_1                   0x08000217   Thumb Code     0  libinit2.o(.ARM.Collect$$libinit$$00000023)
    __rt_lib_init_heap_1                     0x08000217   Thumb Code     0  libinit2.o(.ARM.Collect$$libinit$$0000000A)
    __rt_lib_init_lc_collate_1               0x08000217   Thumb Code     0  libinit2.o(.ARM.Collect$$libinit$$00000011)
    __rt_lib_init_lc_ctype_1                 0x08000217   Thumb Code     0  libinit2.o(.ARM.Collect$$libinit$$00000013)
    __rt_lib_init_lc_monetary_1              0x08000217   Thumb Code     0  libinit2.o(.ARM.Collect$$libinit$$00000015)
    __rt_lib_init_lc_numeric_1               0x08000217   Thumb Code     0  libinit2.o(.ARM.Collect$$libinit$$00000017)
    __rt_lib_init_lc_time_1                  0x08000217   Thumb Code     0  libinit2.o(.ARM.Collect$$libinit$$00000019)
    __rt_lib_init_rand_1                     0x08000217   Thumb Code     0  libinit2.o(.ARM.Collect$$libinit$$0000000E)
    __rt_lib_init_return                     0x08000217   Thumb Code     0  libinit2.o(.ARM.Collect$$libinit$$00000033)
    __rt_lib_init_signal_1                   0x08000217   Thumb Code     0  libinit2.o(.ARM.Collect$$libinit$$0000001D)
    __rt_lib_init_stdio_1                    0x08000217   Thumb Code     0  libinit2.o(.ARM.Collect$$libinit$$00000025)
    __rt_lib_init_user_alloc_1               0x08000217   Thumb Code     0  libinit2.o(.ARM.Collect$$libinit$$0000000C)
    __rt_lib_shutdown                        0x08000219   Thumb Code     0  libshutdown.o(.ARM.Collect$$libshutdown$$00000000)
    __rt_lib_shutdown_cpp_1                  0x0800021b   Thumb Code     0  libshutdown2.o(.ARM.Collect$$libshutdown$$00000002)
    __rt_lib_shutdown_fp_trap_1              0x0800021b   Thumb Code     0  libshutdown2.o(.ARM.Collect$$libshutdown$$00000007)
    __rt_lib_shutdown_heap_1                 0x0800021b   Thumb Code     0  libshutdown2.o(.ARM.Collect$$libshutdown$$0000000F)
    __rt_lib_shutdown_return                 0x0800021b   Thumb Code     0  libshutdown2.o(.ARM.Collect$$libshutdown$$00000010)
    __rt_lib_shutdown_signal_1               0x0800021b   Thumb Code     0  libshutdown2.o(.ARM.Collect$$libshutdown$$0000000A)
    __rt_lib_shutdown_stdio_1                0x0800021b   Thumb Code     0  libshutdown2.o(.ARM.Collect$$libshutdown$$00000004)
    __rt_lib_shutdown_user_alloc_1           0x0800021b   Thumb Code     0  libshutdown2.o(.ARM.Collect$$libshutdown$$0000000C)
    __rt_entry                               0x0800021d   Thumb Code     0  __rtentry.o(.ARM.Collect$$rtentry$$00000000)
    __rt_entry_presh_1                       0x0800021d   Thumb Code     0  __rtentry2.o(.ARM.Collect$$rtentry$$00000002)
    __rt_entry_sh                            0x0800021d   Thumb Code     0  __rtentry4.o(.ARM.Collect$$rtentry$$00000004)
    __rt_entry_li                            0x08000223   Thumb Code     0  __rtentry2.o(.ARM.Collect$$rtentry$$0000000A)
    __rt_entry_postsh_1                      0x08000223   Thumb Code     0  __rtentry2.o(.ARM.Collect$$rtentry$$00000009)
    __rt_entry_main                          0x08000227   Thumb Code     0  __rtentry2.o(.ARM.Collect$$rtentry$$0000000D)
    __rt_entry_postli_1                      0x08000227   Thumb Code     0  __rtentry2.o(.ARM.Collect$$rtentry$$0000000C)
    __rt_exit                                0x0800022f   Thumb Code     0  rtexit.o(.ARM.Collect$$rtexit$$00000000)
    __rt_exit_ls                             0x08000231   Thumb Code     0  rtexit2.o(.ARM.Collect$$rtexit$$00000003)
    __rt_exit_prels_1                        0x08000231   Thumb Code     0  rtexit2.o(.ARM.Collect$$rtexit$$00000002)
    __rt_exit_exit                           0x08000235   Thumb Code     0  rtexit2.o(.ARM.Collect$$rtexit$$00000004)
    SVC_Handler                              0x0800023d   Thumb Code    32  port.o(.emb_text)
    __asm___6_port_c_39a90d8d__prvStartFirstTask 0x08000261   Thumb Code    28  port.o(.emb_text)
    PendSV_Handler                           0x08000281   Thumb Code    72  port.o(.emb_text)
    vPortGetIPSR                             0x080002cd   Thumb Code     6  port.o(.emb_text)
    _maybe_terminate_alloc                   0x080002d5   Thumb Code     0  maybetermalloc1.o(.emb_text)
    main                                     0x080002d5   Thumb Code    18  main.o(.text)
    NMI_Handler                              0x080002e7   Thumb Code     2  stm32f10x_it.o(.text)
    HardFault_Handler                        0x080002e9   Thumb Code     2  stm32f10x_it.o(.text)
    MemManage_Handler                        0x080002eb   Thumb Code     2  stm32f10x_it.o(.text)
    BusFault_Handler                         0x080002ed   Thumb Code     2  stm32f10x_it.o(.text)
    UsageFault_Handler                       0x080002ef   Thumb Code     2  stm32f10x_it.o(.text)
    DebugMon_Handler                         0x080002f1   Thumb Code     2  stm32f10x_it.o(.text)
    SystemInit                               0x08000395   Thumb Code    64  system_stm32f10x.o(.text)
    SystemCoreClockUpdate                    0x080003d5   Thumb Code    86  system_stm32f10x.o(.text)
    app_init                                 0x0800044d   Thumb Code    18  app.o(.text)
    platformInit                             0x0800045f   Thumb Code    18  platform.o(.text)
    SysTick_Handler                          0x08000471   Thumb Code    20  delay.o(.text)
    delay_init                               0x08000485   Thumb Code    60  delay.o(.text)
    delay_us                                 0x080004c1   Thumb Code    48  delay.o(.text)
    delay_ms                                 0x080004f1   Thumb Code    50  delay.o(.text)
    delay_xms                                0x08000523   Thumb Code    26  delay.o(.text)
    _sys_exit                                0x08000549   Thumb Code     2  usart.o(.text)
    fputc                                    0x0800054b   Thumb Code    18  usart.o(.text)
    _ttywrch                                 0x0800055d   Thumb Code     2  usart.o(.text)
    STM32_USART1_GPIOConfig                  0x0800055f   Thumb Code   142  usart.o(.text)
    STM32_USART2_GPIOConfig                  0x080005ed   Thumb Code   112  usart.o(.text)
    STM32_USART3_GPIOConfig                  0x0800065d   Thumb Code   114  usart.o(.text)
    STM32_USART5_GPIOConfig                  0x080006cf   Thumb Code    94  usart.o(.text)
    Uart_SendByte                            0x0800072d   Thumb Code    16  usart.o(.text)
    Uart_SendData                            0x0800073d   Thumb Code    28  usart.o(.text)
    tls_uart_rx_disable                      0x08000759   Thumb Code    18  usart.o(.text)
    tls_uart_rx_enable                       0x0800076b   Thumb Code    18  usart.o(.text)
    tls_uart_tx_disable                      0x0800077d   Thumb Code    18  usart.o(.text)
    tls_uart_tx_enable                       0x0800078f   Thumb Code    18  usart.o(.text)
    USART1_IRQHandler                        0x080007a1   Thumb Code   120  usart.o(.text)
    tls_get_usrt1_isr_count                  0x08000819   Thumb Code     6  usart.o(.text)
    USART2_IRQHandler                        0x0800081f   Thumb Code    62  usart.o(.text)
    Reset_Handler                            0x08000879   Thumb Code     8  startup_stm32f10x_hd.o(.text)
    ADC1_2_IRQHandler                        0x08000893   Thumb Code     0  startup_stm32f10x_hd.o(.text)
    ADC3_IRQHandler                          0x08000893   Thumb Code     0  startup_stm32f10x_hd.o(.text)
    CAN1_RX1_IRQHandler                      0x08000893   Thumb Code     0  startup_stm32f10x_hd.o(.text)
    CAN1_SCE_IRQHandler                      0x08000893   Thumb Code     0  startup_stm32f10x_hd.o(.text)
    DMA1_Channel1_IRQHandler                 0x08000893   Thumb Code     0  startup_stm32f10x_hd.o(.text)
    DMA1_Channel2_IRQHandler                 0x08000893   Thumb Code     0  startup_stm32f10x_hd.o(.text)
    DMA1_Channel3_IRQHandler                 0x08000893   Thumb Code     0  startup_stm32f10x_hd.o(.text)
    DMA1_Channel4_IRQHandler                 0x08000893   Thumb Code     0  startup_stm32f10x_hd.o(.text)
    DMA1_Channel5_IRQHandler                 0x08000893   Thumb Code     0  startup_stm32f10x_hd.o(.text)
    DMA1_Channel6_IRQHandler                 0x08000893   Thumb Code     0  startup_stm32f10x_hd.o(.text)
    DMA1_Channel7_IRQHandler                 0x08000893   Thumb Code     0  startup_stm32f10x_hd.o(.text)
    DMA2_Channel1_IRQHandler                 0x08000893   Thumb Code     0  startup_stm32f10x_hd.o(.text)
    DMA2_Channel2_IRQHandler                 0x08000893   Thumb Code     0  startup_stm32f10x_hd.o(.text)
    DMA2_Channel3_IRQHandler                 0x08000893   Thumb Code     0  startup_stm32f10x_hd.o(.text)
    DMA2_Channel4_5_IRQHandler               0x08000893   Thumb Code     0  startup_stm32f10x_hd.o(.text)
    EXTI0_IRQHandler                         0x08000893   Thumb Code     0  startup_stm32f10x_hd.o(.text)
    EXTI15_10_IRQHandler                     0x08000893   Thumb Code     0  startup_stm32f10x_hd.o(.text)
    EXTI1_IRQHandler                         0x08000893   Thumb Code     0  startup_stm32f10x_hd.o(.text)
    EXTI2_IRQHandler                         0x08000893   Thumb Code     0  startup_stm32f10x_hd.o(.text)
    EXTI3_IRQHandler                         0x08000893   Thumb Code     0  startup_stm32f10x_hd.o(.text)
    EXTI4_IRQHandler                         0x08000893   Thumb Code     0  startup_stm32f10x_hd.o(.text)
    EXTI9_5_IRQHandler                       0x08000893   Thumb Code     0  startup_stm32f10x_hd.o(.text)
    FLASH_IRQHandler                         0x08000893   Thumb Code     0  startup_stm32f10x_hd.o(.text)
    FSMC_IRQHandler                          0x08000893   Thumb Code     0  startup_stm32f10x_hd.o(.text)
    I2C1_ER_IRQHandler                       0x08000893   Thumb Code     0  startup_stm32f10x_hd.o(.text)
    I2C1_EV_IRQHandler                       0x08000893   Thumb Code     0  startup_stm32f10x_hd.o(.text)
    I2C2_ER_IRQHandler                       0x08000893   Thumb Code     0  startup_stm32f10x_hd.o(.text)
    I2C2_EV_IRQHandler                       0x08000893   Thumb Code     0  startup_stm32f10x_hd.o(.text)
    PVD_IRQHandler                           0x08000893   Thumb Code     0  startup_stm32f10x_hd.o(.text)
    RCC_IRQHandler                           0x08000893   Thumb Code     0  startup_stm32f10x_hd.o(.text)
    RTCAlarm_IRQHandler                      0x08000893   Thumb Code     0  startup_stm32f10x_hd.o(.text)
    RTC_IRQHandler                           0x08000893   Thumb Code     0  startup_stm32f10x_hd.o(.text)
    SDIO_IRQHandler                          0x08000893   Thumb Code     0  startup_stm32f10x_hd.o(.text)
    SPI1_IRQHandler                          0x08000893   Thumb Code     0  startup_stm32f10x_hd.o(.text)
    SPI2_IRQHandler                          0x08000893   Thumb Code     0  startup_stm32f10x_hd.o(.text)
    SPI3_IRQHandler                          0x08000893   Thumb Code     0  startup_stm32f10x_hd.o(.text)
    TAMPER_IRQHandler                        0x08000893   Thumb Code     0  startup_stm32f10x_hd.o(.text)
    TIM1_BRK_IRQHandler                      0x08000893   Thumb Code     0  startup_stm32f10x_hd.o(.text)
    TIM1_CC_IRQHandler                       0x08000893   Thumb Code     0  startup_stm32f10x_hd.o(.text)
    TIM1_TRG_COM_IRQHandler                  0x08000893   Thumb Code     0  startup_stm32f10x_hd.o(.text)
    TIM1_UP_IRQHandler                       0x08000893   Thumb Code     0  startup_stm32f10x_hd.o(.text)
    TIM2_IRQHandler                          0x08000893   Thumb Code     0  startup_stm32f10x_hd.o(.text)
    TIM3_IRQHandler                          0x08000893   Thumb Code     0  startup_stm32f10x_hd.o(.text)
    TIM4_IRQHandler                          0x08000893   Thumb Code     0  startup_stm32f10x_hd.o(.text)
    TIM5_IRQHandler                          0x08000893   Thumb Code     0  startup_stm32f10x_hd.o(.text)
    TIM6_IRQHandler                          0x08000893   Thumb Code     0  startup_stm32f10x_hd.o(.text)
    TIM7_IRQHandler                          0x08000893   Thumb Code     0  startup_stm32f10x_hd.o(.text)
    TIM8_BRK_IRQHandler                      0x08000893   Thumb Code     0  startup_stm32f10x_hd.o(.text)
    TIM8_CC_IRQHandler                       0x08000893   Thumb Code     0  startup_stm32f10x_hd.o(.text)
    TIM8_TRG_COM_IRQHandler                  0x08000893   Thumb Code     0  startup_stm32f10x_hd.o(.text)
    TIM8_UP_IRQHandler                       0x08000893   Thumb Code     0  startup_stm32f10x_hd.o(.text)
    UART4_IRQHandler                         0x08000893   Thumb Code     0  startup_stm32f10x_hd.o(.text)
    UART5_IRQHandler                         0x08000893   Thumb Code     0  startup_stm32f10x_hd.o(.text)
    USART3_IRQHandler                        0x08000893   Thumb Code     0  startup_stm32f10x_hd.o(.text)
    USBWakeUp_IRQHandler                     0x08000893   Thumb Code     0  startup_stm32f10x_hd.o(.text)
    USB_HP_CAN1_TX_IRQHandler                0x08000893   Thumb Code     0  startup_stm32f10x_hd.o(.text)
    USB_LP_CAN1_RX0_IRQHandler               0x08000893   Thumb Code     0  startup_stm32f10x_hd.o(.text)
    WWDG_IRQHandler                          0x08000893   Thumb Code     0  startup_stm32f10x_hd.o(.text)
    __user_initial_stackheap                 0x08000895   Thumb Code     0  startup_stm32f10x_hd.o(.text)
    NVIC_PriorityGroupConfig                 0x080008b9   Thumb Code    10  misc.o(.text)
    NVIC_Init                                0x080008c3   Thumb Code    94  misc.o(.text)
    NVIC_SetVectorTable                      0x08000921   Thumb Code    14  misc.o(.text)
    NVIC_SystemLPConfig                      0x0800092f   Thumb Code    20  misc.o(.text)
    SysTick_CLKSourceConfig                  0x08000943   Thumb Code    24  misc.o(.text)
    GPIO_DeInit                              0x08000969   Thumb Code   152  stm32f10x_gpio.o(.text)
    GPIO_AFIODeInit                          0x08000a01   Thumb Code    22  stm32f10x_gpio.o(.text)
    GPIO_Init                                0x08000a17   Thumb Code   156  stm32f10x_gpio.o(.text)
    GPIO_StructInit                          0x08000ab3   Thumb Code    16  stm32f10x_gpio.o(.text)
    GPIO_ReadInputDataBit                    0x08000ac3   Thumb Code    14  stm32f10x_gpio.o(.text)
    GPIO_ReadInputData                       0x08000ad1   Thumb Code     6  stm32f10x_gpio.o(.text)
    GPIO_ReadOutputDataBit                   0x08000ad7   Thumb Code    14  stm32f10x_gpio.o(.text)
    GPIO_ReadOutputData                      0x08000ae5   Thumb Code     6  stm32f10x_gpio.o(.text)
    GPIO_SetBits                             0x08000aeb   Thumb Code     4  stm32f10x_gpio.o(.text)
    GPIO_ResetBits                           0x08000aef   Thumb Code     4  stm32f10x_gpio.o(.text)
    GPIO_WriteBit                            0x08000af3   Thumb Code    10  stm32f10x_gpio.o(.text)
    GPIO_Write                               0x08000afd   Thumb Code     4  stm32f10x_gpio.o(.text)
    GPIO_PinLockConfig                       0x08000b01   Thumb Code    16  stm32f10x_gpio.o(.text)
    GPIO_EventOutputConfig                   0x08000b11   Thumb Code    22  stm32f10x_gpio.o(.text)
    GPIO_EventOutputCmd                      0x08000b27   Thumb Code     6  stm32f10x_gpio.o(.text)
    GPIO_PinRemapConfig                      0x08000b2d   Thumb Code    82  stm32f10x_gpio.o(.text)
    GPIO_EXTILineConfig                      0x08000b7f   Thumb Code    34  stm32f10x_gpio.o(.text)
    GPIO_ETH_MediaInterfaceConfig            0x08000ba1   Thumb Code     8  stm32f10x_gpio.o(.text)
    RCC_DeInit                               0x08000bcd   Thumb Code    50  stm32f10x_rcc.o(.text)
    RCC_HSEConfig                            0x08000bff   Thumb Code    48  stm32f10x_rcc.o(.text)
    RCC_GetFlagStatus                        0x08000c2f   Thumb Code    42  stm32f10x_rcc.o(.text)
    RCC_WaitForHSEStartUp                    0x08000c59   Thumb Code    44  stm32f10x_rcc.o(.text)
    RCC_AdjustHSICalibrationValue            0x08000c85   Thumb Code    16  stm32f10x_rcc.o(.text)
    RCC_HSICmd                               0x08000c95   Thumb Code     6  stm32f10x_rcc.o(.text)
    RCC_PLLConfig                            0x08000c9b   Thumb Code    16  stm32f10x_rcc.o(.text)
    RCC_PLLCmd                               0x08000cab   Thumb Code     6  stm32f10x_rcc.o(.text)
    RCC_SYSCLKConfig                         0x08000cb1   Thumb Code    14  stm32f10x_rcc.o(.text)
    RCC_GetSYSCLKSource                      0x08000cbf   Thumb Code    10  stm32f10x_rcc.o(.text)
    RCC_HCLKConfig                           0x08000cc9   Thumb Code    14  stm32f10x_rcc.o(.text)
    RCC_PCLK1Config                          0x08000cd7   Thumb Code    14  stm32f10x_rcc.o(.text)
    RCC_PCLK2Config                          0x08000ce5   Thumb Code    16  stm32f10x_rcc.o(.text)
    RCC_ITConfig                             0x08000cf5   Thumb Code    18  stm32f10x_rcc.o(.text)
    RCC_USBCLKConfig                         0x08000d07   Thumb Code     8  stm32f10x_rcc.o(.text)
    RCC_ADCCLKConfig                         0x08000d0f   Thumb Code    14  stm32f10x_rcc.o(.text)
    RCC_LSEConfig                            0x08000d1d   Thumb Code    28  stm32f10x_rcc.o(.text)
    RCC_LSICmd                               0x08000d39   Thumb Code     6  stm32f10x_rcc.o(.text)
    RCC_RTCCLKConfig                         0x08000d3f   Thumb Code    10  stm32f10x_rcc.o(.text)
    RCC_RTCCLKCmd                            0x08000d49   Thumb Code     8  stm32f10x_rcc.o(.text)
    RCC_GetClocksFreq                        0x08000d51   Thumb Code   132  stm32f10x_rcc.o(.text)
    RCC_AHBPeriphClockCmd                    0x08000dd5   Thumb Code    18  stm32f10x_rcc.o(.text)
    RCC_APB2PeriphClockCmd                   0x08000de7   Thumb Code    18  stm32f10x_rcc.o(.text)
    RCC_APB1PeriphClockCmd                   0x08000df9   Thumb Code    18  stm32f10x_rcc.o(.text)
    RCC_APB2PeriphResetCmd                   0x08000e0b   Thumb Code    18  stm32f10x_rcc.o(.text)
    RCC_APB1PeriphResetCmd                   0x08000e1d   Thumb Code    18  stm32f10x_rcc.o(.text)
    RCC_BackupResetCmd                       0x08000e2f   Thumb Code     8  stm32f10x_rcc.o(.text)
    RCC_ClockSecuritySystemCmd               0x08000e37   Thumb Code     6  stm32f10x_rcc.o(.text)
    RCC_MCOConfig                            0x08000e3d   Thumb Code     6  stm32f10x_rcc.o(.text)
    RCC_ClearFlag                            0x08000e43   Thumb Code    12  stm32f10x_rcc.o(.text)
    RCC_GetITStatus                          0x08000e4f   Thumb Code    16  stm32f10x_rcc.o(.text)
    RCC_ClearITPendingBit                    0x08000e5f   Thumb Code     6  stm32f10x_rcc.o(.text)
    USART_DeInit                             0x08000e85   Thumb Code    96  stm32f10x_usart.o(.text)
    USART_Init                               0x08000ee5   Thumb Code   166  stm32f10x_usart.o(.text)
    USART_StructInit                         0x08000f8b   Thumb Code    22  stm32f10x_usart.o(.text)
    USART_ClockInit                          0x08000fa1   Thumb Code    30  stm32f10x_usart.o(.text)
    USART_ClockStructInit                    0x08000fbf   Thumb Code    12  stm32f10x_usart.o(.text)
    USART_Cmd                                0x08000fcb   Thumb Code    20  stm32f10x_usart.o(.text)
    USART_ITConfig                           0x08000fdf   Thumb Code    48  stm32f10x_usart.o(.text)
    USART_DMACmd                             0x0800100f   Thumb Code    16  stm32f10x_usart.o(.text)
    USART_SetAddress                         0x0800101f   Thumb Code    16  stm32f10x_usart.o(.text)
    USART_WakeUpConfig                       0x0800102f   Thumb Code    16  stm32f10x_usart.o(.text)
    USART_ReceiverWakeUpCmd                  0x0800103f   Thumb Code    20  stm32f10x_usart.o(.text)
    USART_LINBreakDetectLengthConfig         0x08001053   Thumb Code    16  stm32f10x_usart.o(.text)
    USART_LINCmd                             0x08001063   Thumb Code    20  stm32f10x_usart.o(.text)
    USART_SendData                           0x08001077   Thumb Code     8  stm32f10x_usart.o(.text)
    USART_ReceiveData                        0x0800107f   Thumb Code     8  stm32f10x_usart.o(.text)
    USART_SendBreak                          0x08001087   Thumb Code    10  stm32f10x_usart.o(.text)
    USART_SetGuardTime                       0x08001091   Thumb Code    16  stm32f10x_usart.o(.text)
    USART_SetPrescaler                       0x080010a1   Thumb Code    16  stm32f10x_usart.o(.text)
    USART_SmartCardCmd                       0x080010b1   Thumb Code    20  stm32f10x_usart.o(.text)
    USART_SmartCardNACKCmd                   0x080010c5   Thumb Code    20  stm32f10x_usart.o(.text)
    USART_HalfDuplexCmd                      0x080010d9   Thumb Code    20  stm32f10x_usart.o(.text)
    USART_OverSampling8Cmd                   0x080010ed   Thumb Code    20  stm32f10x_usart.o(.text)
    USART_OneBitMethodCmd                    0x08001101   Thumb Code    20  stm32f10x_usart.o(.text)
    USART_IrDAConfig                         0x08001115   Thumb Code    16  stm32f10x_usart.o(.text)
    USART_IrDACmd                            0x08001125   Thumb Code    20  stm32f10x_usart.o(.text)
    USART_GetFlagStatus                      0x08001139   Thumb Code    14  stm32f10x_usart.o(.text)
    USART_ClearFlag                          0x08001147   Thumb Code     6  stm32f10x_usart.o(.text)
    USART_GetITStatus                        0x0800114d   Thumb Code    62  stm32f10x_usart.o(.text)
    USART_ClearITPendingBit                  0x0800118b   Thumb Code    12  stm32f10x_usart.o(.text)
    vListInitialise                          0x080011ad   Thumb Code    22  list.o(.text)
    vListInitialiseItem                      0x080011c3   Thumb Code     6  list.o(.text)
    vListInsertEnd                           0x080011c9   Thumb Code    24  list.o(.text)
    vListInsert                              0x080011e1   Thumb Code    48  list.o(.text)
    uxListRemove                             0x08001211   Thumb Code    36  list.o(.text)
    xQueueGenericReset                       0x08001235   Thumb Code   128  queue.o(.text)
    xQueueGenericCreate                      0x080012b5   Thumb Code    82  queue.o(.text)
    xQueueGenericSend                        0x08001455   Thumb Code   350  queue.o(.text)
    xQueueCreateMutex                        0x080015b3   Thumb Code    36  queue.o(.text)
    xQueueGiveMutexRecursive                 0x080015d7   Thumb Code    98  queue.o(.text)
    xQueueGenericReceive                     0x0800165f   Thumb Code   356  queue.o(.text)
    xQueueTakeMutexRecursive                 0x080017c3   Thumb Code    68  queue.o(.text)
    xQueueCreateCountingSemaphore            0x08001807   Thumb Code    62  queue.o(.text)
    xQueueGenericSendFromISR                 0x08001845   Thumb Code   200  queue.o(.text)
    xQueueGiveFromISR                        0x0800190d   Thumb Code   172  queue.o(.text)
    xQueueReceiveFromISR                     0x080019b9   Thumb Code   150  queue.o(.text)
    xQueuePeekFromISR                        0x08001a4f   Thumb Code   114  queue.o(.text)
    uxQueueMessagesWaiting                   0x08001ac1   Thumb Code    36  queue.o(.text)
    uxQueueSpacesAvailable                   0x08001ae5   Thumb Code    40  queue.o(.text)
    uxQueueMessagesWaitingFromISR            0x08001b0d   Thumb Code    26  queue.o(.text)
    vQueueUnregisterQueue                    0x08001b27   Thumb Code    36  queue.o(.text)
    vQueueDelete                             0x08001b4b   Thumb Code    38  queue.o(.text)
    uxQueueGetQueueNumber                    0x08001b71   Thumb Code     4  queue.o(.text)
    vQueueSetQueueNumber                     0x08001b75   Thumb Code     4  queue.o(.text)
    ucQueueGetQueueType                      0x08001b79   Thumb Code     6  queue.o(.text)
    xQueueIsQueueEmptyFromISR                0x08001b7f   Thumb Code    34  queue.o(.text)
    xQueueIsQueueFullFromISR                 0x08001ba1   Thumb Code    38  queue.o(.text)
    vQueueAddToRegistry                      0x08001bc7   Thumb Code    32  queue.o(.text)
    pcQueueGetName                           0x08001be7   Thumb Code    34  queue.o(.text)
    vQueueWaitForMessageRestricted           0x08001c09   Thumb Code    68  queue.o(.text)
    xQueueCreateSet                          0x08001c4d   Thumb Code     8  queue.o(.text)
    xQueueAddToSet                           0x08001c55   Thumb Code    34  queue.o(.text)
    xQueueRemoveFromSet                      0x08001c77   Thumb Code    34  queue.o(.text)
    xQueueSelectFromSet                      0x08001c99   Thumb Code    18  queue.o(.text)
    xQueueSelectFromSetFromISR               0x08001cab   Thumb Code    18  queue.o(.text)
    xTaskCreate                              0x08001da1   Thumb Code    86  tasks.o(.text)
    vTaskDelete                              0x08001df7   Thumb Code   154  tasks.o(.text)
    xTaskIncrementTick                       0x08001e91   Thumb Code   186  tasks.o(.text)
    xTaskResumeAll                           0x08001f4b   Thumb Code   182  tasks.o(.text)
    vTaskSuspendAll                          0x08002067   Thumb Code    10  tasks.o(.text)
    vTaskDelayUntil                          0x08002071   Thumb Code   180  tasks.o(.text)
    vTaskDelay                               0x08002125   Thumb Code    66  tasks.o(.text)
    eTaskGetState                            0x08002167   Thumb Code    94  tasks.o(.text)
    uxTaskPriorityGet                        0x080021c5   Thumb Code    24  tasks.o(.text)
    uxTaskPriorityGetFromISR                 0x080021dd   Thumb Code    40  tasks.o(.text)
    vTaskPrioritySet                         0x08002205   Thumb Code   184  tasks.o(.text)
    vTaskSwitchContext                       0x080022bd   Thumb Code    84  tasks.o(.text)
    vTaskSuspend                             0x08002311   Thumb Code   156  tasks.o(.text)
    vTaskResume                              0x080023dd   Thumb Code   116  tasks.o(.text)
    xTaskResumeFromISR                       0x08002451   Thumb Code   126  tasks.o(.text)
    vTaskStartScheduler                      0x080024ed   Thumb Code   130  tasks.o(.text)
    vTaskEndScheduler                        0x0800256f   Thumb Code    24  tasks.o(.text)
    xTaskGetTickCount                        0x08002587   Thumb Code     6  tasks.o(.text)
    xTaskGetTickCountFromISR                 0x0800258d   Thumb Code    12  tasks.o(.text)
    uxTaskGetNumberOfTasks                   0x08002599   Thumb Code     6  tasks.o(.text)
    pcTaskGetName                            0x0800259f   Thumb Code    38  tasks.o(.text)
    vTaskGetInfo                             0x080025c5   Thumb Code   126  tasks.o(.text)
    uxTaskGetSystemState                     0x08002697   Thumb Code   156  tasks.o(.text)
    vTaskPlaceOnEventList                    0x08002733   Thumb Code    46  tasks.o(.text)
    vTaskPlaceOnUnorderedEventList           0x08002761   Thumb Code    78  tasks.o(.text)
    vTaskPlaceOnEventListRestricted          0x080027af   Thumb Code    54  tasks.o(.text)
    xTaskRemoveFromEventList                 0x080027e5   Thumb Code   106  tasks.o(.text)
    xTaskRemoveFromUnorderedEventList        0x0800284f   Thumb Code   116  tasks.o(.text)
    vTaskSetTimeOutState                     0x080028c3   Thumb Code    34  tasks.o(.text)
    xTaskCheckForTimeOut                     0x080028e5   Thumb Code   114  tasks.o(.text)
    vTaskMissedYield                         0x08002957   Thumb Code     8  tasks.o(.text)
    uxTaskGetTaskNumber                      0x0800295f   Thumb Code     8  tasks.o(.text)
    vTaskSetTaskNumber                       0x08002967   Thumb Code     8  tasks.o(.text)
    xTaskGetCurrentTaskHandle                0x0800296f   Thumb Code     6  tasks.o(.text)
    xTaskGetSchedulerState                   0x08002975   Thumb Code    22  tasks.o(.text)
    vTaskPriorityInherit                     0x0800298b   Thumb Code   124  tasks.o(.text)
    xTaskPriorityDisinherit                  0x08002a07   Thumb Code   144  tasks.o(.text)
    vTaskList                                0x08002a97   Thumb Code   188  tasks.o(.text)
    uxTaskResetEventItemValue                0x08002b53   Thumb Code    20  tasks.o(.text)
    pvTaskIncrementMutexHeldCount            0x08002b67   Thumb Code    18  tasks.o(.text)
    ulTaskNotifyTake                         0x08002b79   Thumb Code    96  tasks.o(.text)
    xTaskNotifyWait                          0x08002bd9   Thumb Code   128  tasks.o(.text)
    xTaskGenericNotify                       0x08002c59   Thumb Code   190  tasks.o(.text)
    xTaskGenericNotifyFromISR                0x08002d17   Thumb Code   256  tasks.o(.text)
    vTaskNotifyGiveFromISR                   0x08002e17   Thumb Code   168  tasks.o(.text)
    xTaskNotifyStateClear                    0x08002ebf   Thumb Code    44  tasks.o(.text)
    xTimerGenericCommand                     0x08003061   Thumb Code    98  timers.o(.text)
    xTimerCreateTimerTask                    0x080031e7   Thumb Code    58  timers.o(.text)
    xTimerCreate                             0x08003221   Thumb Code    72  timers.o(.text)
    xTimerGetTimerDaemonTaskHandle           0x08003269   Thumb Code    24  timers.o(.text)
    xTimerGetPeriod                          0x08003281   Thumb Code    22  timers.o(.text)
    xTimerGetExpiryTime                      0x08003297   Thumb Code    22  timers.o(.text)
    pcTimerGetName                           0x080032ad   Thumb Code    22  timers.o(.text)
    xTimerIsTimerActive                      0x080032c3   Thumb Code    40  timers.o(.text)
    pvTimerGetTimerID                        0x080032eb   Thumb Code    32  timers.o(.text)
    vTimerSetTimerID                         0x0800330b   Thumb Code    34  timers.o(.text)
    xTimerPendFunctionCallFromISR            0x0800332d   Thumb Code    34  timers.o(.text)
    xTimerPendFunctionCall                   0x0800334f   Thumb Code    60  timers.o(.text)
    pxPortInitialiseStack                    0x08003567   Thumb Code    32  port.o(.text)
    vPortSetupTimerInterrupt                 0x08003587   Thumb Code    26  port.o(.text)
    xPortStartScheduler                      0x080035a1   Thumb Code   108  port.o(.text)
    vPortEndScheduler                        0x0800360d   Thumb Code    24  port.o(.text)
    vPortEnterCritical                       0x08003625   Thumb Code    52  port.o(.text)
    vPortExitCritical                        0x08003659   Thumb Code    34  port.o(.text)
    xPortSysTickHandler                      0x0800367b   Thumb Code    40  port.o(.text)
    vPortValidateInterruptPriority           0x080036a3   Thumb Code    72  port.o(.text)
    pvPortMalloc                             0x08003785   Thumb Code   214  heap_4.o(.text)
    vPortFree                                0x0800385b   Thumb Code    96  heap_4.o(.text)
    xPortGetFreeHeapSize                     0x080038bb   Thumb Code     8  heap_4.o(.text)
    xPortGetMinimumEverFreeHeapSize          0x080038c3   Thumb Code     8  heap_4.o(.text)
    vPortInitialiseBlocks                    0x080038cb   Thumb Code     2  heap_4.o(.text)
    tls_get_hostif                           0x08003951   Thumb Code     4  mp_cmdp_hostif.o(.text)
    tls_hostif_init                          0x08003955   Thumb Code     2  mp_cmdp_hostif.o(.text)
    tls_hostif_get_tx_msg                    0x08003957   Thumb Code    64  mp_cmdp_hostif.o(.text)
    tls_hostif_recv_data                     0x08003997   Thumb Code     2  mp_cmdp_hostif.o(.text)
    uart_rx                                  0x080039e9   Thumb Code     4  mp_uart_task.o(.text)
    uart_tx                                  0x08003a4d   Thumb Code    56  mp_uart_task.o(.text)
    tls_uart_open                            0x08003b87   Thumb Code   158  mp_uart_task.o(.text)
    tls_uart_init                            0x08003c25   Thumb Code    44  mp_uart_task.o(.text)
    tls_idle_init                            0x08003e53   Thumb Code    42  mp_idle_task.o(.text)
    BCDToHex                                 0x08003ef5   Thumb Code    18  basicfunc.o(.text)
    U32BCDToU32Hex                           0x08003f07   Thumb Code    40  basicfunc.o(.text)
    HexToBCD                                 0x08003f2f   Thumb Code    30  basicfunc.o(.text)
    HexToIntBCD                              0x08003f4d   Thumb Code    42  basicfunc.o(.text)
    IntHexToIntBCD                           0x08003f77   Thumb Code    64  basicfunc.o(.text)
    ByteEndian                               0x08003fb7   Thumb Code    28  basicfunc.o(.text)
    TwoCharToInt                             0x08003fd3   Thumb Code    12  basicfunc.o(.text)
    Hi_HexToAsc                              0x08003fdf   Thumb Code    14  basicfunc.o(.text)
    Low_HexToAsc                             0x08003fed   Thumb Code    16  basicfunc.o(.text)
    AscToHex                                 0x08003ffd   Thumb Code    38  basicfunc.o(.text)
    TwoAscTOHex                              0x08004023   Thumb Code    24  basicfunc.o(.text)
    BufAscToHex                              0x0800403b   Thumb Code    38  basicfunc.o(.text)
    CapitalTo                                0x08004061   Thumb Code    14  basicfunc.o(.text)
    BufCapitalTo                             0x0800406f   Thumb Code    30  basicfunc.o(.text)
    BasicFunc_check_sum                      0x0800408d   Thumb Code    28  basicfunc.o(.text)
    GeneralCRCFun                            0x080040a9   Thumb Code    44  basicfunc.o(.text)
    ModBusCRC16ChkSum                        0x080040d5   Thumb Code    72  basicfunc.o(.text)
    CIRC_CNT                                 0x08004157   Thumb Code     8  mp_uart.o(.text)
    CIRC_SPACE                               0x0800415f   Thumb Code     8  mp_uart.o(.text)
    tls_uart_put_into_buffer                 0x08004167   Thumb Code    98  mp_uart.o(.text)
    tls_uart_isr_rx_callback_x               0x080041c9   Thumb Code    34  mp_uart.o(.text)
    uart_circ_chars_pending                  0x080041eb   Thumb Code     8  mp_uart.o(.text)
    uart_circ_empty                          0x080041f3   Thumb Code    16  mp_uart.o(.text)
    tls_uart_isr_tx                          0x08004203   Thumb Code    14  mp_uart.o(.text)
    tls_uart_write                           0x08004211   Thumb Code    68  mp_uart.o(.text)
    tls_uart_tx_chars_start                  0x08004255   Thumb Code    72  mp_uart.o(.text)
    STM32_USART_Config                       0x0800429d   Thumb Code   142  mp_uart.o(.text)
    tls_uart_port_init                       0x0800432b   Thumb Code   170  mp_uart.o(.text)
    tls_uart_rx_register                     0x080043d5   Thumb Code    18  mp_uart.o(.text)
    tls_uart_tx_register                     0x080043e7   Thumb Code    18  mp_uart.o(.text)
    tls_uart_copy_rxbuf                      0x080043f9   Thumb Code    94  mp_uart.o(.text)
    tls_uart_cfg_user_mode                   0x08004457   Thumb Code    44  mp_uart.o(.text)
    tls_uart_disable_user_mode               0x08004483   Thumb Code    38  mp_uart.o(.text)
    tls_uart_tx                              0x080044dd   Thumb Code    94  mp_uart.o(.text)
    tls_uart_tx_finished                     0x0800453b   Thumb Code    16  mp_uart.o(.text)
    tls_uart_tx_length                       0x0800454b   Thumb Code    74  mp_uart.o(.text)
    tls_uart_tx_sync                         0x08004595   Thumb Code    94  mp_uart.o(.text)
    tls_uart_read                            0x080045f3   Thumb Code     6  mp_uart.o(.text)
    tls_user_uart_rx_register                0x080045f9   Thumb Code     6  mp_uart.o(.text)
    tls_user_uart_tx_register                0x080045ff   Thumb Code     6  mp_uart.o(.text)
    CIRC_CNT_TO_END                          0x08004605   Thumb Code    16  mp_uart.o(.text)
    CIRC_SPACE_TO_END                        0x08004615   Thumb Code    22  mp_uart.o(.text)
    CIRC_SPACE_TO_END_FULL                   0x0800462b   Thumb Code    22  mp_uart.o(.text)
    tls_os_mutex_create                      0x080046c5   Thumb Code    18  mp_osal_rtos.o(.text)
    tls_os_mutex_delete                      0x080046d7   Thumb Code    10  mp_osal_rtos.o(.text)
    tls_os_mutex_acquire                     0x080046e1   Thumb Code    34  mp_osal_rtos.o(.text)
    tls_os_mutex_release                     0x08004703   Thumb Code    68  mp_osal_rtos.o(.text)
    tls_os_sem_create                        0x08004747   Thumb Code    22  mp_osal_rtos.o(.text)
    tls_os_sem_delete                        0x0800475d   Thumb Code    10  mp_osal_rtos.o(.text)
    tls_os_sem_acquire                       0x08004767   Thumb Code    34  mp_osal_rtos.o(.text)
    tls_os_sem_release                       0x08004789   Thumb Code    50  mp_osal_rtos.o(.text)
    tls_os_queue_create                      0x080047bb   Thumb Code    28  mp_osal_rtos.o(.text)
    tls_os_queue_delete                      0x080047d7   Thumb Code    10  mp_osal_rtos.o(.text)
    tls_os_queue_send                        0x080047e1   Thumb Code    58  mp_osal_rtos.o(.text)
    tls_os_queue_receive                     0x0800481b   Thumb Code    64  mp_osal_rtos.o(.text)
    tls_os_mailbox_create                    0x0800485b   Thumb Code    26  mp_osal_rtos.o(.text)
    tls_os_mailbox_delete                    0x08004875   Thumb Code    10  mp_osal_rtos.o(.text)
    tls_os_mailbox_send                      0x0800487f   Thumb Code    50  mp_osal_rtos.o(.text)
    tls_os_mailbox_receive                   0x080048b1   Thumb Code    62  mp_osal_rtos.o(.text)
    tls_os_get_time                          0x080048ef   Thumb Code     4  mp_osal_rtos.o(.text)
    tls_os_set_critical                      0x080048f3   Thumb Code    10  mp_osal_rtos.o(.text)
    tls_os_release_critical                  0x080048fd   Thumb Code     4  mp_osal_rtos.o(.text)
    tls_mem_alloc_info                       0x08004901   Thumb Code    40  mp_mem.o(.text)
    mem_alloc_debug                          0x08004929   Thumb Code   316  mp_mem.o(.text)
    mem_calloc_debug                         0x08004a65   Thumb Code   328  mp_mem.o(.text)
    mem_free_debug                           0x08004bad   Thumb Code   284  mp_mem.o(.text)
    mem_realloc_debug                        0x08004cc9   Thumb Code   586  mp_mem.o(.text)
    is_safe_addr_debug                       0x08004f13   Thumb Code   160  mp_mem.o(.text)
    __use_no_semihosting                     0x08005049   Thumb Code     2  use_no_semi_2.o(.text)
    malloc                                   0x0800504b   Thumb Code    94  h1_alloc.o(.text)
    free                                     0x080050a9   Thumb Code    78  h1_free.o(.text)
    __2printf                                0x080050f9   Thumb Code    20  noretval__2printf.o(.text)
    __2sprintf                               0x08005111   Thumb Code    34  noretval__2sprintf.o(.text)
    _printf_pre_padding                      0x08005139   Thumb Code    44  _printf_pad.o(.text)
    _printf_post_padding                     0x08005165   Thumb Code    34  _printf_pad.o(.text)
    _printf_str                              0x08005187   Thumb Code    82  _printf_str.o(.text)
    _printf_int_dec                          0x080051d9   Thumb Code   104  _printf_dec.o(.text)
    _printf_longlong_hex                     0x08005251   Thumb Code    78  _printf_hex_int_ptr.o(.text)
    _printf_int_hex                          0x0800529f   Thumb Code    26  _printf_hex_int_ptr.o(.text)
    _printf_hex_ptr                          0x080052b9   Thumb Code    16  _printf_hex_int_ptr.o(.text)
    __printf                                 0x080052cd   Thumb Code   270  __printf_wp.o(.text)
    strcpy                                   0x080053db   Thumb Code    72  strcpy.o(.text)
    strrchr                                  0x08005423   Thumb Code    22  strrchr.o(.text)
    strlen                                   0x08005439   Thumb Code    62  strlen.o(.text)
    __aeabi_memcpy                           0x08005477   Thumb Code     0  rt_memcpy_v6.o(.text)
    __rt_memcpy                              0x08005477   Thumb Code   138  rt_memcpy_v6.o(.text)
    _memcpy_lastbytes                        0x080054dd   Thumb Code     0  rt_memcpy_v6.o(.text)
    __aeabi_memset                           0x08005501   Thumb Code    16  aeabi_memset.o(.text)
    __aeabi_memclr                           0x08005511   Thumb Code     0  rt_memclr.o(.text)
    __rt_memclr                              0x08005511   Thumb Code    68  rt_memclr.o(.text)
    _memset                                  0x08005515   Thumb Code     0  rt_memclr.o(.text)
    __aeabi_memclr4                          0x08005555   Thumb Code     0  rt_memclr_w.o(.text)
    __aeabi_memclr8                          0x08005555   Thumb Code     0  rt_memclr_w.o(.text)
    __rt_memclr_w                            0x08005555   Thumb Code    78  rt_memclr_w.o(.text)
    _memset_w                                0x08005559   Thumb Code     0  rt_memclr_w.o(.text)
    __use_two_region_memory                  0x080055a3   Thumb Code     2  heapauxi.o(.text)
    __rt_heap_escrow                         0x080055a5   Thumb Code     2  heapauxi.o(.text)
    __rt_heap_expand                         0x080055a7   Thumb Code     2  heapauxi.o(.text)
    __I$use$semihosting                      0x080055a9   Thumb Code     0  use_no_semi.o(.text)
    __use_no_semihosting_swi                 0x080055a9   Thumb Code     2  use_no_semi.o(.text)
    __rt_heap_descriptor                     0x080055ad   Thumb Code     8  rt_heap_descriptor_intlibspace.o(.text)
    __use_no_heap                            0x080055b5   Thumb Code     2  hguard.o(.text)
    __heap$guard                             0x080055b7   Thumb Code     2  hguard.o(.text)
    _terminate_user_alloc                    0x080055b9   Thumb Code     2  init_alloc.o(.text)
    _init_user_alloc                         0x080055bb   Thumb Code     2  init_alloc.o(.text)
    __Heap_Full                              0x080055bd   Thumb Code    34  init_alloc.o(.text)
    __Heap_Broken                            0x080055df   Thumb Code     6  init_alloc.o(.text)
    _init_alloc                              0x080055e5   Thumb Code    94  init_alloc.o(.text)
    __Heap_Initialize                        0x08005643   Thumb Code    10  h1_init.o(.text)
    __Heap_DescSize                          0x0800564d   Thumb Code     4  h1_init.o(.text)
    _printf_int_common                       0x08005651   Thumb Code   178  _printf_intcommon.o(.text)
    _printf_char_common                      0x0800570f   Thumb Code    32  _printf_char_common.o(.text)
    _sputc                                   0x08005735   Thumb Code    10  _sputc.o(.text)
    _printf_cs_common                        0x0800573f   Thumb Code    20  _printf_char.o(.text)
    _printf_char                             0x08005753   Thumb Code    16  _printf_char.o(.text)
    _printf_string                           0x08005763   Thumb Code     8  _printf_char.o(.text)
    _printf_char_file                        0x0800576d   Thumb Code    32  _printf_char_file.o(.text)
    __aeabi_memcpy4                          0x08005791   Thumb Code     0  rt_memcpy_w.o(.text)
    __aeabi_memcpy8                          0x08005791   Thumb Code     0  rt_memcpy_w.o(.text)
    __rt_memcpy_w                            0x08005791   Thumb Code   100  rt_memcpy_w.o(.text)
    _memcpy_lastbytes_aligned                0x080057d9   Thumb Code     0  rt_memcpy_w.o(.text)
    __user_libspace                          0x080057f5   Thumb Code     8  libspace.o(.text)
    __user_perproc_libspace                  0x080057f5   Thumb Code     0  libspace.o(.text)
    __user_perthread_libspace                0x080057f5   Thumb Code     0  libspace.o(.text)
    __Heap_ProvideMemory                     0x080057fd   Thumb Code    52  h1_extend.o(.text)
    ferror                                   0x08005831   Thumb Code     8  ferror.o(.text)
    __rt_SIGRTMEM                            0x08005839   Thumb Code    14  defsig_rtmem_outer.o(.text)
    __user_setup_stackheap                   0x08005847   Thumb Code    74  sys_stackheap_outer.o(.text)
    exit                                     0x08005891   Thumb Code    18  exit.o(.text)
    __sig_exit                               0x080058a3   Thumb Code    10  defsig_exit.o(.text)
    __rt_SIGRTMEM_inner                      0x080058ad   Thumb Code    22  defsig_rtmem_inner.o(.text)
    __default_signal_display                 0x080058fd   Thumb Code    50  defsig_general.o(.text)
    _is_digit                                0x0800592f   Thumb Code    14  __printf_wp.o(i._is_digit)
    Region$$Table$$Base                      0x08005a50   Number         0  anon$$obj.o(Region$$Table)
    Region$$Table$$Limit                     0x08005a70   Number         0  anon$$obj.o(Region$$Table)
    SystemCoreClock                          0x20000000   Data           4  system_stm32f10x.o(.data)
    AHBPrescTable                            0x20000004   Data          16  system_stm32f10x.o(.data)
    intr_counter                             0x20000018   Data           1  usart.o(.data)
    __stdout                                 0x20000030   Data           4  usart.o(.data)
    pxCurrentTCB                             0x20000048   Data           4  tasks.o(.data)
    memory_manager_initialized               0x200001fc   Data           1  mp_mem.o(.data)
    alloc_heap_mem_bytes                     0x20000200   Data           4  mp_mem.o(.data)
    alloc_heap_mem_blk_cnt                   0x20000204   Data           4  mp_mem.o(.data)
    alloc_heap_mem_max_size                  0x20000208   Data           4  mp_mem.o(.data)
    mem_sem                                  0x2000020c   Data           4  mp_mem.o(.data)
    memory_used_list                         0x20000210   Data           8  mp_mem.o(.data)
    memory_free_list                         0x20000218   Data           8  mp_mem.o(.data)
    xQueueRegistry                           0x20000220   Data          64  queue.o(.bss)
    g_hostif                                 0x2000556c   Data          60  mp_cmdp_hostif.o(.bss)
    uart_st                                  0x200055a8   Data          64  mp_uart_task.o(.bss)
    uart_port                                0x200055e8   Data         264  mp_uart.o(.bss)
    mem_blocks                               0x200056f0   Data        5600  mp_mem.o(.bss)
    __libspace_start                         0x20006cd0   Data          96  libspace.o(.bss)
    __temporary_stack_top$libspace           0x20006d30   Data           0  libspace.o(.bss)



==============================================================================

Memory Map of the image

  Image Entry point : 0x08000131

  Load Region LR_IROM1 (Base: 0x08000000, Size: 0x00005c90, Max: 0x00040000, ABSOLUTE, COMPRESSED[0x00005ad0])

    Execution Region ER_IROM1 (Base: 0x08000000, Size: 0x00005a70, Max: 0x00040000, ABSOLUTE)

    Base Addr    Size         Type   Attr      Idx    E Section Name        Object

    0x08000000   0x00000130   Data   RO          363    RESET               startup_stm32f10x_hd.o
    0x08000130   0x00000008   Code   RO          957  * !!!main             c_w.l(__main.o)
    0x08000138   0x00000034   Code   RO         1175    !!!scatter          c_w.l(__scatter.o)
    0x0800016c   0x0000005a   Code   RO         1173    !!dczerorl2         c_w.l(__dczerorl2.o)
    0x080001c6   0x00000002   PAD
    0x080001c8   0x0000001c   Code   RO         1177    !!handler_zi        c_w.l(__scatter_zi.o)
    0x080001e4   0x00000000   Code   RO          940    .ARM.Collect$$_printf_percent$$00000000  c_w.l(_printf_percent.o)
    0x080001e4   0x00000006   Code   RO          937    .ARM.Collect$$_printf_percent$$00000002  c_w.l(_printf_p.o)
    0x080001ea   0x00000006   Code   RO          938    .ARM.Collect$$_printf_percent$$00000009  c_w.l(_printf_d.o)
    0x080001f0   0x00000006   Code   RO          939    .ARM.Collect$$_printf_percent$$0000000A  c_w.l(_printf_u.o)
    0x080001f6   0x00000006   Code   RO          936    .ARM.Collect$$_printf_percent$$0000000C  c_w.l(_printf_x.o)
    0x080001fc   0x00000006   Code   RO          934    .ARM.Collect$$_printf_percent$$00000013  c_w.l(_printf_c.o)
    0x08000202   0x00000006   Code   RO          935    .ARM.Collect$$_printf_percent$$00000014  c_w.l(_printf_s.o)
    0x08000208   0x00000004   Code   RO          999    .ARM.Collect$$_printf_percent$$00000017  c_w.l(_printf_percent_end.o)
    0x0800020c   0x00000002   Code   RO         1116    .ARM.Collect$$libinit$$00000000  c_w.l(libinit.o)
    0x0800020e   0x00000000   Code   RO         1005    .ARM.Collect$$libinit$$00000002  c_w.l(libinit2.o)
    0x0800020e   0x00000000   Code   RO         1007    .ARM.Collect$$libinit$$00000004  c_w.l(libinit2.o)
    0x0800020e   0x00000008   Code   RO         1008    .ARM.Collect$$libinit$$00000005  c_w.l(libinit2.o)
    0x08000216   0x00000000   Code   RO         1010    .ARM.Collect$$libinit$$0000000A  c_w.l(libinit2.o)
    0x08000216   0x00000000   Code   RO         1012    .ARM.Collect$$libinit$$0000000C  c_w.l(libinit2.o)
    0x08000216   0x00000000   Code   RO         1014    .ARM.Collect$$libinit$$0000000E  c_w.l(libinit2.o)
    0x08000216   0x00000000   Code   RO         1017    .ARM.Collect$$libinit$$00000011  c_w.l(libinit2.o)
    0x08000216   0x00000000   Code   RO         1019    .ARM.Collect$$libinit$$00000013  c_w.l(libinit2.o)
    0x08000216   0x00000000   Code   RO         1021    .ARM.Collect$$libinit$$00000015  c_w.l(libinit2.o)
    0x08000216   0x00000000   Code   RO         1023    .ARM.Collect$$libinit$$00000017  c_w.l(libinit2.o)
    0x08000216   0x00000000   Code   RO         1025    .ARM.Collect$$libinit$$00000019  c_w.l(libinit2.o)
    0x08000216   0x00000000   Code   RO         1027    .ARM.Collect$$libinit$$0000001B  c_w.l(libinit2.o)
    0x08000216   0x00000000   Code   RO         1029    .ARM.Collect$$libinit$$0000001D  c_w.l(libinit2.o)
    0x08000216   0x00000000   Code   RO         1031    .ARM.Collect$$libinit$$0000001F  c_w.l(libinit2.o)
    0x08000216   0x00000000   Code   RO         1033    .ARM.Collect$$libinit$$00000021  c_w.l(libinit2.o)
    0x08000216   0x00000000   Code   RO         1035    .ARM.Collect$$libinit$$00000023  c_w.l(libinit2.o)
    0x08000216   0x00000000   Code   RO         1037    .ARM.Collect$$libinit$$00000025  c_w.l(libinit2.o)
    0x08000216   0x00000000   Code   RO         1041    .ARM.Collect$$libinit$$0000002C  c_w.l(libinit2.o)
    0x08000216   0x00000000   Code   RO         1043    .ARM.Collect$$libinit$$0000002E  c_w.l(libinit2.o)
    0x08000216   0x00000000   Code   RO         1045    .ARM.Collect$$libinit$$00000030  c_w.l(libinit2.o)
    0x08000216   0x00000000   Code   RO         1047    .ARM.Collect$$libinit$$00000032  c_w.l(libinit2.o)
    0x08000216   0x00000002   Code   RO         1048    .ARM.Collect$$libinit$$00000033  c_w.l(libinit2.o)
    0x08000218   0x00000002   Code   RO         1170    .ARM.Collect$$libshutdown$$00000000  c_w.l(libshutdown.o)
    0x0800021a   0x00000000   Code   RO         1128    .ARM.Collect$$libshutdown$$00000002  c_w.l(libshutdown2.o)
    0x0800021a   0x00000000   Code   RO         1130    .ARM.Collect$$libshutdown$$00000004  c_w.l(libshutdown2.o)
    0x0800021a   0x00000000   Code   RO         1133    .ARM.Collect$$libshutdown$$00000007  c_w.l(libshutdown2.o)
    0x0800021a   0x00000000   Code   RO         1136    .ARM.Collect$$libshutdown$$0000000A  c_w.l(libshutdown2.o)
    0x0800021a   0x00000000   Code   RO         1138    .ARM.Collect$$libshutdown$$0000000C  c_w.l(libshutdown2.o)
    0x0800021a   0x00000000   Code   RO         1141    .ARM.Collect$$libshutdown$$0000000F  c_w.l(libshutdown2.o)
    0x0800021a   0x00000002   Code   RO         1142    .ARM.Collect$$libshutdown$$00000010  c_w.l(libshutdown2.o)
    0x0800021c   0x00000000   Code   RO          963    .ARM.Collect$$rtentry$$00000000  c_w.l(__rtentry.o)
    0x0800021c   0x00000000   Code   RO         1055    .ARM.Collect$$rtentry$$00000002  c_w.l(__rtentry2.o)
    0x0800021c   0x00000006   Code   RO         1067    .ARM.Collect$$rtentry$$00000004  c_w.l(__rtentry4.o)
    0x08000222   0x00000000   Code   RO         1057    .ARM.Collect$$rtentry$$00000009  c_w.l(__rtentry2.o)
    0x08000222   0x00000004   Code   RO         1058    .ARM.Collect$$rtentry$$0000000A  c_w.l(__rtentry2.o)
    0x08000226   0x00000000   Code   RO         1060    .ARM.Collect$$rtentry$$0000000C  c_w.l(__rtentry2.o)
    0x08000226   0x00000008   Code   RO         1061    .ARM.Collect$$rtentry$$0000000D  c_w.l(__rtentry2.o)
    0x0800022e   0x00000002   Code   RO         1117    .ARM.Collect$$rtexit$$00000000  c_w.l(rtexit.o)
    0x08000230   0x00000000   Code   RO         1144    .ARM.Collect$$rtexit$$00000002  c_w.l(rtexit2.o)
    0x08000230   0x00000004   Code   RO         1145    .ARM.Collect$$rtexit$$00000003  c_w.l(rtexit2.o)
    0x08000234   0x00000006   Code   RO         1146    .ARM.Collect$$rtexit$$00000004  c_w.l(rtexit2.o)
    0x0800023a   0x00000002   PAD
    0x0800023c   0x00000096   Code   RO          597    .emb_text           port.o
    0x080002d2   0x00000002   PAD
    0x080002d4   0x00000000   Code   RO         1071    .emb_text           c_w.l(maybetermalloc1.o)
    0x080002d4   0x00000012   Code   RO            1    .text               main.o
    0x080002e6   0x0000000c   Code   RO          153    .text               stm32f10x_it.o
    0x080002f2   0x00000002   PAD
    0x080002f4   0x00000158   Code   RO          194    .text               system_stm32f10x.o
    0x0800044c   0x00000012   Code   RO          212    .text               app.o
    0x0800045e   0x00000012   Code   RO          279    .text               platform.o
    0x08000470   0x000000d8   Code   RO          291    .text               delay.o
    0x08000548   0x00000330   Code   RO          322    .text               usart.o
    0x08000878   0x00000040   Code   RO          364    .text               startup_stm32f10x_hd.o
    0x080008b8   0x000000b0   Code   RO          368    .text               misc.o
    0x08000968   0x00000264   Code   RO          380    .text               stm32f10x_gpio.o
    0x08000bcc   0x000002b8   Code   RO          392    .text               stm32f10x_rcc.o
    0x08000e84   0x00000328   Code   RO          406    .text               stm32f10x_usart.o
    0x080011ac   0x00000088   Code   RO          519    .text               list.o
    0x08001234   0x00000aac   Code   RO          531    .text               queue.o
    0x08001ce0   0x0000134c   Code   RO          550    .text               tasks.o
    0x0800302c   0x00000518   Code   RO          582    .text               timers.o
    0x08003544   0x000001f8   Code   RO          598    .text               port.o
    0x0800373c   0x00000214   Code   RO          628    .text               heap_4.o
    0x08003950   0x0000005c   Code   RO          643    .text               mp_cmdp_hostif.o
    0x080039ac   0x00000410   Code   RO          666    .text               mp_uart_task.o
    0x08003dbc   0x00000138   Code   RO          703    .text               mp_idle_task.o
    0x08003ef4   0x00000228   Code   RO          717    .text               basicfunc.o
    0x0800411c   0x000005a8   Code   RO          733    .text               mp_uart.o
    0x080046c4   0x0000023c   Code   RO          757    .text               mp_osal_rtos.o
    0x08004900   0x00000748   Code   RO          772    .text               mp_mem.o
    0x08005048   0x00000002   Code   RO          813    .text               c_w.l(use_no_semi_2.o)
    0x0800504a   0x0000005e   Code   RO          819    .text               c_w.l(h1_alloc.o)
    0x080050a8   0x0000004e   Code   RO          821    .text               c_w.l(h1_free.o)
    0x080050f6   0x00000002   PAD
    0x080050f8   0x00000018   Code   RO          881    .text               c_w.l(noretval__2printf.o)
    0x08005110   0x00000028   Code   RO          883    .text               c_w.l(noretval__2sprintf.o)
    0x08005138   0x0000004e   Code   RO          887    .text               c_w.l(_printf_pad.o)
    0x08005186   0x00000052   Code   RO          889    .text               c_w.l(_printf_str.o)
    0x080051d8   0x00000078   Code   RO          891    .text               c_w.l(_printf_dec.o)
    0x08005250   0x0000007c   Code   RO          905    .text               c_w.l(_printf_hex_int_ptr.o)
    0x080052cc   0x0000010e   Code   RO          922    .text               c_w.l(__printf_wp.o)
    0x080053da   0x00000048   Code   RO          941    .text               c_w.l(strcpy.o)
    0x08005422   0x00000016   Code   RO          943    .text               c_w.l(strrchr.o)
    0x08005438   0x0000003e   Code   RO          945    .text               c_w.l(strlen.o)
    0x08005476   0x0000008a   Code   RO          947    .text               c_w.l(rt_memcpy_v6.o)
    0x08005500   0x00000010   Code   RO          949    .text               c_w.l(aeabi_memset.o)
    0x08005510   0x00000044   Code   RO          951    .text               c_w.l(rt_memclr.o)
    0x08005554   0x0000004e   Code   RO          953    .text               c_w.l(rt_memclr_w.o)
    0x080055a2   0x00000006   Code   RO          955    .text               c_w.l(heapauxi.o)
    0x080055a8   0x00000002   Code   RO          959    .text               c_w.l(use_no_semi.o)
    0x080055aa   0x00000002   PAD
    0x080055ac   0x00000008   Code   RO          967    .text               c_w.l(rt_heap_descriptor_intlibspace.o)
    0x080055b4   0x00000004   Code   RO          969    .text               c_w.l(hguard.o)
    0x080055b8   0x0000008a   Code   RO          971    .text               c_w.l(init_alloc.o)
    0x08005642   0x0000000e   Code   RO          975    .text               c_w.l(h1_init.o)
    0x08005650   0x000000b2   Code   RO          989    .text               c_w.l(_printf_intcommon.o)
    0x08005702   0x00000002   PAD
    0x08005704   0x00000030   Code   RO          991    .text               c_w.l(_printf_char_common.o)
    0x08005734   0x0000000a   Code   RO          993    .text               c_w.l(_sputc.o)
    0x0800573e   0x0000002c   Code   RO          995    .text               c_w.l(_printf_char.o)
    0x0800576a   0x00000002   PAD
    0x0800576c   0x00000024   Code   RO          997    .text               c_w.l(_printf_char_file.o)
    0x08005790   0x00000064   Code   RO         1000    .text               c_w.l(rt_memcpy_w.o)
    0x080057f4   0x00000008   Code   RO         1051    .text               c_w.l(libspace.o)
    0x080057fc   0x00000034   Code   RO         1073    .text               c_w.l(h1_extend.o)
    0x08005830   0x00000008   Code   RO         1079    .text               c_w.l(ferror.o)
    0x08005838   0x0000000e   Code   RO         1083    .text               c_w.l(defsig_rtmem_outer.o)
    0x08005846   0x0000004a   Code   RO         1095    .text               c_w.l(sys_stackheap_outer.o)
    0x08005890   0x00000012   Code   RO         1101    .text               c_w.l(exit.o)
    0x080058a2   0x0000000a   Code   RO         1103    .text               c_w.l(defsig_exit.o)
    0x080058ac   0x00000050   Code   RO         1105    .text               c_w.l(defsig_rtmem_inner.o)
    0x080058fc   0x00000032   Code   RO         1125    .text               c_w.l(defsig_general.o)
    0x0800592e   0x0000000e   Code   RO          924    i._is_digit         c_w.l(__printf_wp.o)
    0x0800593c   0x00000028   Data   RO          906    .constdata          c_w.l(_printf_hex_int_ptr.o)
    0x08005964   0x000000eb   Data   RO          774    .conststring        mp_mem.o
    0x08005a4f   0x00000001   PAD
    0x08005a50   0x00000020   Data   RO         1171    Region$$Table       anon$$obj.o


    Execution Region RW_IRAM1 (Base: 0x20000000, Size: 0x00007330, Max: 0x0000c000, ABSOLUTE, COMPRESSED[0x00000060])

    Base Addr    Size         Type   Attr      Idx    E Section Name        Object

    0x20000000   0x00000014   Data   RW          195    .data               system_stm32f10x.o
    0x20000014   0x00000004   Data   RW          292    .data               delay.o
    0x20000018   0x00000018   Data   RW          323    .data               usart.o
    0x20000030   0x00000004   Data   RW          324    .data               usart.o
    0x20000034   0x00000014   Data   RW          393    .data               stm32f10x_rcc.o
    0x20000048   0x0000003c   Data   RW          552    .data               tasks.o
    0x20000084   0x00000014   Data   RW          584    .data               timers.o
    0x20000098   0x0000000c   Data   RW          599    .data               port.o
    0x200000a4   0x00000018   Data   RW          630    .data               heap_4.o
    0x200000bc   0x00000064   Data   RW          669    .data               mp_uart_task.o
    0x20000120   0x00000064   Data   RW          704    .data               mp_idle_task.o
    0x20000184   0x00000078   Data   RW          735    .data               mp_uart.o
    0x200001fc   0x00000024   Data   RW          775    .data               mp_mem.o
    0x20000220   0x00000040   Zero   RW          532    .bss                queue.o
    0x20000260   0x000002e4   Zero   RW          551    .bss                tasks.o
    0x20000544   0x00000028   Zero   RW          583    .bss                timers.o
    0x2000056c   0x00005000   Zero   RW          629    .bss                heap_4.o
    0x2000556c   0x0000003c   Zero   RW          646    .bss                mp_cmdp_hostif.o
    0x200055a8   0x00000040   Zero   RW          667    .bss                mp_uart_task.o
    0x200055e8   0x00000108   Zero   RW          734    .bss                mp_uart.o
    0x200056f0   0x000015e0   Zero   RW          773    .bss                mp_mem.o
    0x20006cd0   0x00000060   Zero   RW         1052    .bss                c_w.l(libspace.o)
    0x20006d30   0x00000200   Zero   RW          362    HEAP                startup_stm32f10x_hd.o
    0x20006f30   0x00000400   Zero   RW          361    STACK               startup_stm32f10x_hd.o


==============================================================================

Image component sizes


      Code (inc. data)   RO Data    RW Data    ZI Data      Debug   Object Name

        18          0          0          0          0       5187   app.o
       552          0          0          0          0       5149   basicfunc.o
       216         12          0          4          0       1517   delay.o
         0          0          0          0          0      11596   event_groups.o
       532         66          0         24      20480       3300   heap_4.o
       136          0          0          0          0       1722   list.o
        18          0          0          0          0     242423   main.o
       176         14          0          0          0       1817   misc.o
        92          6          0          0         60       5753   mp_cmdp_hostif.o
       312        120          0        100          0       1268   mp_idle_task.o
      1864        604        235         36       5600       9348   mp_mem.o
       572          0          0          0          0       6488   mp_osal_rtos.o
      1448         98          0        120        264       9958   mp_uart.o
      1040        262          0        100         64      11547   mp_uart_task.o
        18          0          0          0          0        455   platform.o
       654         94          0         12          0       7505   port.o
      2732         52          0          0         64      16980   queue.o
        64         26        304          0       1536        756   startup_stm32f10x_hd.o
       612         36          0          0          0       5949   stm32f10x_gpio.o
        12          0          0          0          0        847   stm32f10x_it.o
       696         32          0         20          0       8888   stm32f10x_rcc.o
       808         22          0          0          0       8812   stm32f10x_usart.o
         0          0          0          0          0         32   sys.o
       344         34          0         20          0       1659   system_stm32f10x.o
      4940        180          0         60        740      33078   tasks.o
      1304        128          0         20         40       8948   timers.o
       816         28          0         28          0       7716   usart.o

    ----------------------------------------------------------------------
     19980       1814        572        544      28848     418698   Object Totals
         0          0         32          0          0          0   (incl. Generated)
         4          0          1          0          0          0   (incl. Padding)

    ----------------------------------------------------------------------

      Code (inc. data)   RO Data    RW Data    ZI Data      Debug   Library Member Name

        90          0          0          0          0          0   __dczerorl2.o
         8          0          0          0          0         68   __main.o
       284          0          0          0          0        156   __printf_wp.o
         0          0          0          0          0          0   __rtentry.o
        12          0          0          0          0          0   __rtentry2.o
         6          0          0          0          0          0   __rtentry4.o
        52          8          0          0          0          0   __scatter.o
        28          0          0          0          0          0   __scatter_zi.o
         6          0          0          0          0          0   _printf_c.o
        44          0          0          0          0        108   _printf_char.o
        48          6          0          0          0         96   _printf_char_common.o
        36          4          0          0          0         80   _printf_char_file.o
         6          0          0          0          0          0   _printf_d.o
       120         16          0          0          0         92   _printf_dec.o
       124          4         40          0          0        144   _printf_hex_int_ptr.o
       178          0          0          0          0         88   _printf_intcommon.o
         6          0          0          0          0          0   _printf_p.o
        78          0          0          0          0        108   _printf_pad.o
         0          0          0          0          0          0   _printf_percent.o
         4          0          0          0          0          0   _printf_percent_end.o
         6          0          0          0          0          0   _printf_s.o
        82          0          0          0          0         80   _printf_str.o
         6          0          0          0          0          0   _printf_u.o
         6          0          0          0          0          0   _printf_x.o
        10          0          0          0          0         68   _sputc.o
        16          0          0          0          0         68   aeabi_memset.o
        10          0          0          0          0         68   defsig_exit.o
        50          0          0          0          0         88   defsig_general.o
        80         58          0          0          0         76   defsig_rtmem_inner.o
        14          0          0          0          0         80   defsig_rtmem_outer.o
        18          0          0          0          0         80   exit.o
         8          0          0          0          0         68   ferror.o
        94          0          0          0          0         80   h1_alloc.o
        52          0          0          0          0         68   h1_extend.o
        78          0          0          0          0         80   h1_free.o
        14          0          0          0          0         84   h1_init.o
         6          0          0          0          0        152   heapauxi.o
         4          0          0          0          0        136   hguard.o
       138          0          0          0          0        168   init_alloc.o
         2          0          0          0          0          0   libinit.o
        10          0          0          0          0          0   libinit2.o
         2          0          0          0          0          0   libshutdown.o
         2          0          0          0          0          0   libshutdown2.o
         8          4          0          0         96         68   libspace.o
         0          0          0          0          0          0   maybetermalloc1.o
        24          4          0          0          0         84   noretval__2printf.o
        40          6          0          0          0         84   noretval__2sprintf.o
         8          4          0          0          0         68   rt_heap_descriptor_intlibspace.o
        68          0          0          0          0         68   rt_memclr.o
        78          0          0          0          0         80   rt_memclr_w.o
       138          0          0          0          0         68   rt_memcpy_v6.o
       100          0          0          0          0         80   rt_memcpy_w.o
         2          0          0          0          0          0   rtexit.o
        10          0          0          0          0          0   rtexit2.o
        72          0          0          0          0         80   strcpy.o
        62          0          0          0          0         76   strlen.o
        22          0          0          0          0         68   strrchr.o
        74          0          0          0          0         80   sys_stackheap_outer.o
         2          0          0          0          0         68   use_no_semi.o
         2          0          0          0          0         68   use_no_semi_2.o

    ----------------------------------------------------------------------
      2560        114         40          0         96       3424   Library Totals
        12          0          0          0          0          0   (incl. Padding)

    ----------------------------------------------------------------------

      Code (inc. data)   RO Data    RW Data    ZI Data      Debug   Library Name

      2548        114         40          0         96       3424   c_w.l

    ----------------------------------------------------------------------
      2560        114         40          0         96       3424   Library Totals

    ----------------------------------------------------------------------

==============================================================================


      Code (inc. data)   RO Data    RW Data    ZI Data      Debug   

     22540       1928        612        544      28944     417074   Grand Totals
     22540       1928        612         96      28944     417074   ELF Image Totals (compressed)
     22540       1928        612         96          0          0   ROM Totals

==============================================================================

    Total RO  Size (Code + RO Data)                23152 (  22.61kB)
    Total RW  Size (RW Data + ZI Data)             29488 (  28.80kB)
    Total ROM Size (Code + RO Data + RW Data)      23248 (  22.70kB)

==============================================================================

