Component: ARM Compiler 5.06 update 1 (build 61) Tool: armlink [4d35a8]

==============================================================================

Section Cross References

    main.o(.text) refers to platform.o(.text) for platformInit
    main.o(.text) refers to app.o(.text) for app_init
    main.o(.text) refers to tasks.o(.text) for vTaskStartScheduler
    system_stm32f10x.o(.text) refers to system_stm32f10x.o(.data) for .data
    app.o(.text) refers to mp_uart_task.o(.text) for tls_uart_init
    app.o(.text) refers to mp_protocol_hostif.o(.text) for tls_hostif_init
    app.o(.text) refers to mp_memory_task.o(.text) for tls_memory_init
    app.o(.text) refers to mp_card_task.o(.text) for tls_card_init
    app.o(.text) refers to mp_door_task.o(.text) for tls_door_init
    app.o(.text) refers to mp_idle_task.o(.text) for tls_idle_init
    led.o(.text) refers to stm32f10x_rcc.o(.text) for RCC_APB2PeriphClockCmd
    led.o(.text) refers to stm32f10x_gpio.o(.text) for GPIO_Init
    led.o(.text) refers to mp_osal_rtos.o(.text) for tls_os_timer_create
    led.o(.text) refers to led.o(.data) for .data
    platform.o(.text) refers to misc.o(.text) for NVIC_PriorityGroupConfig
    platform.o(.text) refers to delay.o(.text) for delay_init
    platform.o(.text) refers to calendar.o(.text) for Calendar_Init
    beep.o(.text) refers to stm32f10x_rcc.o(.text) for RCC_APB2PeriphClockCmd
    beep.o(.text) refers to stm32f10x_gpio.o(.text) for GPIO_Init
    beep.o(.text) refers to delay.o(.text) for delay_us
    calendar.o(.text) refers to sd2068.o(.text) for SD2068A_Initial
    calendar.o(.text) refers to basicfunc.o(.text) for CharToAsc
    calendar.o(.text) refers to calendar.o(.data) for .data
    sd2068.o(.text) refers to stm32f10x_rcc.o(.text) for RCC_APB2PeriphClockCmd
    sd2068.o(.text) refers to stm32f10x_gpio.o(.text) for GPIO_Init
    card.o(.text) refers to stm32f10x_rcc.o(.text) for RCC_APB2PeriphClockCmd
    card.o(.text) refers to stm32f10x_gpio.o(.text) for GPIO_Init
    card.o(.text) refers to stm32f10x_exti.o(.text) for EXTI_Init
    card.o(.text) refers to misc.o(.text) for NVIC_Init
    card.o(.text) refers to wiegand.o(.text) for wiegand_reader_d0
    delay.o(.text) refers to tasks.o(.text) for xTaskGetSchedulerState
    delay.o(.text) refers to port.o(.text) for xPortSysTickHandler
    delay.o(.text) refers to misc.o(.text) for SysTick_CLKSourceConfig
    delay.o(.text) refers to system_stm32f10x.o(.data) for SystemCoreClock
    delay.o(.text) refers to delay.o(.data) for .data
    usart.o(.text) refers (Special) to use_no_semi_2.o(.text) for __use_no_semihosting
    usart.o(.text) refers to stm32f10x_rcc.o(.text) for RCC_APB2PeriphClockCmd
    usart.o(.text) refers to stm32f10x_gpio.o(.text) for GPIO_Init
    usart.o(.text) refers to misc.o(.text) for NVIC_Init
    usart.o(.text) refers to stm32f10x_usart.o(.text) for USART_ITConfig
    usart.o(.text) refers to mp_uart.o(.text) for tls_uart_put_into_buffer
    usart.o(.text) refers to usart.o(.data) for .data
    usart.o(.data) refers (Special) to use_no_semi_2.o(.text) for __use_no_semihosting
    usart.o(.data) refers (Special) to use_no_semi_2.o(.text) for __use_no_semihosting
    startup_stm32f10x_hd.o(STACK) refers (Special) to heapauxi.o(.text) for __use_two_region_memory
    startup_stm32f10x_hd.o(HEAP) refers (Special) to heapauxi.o(.text) for __use_two_region_memory
    startup_stm32f10x_hd.o(RESET) refers (Special) to heapauxi.o(.text) for __use_two_region_memory
    startup_stm32f10x_hd.o(RESET) refers to startup_stm32f10x_hd.o(STACK) for __initial_sp
    startup_stm32f10x_hd.o(RESET) refers to startup_stm32f10x_hd.o(.text) for Reset_Handler
    startup_stm32f10x_hd.o(RESET) refers to stm32f10x_it.o(.text) for NMI_Handler
    startup_stm32f10x_hd.o(RESET) refers to port.o(.emb_text) for SVC_Handler
    startup_stm32f10x_hd.o(RESET) refers to delay.o(.text) for SysTick_Handler
    startup_stm32f10x_hd.o(RESET) refers to card.o(.text) for EXTI2_IRQHandler
    startup_stm32f10x_hd.o(RESET) refers to usart.o(.text) for USART1_IRQHandler
    startup_stm32f10x_hd.o(.text) refers (Special) to heapauxi.o(.text) for __use_two_region_memory
    startup_stm32f10x_hd.o(.text) refers to system_stm32f10x.o(.text) for SystemInit
    startup_stm32f10x_hd.o(.text) refers to __main.o(!!!main) for __main
    startup_stm32f10x_hd.o(.text) refers to startup_stm32f10x_hd.o(HEAP) for Heap_Mem
    startup_stm32f10x_hd.o(.text) refers to startup_stm32f10x_hd.o(STACK) for Stack_Mem
    stm32f10x_gpio.o(.text) refers to stm32f10x_rcc.o(.text) for RCC_APB2PeriphResetCmd
    stm32f10x_rcc.o(.text) refers to stm32f10x_rcc.o(.data) for .data
    stm32f10x_usart.o(.text) refers to stm32f10x_rcc.o(.text) for RCC_APB2PeriphResetCmd
    stm32f10x_tim.o(.text) refers to stm32f10x_rcc.o(.text) for RCC_APB1PeriphResetCmd
    malloc.o(.text) refers to malloc.o(.data) for .data
    malloc.o(.data) refers to malloc.o(.text) for mem_init
[...]
    .data                                    0x20000038   Section       20  stm32f10x_rcc.o(.data)
    ADCPrescTable                            0x20000038   Data           4  stm32f10x_rcc.o(.data)
    APBAHBPrescTable                         0x2000003c   Data          16  stm32f10x_rcc.o(.data)
    .data                                    0x2000004c   Section       60  tasks.o(.data)
    uxDeletedTasksWaitingCleanUp             0x20000050   Data           4  tasks.o(.data)
    uxCurrentNumberOfTasks                   0x20000054   Data           4  tasks.o(.data)
    xTickCount                               0x20000058   Data           4  tasks.o(.data)
    uxTopReadyPriority                       0x2000005c   Data           4  tasks.o(.data)
    xSchedulerRunning                        0x20000060   Data           4  tasks.o(.data)
    uxPendedTicks                            0x20000064   Data           4  tasks.o(.data)
    xYieldPending                            0x20000068   Data           4  tasks.o(.data)
    xNumOfOverflows                          0x2000006c   Data           4  tasks.o(.data)
    uxTaskNumber                             0x20000070   Data           4  tasks.o(.data)
    xNextTaskUnblockTime                     0x20000074   Data           4  tasks.o(.data)
    xIdleTaskHandle                          0x20000078   Data           4  tasks.o(.data)
    uxSchedulerSuspended                     0x2000007c   Data           4  tasks.o(.data)
    pxDelayedTaskList                        0x20000080   Data           4  tasks.o(.data)
    pxOverflowDelayedTaskList                0x20000084   Data           4  tasks.o(.data)
    .data                                    0x20000088   Section       20  timers.o(.data)
    xTimerQueue                              0x20000088   Data           4  timers.o(.data)
    xTimerTaskHandle                         0x2000008c   Data           4  timers.o(.data)
    xLastTime                                0x20000090   Data           4  timers.o(.data)
    pxCurrentTimerList                       0x20000094   Data           4  timers.o(.data)
    pxOverflowTimerList                      0x20000098   Data           4  timers.o(.data)
    .data                                    0x2000009c   Section       12  port.o(.data)
    ucMaxSysCallPriority                     0x2000009c   Data           1  port.o(.data)
    uxCriticalNesting                        0x200000a0   Data           4  port.o(.data)
    ulMaxPRIGROUPValue                       0x200000a4   Data           4  port.o(.data)
    .data                                    0x200000a8   Section       24  heap_4.o(.data)
    pxEnd                                    0x200000a8   Data           4  heap_4.o(.data)
    xFreeBytesRemaining                      0x200000ac   Data           4  heap_4.o(.data)
    xMinimumEverFreeBytesRemaining           0x200000b0   Data           4  heap_4.o(.data)
    xBlockAllocatedBit                       0x200000b4   Data           4  heap_4.o(.data)
    xStart                                   0x200000b8   Data           8  heap_4.o(.data)
    .data                                    0x200000c0   Section      100  mp_uart_task.o(.data)
    debug_str                                0x200000c0   Data         100  mp_uart_task.o(.data)
    .data                                    0x20000124   Section      120  mp_uart.o(.data)
    debug_str                                0x20000124   Data         100  mp_uart.o(.data)
    COMX                                     0x20000188   Data          20  mp_uart.o(.data)
    .data                                    0x2000019c   Section      100  mp_protocol_hostif.o(.data)
    debug_str                                0x2000019c   Data         100  mp_protocol_hostif.o(.data)
    .data                                    0x20000200   Section       36  mp_mem.o(.data)
    .data                                    0x20000224   Section      220  protocol.o(.data)
    debug_str                                0x20000224   Data         100  protocol.o(.data)
    protocmd_tbl                             0x20000288   Data         120  protocol.o(.data)
    .data                                    0x20000300   Section      105  protocolbase.o(.data)
    debug_str                                0x20000305   Data         100  protocolbase.o(.data)
    .bss                                     0x2000036c   Section       64  queue.o(.bss)
    .bss                                     0x200003ac   Section      740  tasks.o(.bss)
    pxReadyTasksLists                        0x200003ac   Data         640  tasks.o(.bss)
    xDelayedTaskList1                        0x2000062c   Data          20  tasks.o(.bss)
    xDelayedTaskList2                        0x20000640   Data          20  tasks.o(.bss)
    xPendingReadyList                        0x20000654   Data          20  tasks.o(.bss)
    xTasksWaitingTermination                 0x20000668   Data          20  tasks.o(.bss)
    xSuspendedTaskList                       0x2000067c   Data          20  tasks.o(.bss)
    .bss                                     0x20000690   Section       40  timers.o(.bss)
    xActiveTimerList1                        0x20000690   Data          20  timers.o(.bss)
    xActiveTimerList2                        0x200006a4   Data          20  timers.o(.bss)
    .bss                                     0x200006b8   Section    20480  heap_4.o(.bss)
    ucHeap                                   0x200006b8   Data       20480  heap_4.o(.bss)
    .bss                                     0x200056b8   Section       64  mp_uart_task.o(.bss)
    .bss                                     0x200056f8   Section      264  mp_uart.o(.bss)
    .bss                                     0x20005800   Section       28  mp_protocol_hostif.o(.bss)
    .bss                                     0x2000581c   Section       68  param_base.o(.bss)
    Device_Info                              0x2000581c   Data          68  param_base.o(.bss)
    .bss                                     0x20005860   Section     5600  mp_mem.o(.bss)
    .bss                                     0x20006e40   Section       56  wiegand.o(.bss)
    .bss                                     0x20006e78   Section       96  libspace.o(.bss)
    HEAP                                     0x20006ed8   Section     1024  startup_stm32f10x_hd.o(HEAP)
    Heap_Mem                                 0x20006ed8   Data        1024  startup_stm32f10x_hd.o(HEAP)
    STACK                                    0x200072d8   Section     1024  startup_stm32f10x_hd.o(STACK)
    Stack_Mem                                0x200072d8   Data        1024  startup_stm32f10x_hd.o(STACK)
    __initial_sp                             0x200076d8   Data           0  startup_stm32f10x_hd.o(STACK)

    Global Symbols

    Symbol Name                              Value     Ov Type        Size  Object(Section)

    BuildAttributes$$THM_ISAv4$P$D$K$B$S$PE$A:L22UL41UL21$X:L11$S22US41US21$IEEE1$IW$USESV6$~STKCKD$USESV7$~SHL$OTIME$ROPI$EBA8$UX$STANDARDLIB$REQ8$PRES8$EABIv2 0x00000000   Number         0  anon$$obj.o ABSOLUTE
    __ARM_use_no_argv                        0x00000000   Number         0  main.o ABSOLUTE
    _printf_flags                            0x00000000   Number         0  printf_stubs.o ABSOLUTE
    _printf_return_value                     0x00000000   Number         0  printf_stubs.o ABSOLUTE
    _printf_sizespec                         0x00000000   Number         0  printf_stubs.o ABSOLUTE
    _printf_widthprec                        0x00000000   Number         0  printf_stubs.o ABSOLUTE
    __ARM_exceptions_init                     - Undefined Weak Reference
    __alloca_initialize                       - Undefined Weak Reference
    __arm_preinit_                            - Undefined Weak Reference
    __cpp_initialize__aeabi_                  - Undefined Weak Reference
    __cxa_finalize                            - Undefined Weak Reference
    __rt_locale                               - Undefined Weak Reference
    __sigvec_lookup                           - Undefined Weak Reference
    __user_heap_extent                        - Undefined Weak Reference
    _atexit_init                              - Undefined Weak Reference
    _call_atexit_fns                          - Undefined Weak Reference
    _clock_init                               - Undefined Weak Reference
    _fp_trap_init                             - Undefined Weak Reference
    _fp_trap_shutdown                         - Undefined Weak Reference
    _get_lc_collate                           - Undefined Weak Reference
    _get_lc_ctype                             - Undefined Weak Reference
    _get_lc_monetary                          - Undefined Weak Reference
    _get_lc_numeric                           - Undefined Weak Reference
    _get_lc_time                              - Undefined Weak Reference
    _getenv_init                              - Undefined Weak Reference
    _handle_redirection                       - Undefined Weak Reference
    _initio                                   - Undefined Weak Reference
    _mutex_acquire                            - Undefined Weak Reference
    _mutex_free                               - Undefined Weak Reference
    _mutex_release                            - Undefined Weak Reference
    _printf_mbtowc                            - Undefined Weak Reference
    _printf_truncate_signed                   - Undefined Weak Reference
    _printf_truncate_unsigned                 - Undefined Weak Reference
    _rand_init                                - Undefined Weak Reference
    _signal_finish                            - Undefined Weak Reference
    _signal_init                              - Undefined Weak Reference
    _terminateio                              - Undefined Weak Reference
    __Vectors_Size                           0x00000130   Number         0  startup_stm32f10x_hd.o ABSOLUTE
    __Vectors                                0x08000000   Data           4  startup_stm32f10x_hd.o(RESET)
    __Vectors_End                            0x08000130   Data           0  startup_stm32f10x_hd.o(RESET)
    __main                                   0x08000131   Thumb Code     8  __main.o(!!!main)
    __scatterload                            0x08000139   Thumb Code     0  __scatter.o(!!!scatter)
    __scatterload_rt2                        0x08000139   Thumb Code    44  __scatter.o(!!!scatter)
    __scatterload_rt2_thumb_only             0x08000139   Thumb Code     0  __scatter.o(!!!scatter)
    __scatterload_null                       0x08000147   Thumb Code     0  __scatter.o(!!!scatter)
    __decompress                             0x0800016d   Thumb Code    90  __dczerorl2.o(!!dczerorl2)
    __decompress1                            0x0800016d   Thumb Code     0  __dczerorl2.o(!!dczerorl2)
    __scatterload_zeroinit                   0x080001c9   Thumb Code    28  __scatter_zi.o(!!handler_zi)
    _printf_p                                0x080001e5   Thumb Code     0  _printf_p.o(.ARM.Collect$$_printf_percent$$00000002)
    _printf_percent                          0x080001e5   Thumb Code     0  _printf_percent.o(.ARM.Collect$$_printf_percent$$00000000)
    _printf_d                                0x080001eb   Thumb Code     0  _printf_d.o(.ARM.Collect$$_printf_percent$$00000009)
    _printf_u                                0x080001f1   Thumb Code     0  _printf_u.o(.ARM.Collect$$_printf_percent$$0000000A)
    _printf_x                                0x080001f7   Thumb Code     0  _printf_x.o(.ARM.Collect$$_printf_percent$$0000000C)
    _printf_c                                0x080001fd   Thumb Code     0  _printf_c.o(.ARM.Collect$$_printf_percent$$00000013)
    _printf_s                                0x08000203   Thumb Code     0  _printf_s.o(.ARM.Collect$$_printf_percent$$00000014)
    _printf_percent_end                      0x08000209   Thumb Code     0  _printf_percent_end.o(.ARM.Collect$$_printf_percent$$00000017)
    __rt_lib_init                            0x0800020d   Thumb Code     0  libinit.o(.ARM.Collect$$libinit$$00000000)
    __rt_lib_init_fp_1                       0x0800020f   Thumb Code     0  libinit2.o(.ARM.Collect$$libinit$$00000002)
    __rt_lib_init_heap_2                     0x0800020f   Thumb Code     0  libinit2.o(.ARM.Collect$$libinit$$00000005)
    __rt_lib_init_preinit_1                  0x0800020f   Thumb Code     0  libinit2.o(.ARM.Collect$$libinit$$00000004)
    __rt_lib_init_alloca_1                   0x08000217   Thumb Code     0  libinit2.o(.ARM.Collect$$libinit$$0000002E)
    __rt_lib_init_argv_1                     0x08000217   Thumb Code     0  libinit2.o(.ARM.Collect$$libinit$$0000002C)
    __rt_lib_init_atexit_1                   0x08000217   Thumb Code     0  libinit2.o(.ARM.Collect$$libinit$$0000001B)
    __rt_lib_init_clock_1                    0x08000217   Thumb Code     0  libinit2.o(.ARM.Collect$$libinit$$00000021)
    __rt_lib_init_cpp_1                      0x08000217   Thumb Code     0  libinit2.o(.ARM.Collect$$libinit$$00000032)
    __rt_lib_init_exceptions_1               0x08000217   Thumb Code     0  libinit2.o(.ARM.Collect$$libinit$$00000030)
    __rt_lib_init_fp_trap_1                  0x08000217   Thumb Code     0  libinit2.o(.ARM.Collect$$libinit$$0000001F)
    __rt_lib_init_getenv_1                   0x08000217   Thumb Code     0  libinit2.o(.ARM.Collect$$libinit$$00000023)
    __rt_lib_init_heap_1                     0x08000217   Thumb Code     0  libinit2.o(.ARM.Collect$$libinit$$0000000A)
    __rt_lib_init_lc_collate_1               0x08000217   Thumb Code     0  libinit2.o(.ARM.Collect$$libinit$$00000011)
    __rt_lib_init_lc_ctype_1                 0x08000217   Thumb Code     0  libinit2.o(.ARM.Collect$$libinit$$00000013)
    __rt_lib_init_lc_monetary_1              0x08000217   Thumb Code     0  libinit2.o(.ARM.Collect$$libinit$$00000015)
    __rt_lib_init_lc_numeric_1               0x08000217   Thumb Code     0  libinit2.o(.ARM.Collect$$libinit$$00000017)
    __rt_lib_init_lc_time_1                  0x08000217   Thumb Code     0  libinit2.o(.ARM.Collect$$libinit$$00000019)
    __rt_lib_init_rand_1                     0x08000217   Thumb Code     0  libinit2.o(.ARM.Collect$$libinit$$0000000E)
    __rt_lib_init_return                     0x08000217   Thumb Code     0  libinit2.o(.ARM.Collect$$libinit$$00000033)
    __rt_lib_init_signal_1                   0x08000217   Thumb Code     0  libinit2.o(.ARM.Collect$$libinit$$0000001D)
    __rt_lib_init_stdio_1                    0x08000217   Thumb Code     0  libinit2.o(.ARM.Collect$$libinit$$00000025)
    __rt_lib_init_user_alloc_1               0x08000217   Thumb Code     0  libinit2.o(.ARM.Collect$$libinit$$0000000C)
    __rt_lib_shutdown                        0x08000219   Thumb Code     0  libshutdown.o(.ARM.Collect$$libshutdown$$00000000)
    __rt_lib_shutdown_cpp_1                  0x0800021b   Thumb Code     0  libshutdown2.o(.ARM.Collect$$libshutdown$$00000002)
    __rt_lib_shutdown_fp_trap_1              0x0800021b   Thumb Code     0  libshutdown2.o(.ARM.Collect$$libshutdown$$00000007)
    __rt_lib_shutdown_heap_1                 0x0800021b   Thumb Code     0  libshutdown2.o(.ARM.Collect$$libshutdown$$0000000F)
    __rt_lib_shutdown_return                 0x0800021b   Thumb Code     0  libshutdown2.o(.ARM.Collect$$libshutdown$$00000010)
    __rt_lib_shutdown_signal_1               0x0800021b   Thumb Code     0  libshutdown2.o(.ARM.Collect$$libshutdown$$0000000A)
    __rt_lib_shutdown_stdio_1                0x0800021b   Thumb Code     0  libshutdown2.o(.ARM.Collect$$libshutdown$$00000004)
    __rt_lib_shutdown_user_alloc_1           0x0800021b   Thumb Code     0  libshutdown2.o(.ARM.Collect$$libshutdown$$0000000C)
    __rt_entry                               0x0800021d   Thumb Code     0  __rtentry.o(.ARM.Collect$$rtentry$$00000000)
    __rt_entry_presh_1                       0x0800021d   Thumb Code     0  __rtentry2.o(.ARM.Collect$$rtentry$$00000002)
    __rt_entry_sh                            0x0800021d   Thumb Code     0  __rtentry4.o(.ARM.Collect$$rtentry$$00000004)
    __rt_entry_li                            0x08000223   Thumb Code     0  __rtentry2.o(.ARM.Collect$$rtentry$$0000000A)
    __rt_entry_postsh_1                      0x08000223   Thumb Code     0  __rtentry2.o(.ARM.Collect$$rtentry$$00000009)
    __rt_entry_main                          0x08000227   Thumb Code     0  __rtentry2.o(.ARM.Collect$$rtentry$$0000000D)
    __rt_entry_postli_1                      0x08000227   Thumb Code     0  __rtentry2.o(.ARM.Collect$$rtentry$$0000000C)
    __rt_exit                                0x0800022f   Thumb Code     0  rtexit.o(.ARM.Collect$$rtexit$$00000000)
    __rt_exit_ls                             0x08000231   Thumb Code     0  rtexit2.o(.ARM.Collect$$rtexit$$00000003)
    __rt_exit_prels_1                        0x08000231   Thumb Code     0  rtexit2.o(.ARM.Collect$$rtexit$$00000002)
    __rt_exit_exit                           0x08000235   Thumb Code     0  rtexit2.o(.ARM.Collect$$rtexit$$00000004)
    SVC_Handler                              0x0800023d   Thumb Code    32  port.o(.emb_text)
    __asm___6_port_c_39a90d8d__prvStartFirstTask 0x08000261   Thumb Code    28  port.o(.emb_text)
    PendSV_Handler                           0x08000281   Thumb Code    72  port.o(.emb_text)
    vPortGetIPSR                             0x080002cd   Thumb Code     6  port.o(.emb_text)
    _maybe_terminate_alloc                   0x080002d5   Thumb Code     0  maybetermalloc1.o(.emb_text)
    main                                     0x080002d5   Thumb Code    18  main.o(.text)
    NMI_Handler                              0x080002e7   Thumb Code     2  stm32f10x_it.o(.text)
    HardFault_Handler                        0x080002e9   Thumb Code     2  stm32f10x_it.o(.text)
    MemManage_Handler                        0x080002eb   Thumb Code     2  stm32f10x_it.o(.text)
    BusFault_Handler                         0x080002ed   Thumb Code     2  stm32f10x_it.o(.text)
    UsageFault_Handler                       0x080002ef   Thumb Code     2  stm32f10x_it.o(.text)
    DebugMon_Handler                         0x080002f1   Thumb Code     2  stm32f10x_it.o(.text)
    SystemInit                               0x08000395   Thumb Code    64  system_stm32f10x.o(.text)
    SystemCoreClockUpdate                    0x080003d5   Thumb Code    86  system_stm32f10x.o(.text)
    app_init                                 0x0800044d   Thumb Code    30  app.o(.text)
    platformInit                             0x0800046b   Thumb Code    22  platform.o(.text)
    Calendar_Init                            0x08000481   Thumb Code    76  calendar.o(.text)
    check_time_format                        0x080004cd   Thumb Code    42  calendar.o(.text)
    SetDateTime                              0x080004f7   Thumb Code    30  calendar.o(.text)
    GetDateTime                              0x08000515   Thumb Code    66  calendar.o(.text)
    DateTime_Trans                           0x08000557   Thumb Code    94  calendar.o(.text)
    SD2068A_Initial                          0x08000619   Thumb Code    64  sd2068.o(.text)
    SD2068A_GetTime                          0x08000a2d   Thumb Code   160  sd2068.o(.text)
    SD2068A_SetTime                          0x08000acd   Thumb Code     2  sd2068.o(.text)
    Card_Init                                0x08000c93   Thumb Code    44  card.o(.text)
    EXTI9_5_IRQHandler                       0x08000cbf   Thumb Code   160  card.o(.text)
    EXTI15_10_IRQHandler                     0x08000d5f   Thumb Code    50  card.o(.text)
    EXTI2_IRQHandler                         0x08000d91   Thumb Code    46  card.o(.text)
    SysTick_Handler                          0x08000dc9   Thumb Code    20  delay.o(.text)
    delay_init                               0x08000ddd   Thumb Code    60  delay.o(.text)
    delay_us                                 0x08000e19   Thumb Code    48  delay.o(.text)
    delay_ms                                 0x08000e49   Thumb Code    50  delay.o(.text)
    delay_xms                                0x08000e7b   Thumb Code    26  delay.o(.text)
    _sys_exit                                0x08000ea1   Thumb Code     2  usart.o(.text)
    fputc                                    0x08000ea3   Thumb Code    18  usart.o(.text)
    _ttywrch                                 0x08000eb5   Thumb Code     2  usart.o(.text)
    STM32_USART1_GPIOConfig                  0x08000eb7   Thumb Code   142  usart.o(.text)
    STM32_USART2_GPIOConfig                  0x08000f45   Thumb Code   112  usart.o(.text)
    STM32_USART3_GPIOConfig                  0x08000fb5   Thumb Code   114  usart.o(.text)
    STM32_USART5_GPIOConfig                  0x08001027   Thumb Code    94  usart.o(.text)
    Uart_SendByte                            0x08001085   Thumb Code    16  usart.o(.text)
    Uart_SendData                            0x08001095   Thumb Code    28  usart.o(.text)
    tls_uart_rx_disable                      0x080010b1   Thumb Code    18  usart.o(.text)
    tls_uart_rx_enable                       0x080010c3   Thumb Code    18  usart.o(.text)
    tls_uart_tx_disable                      0x080010d5   Thumb Code    18  usart.o(.text)
    tls_uart_tx_enable                       0x080010e7   Thumb Code    18  usart.o(.text)
    USART1_IRQHandler                        0x080010f9   Thumb Code   120  usart.o(.text)
    tls_get_usrt1_isr_count                  0x08001171   Thumb Code     6  usart.o(.text)
    USART2_IRQHandler                        0x08001177   Thumb Code    62  usart.o(.text)
    Reset_Handler                            0x080011d1   Thumb Code     8  startup_stm32f10x_hd.o(.text)
    ADC1_2_IRQHandler                        0x080011eb   Thumb Code     0  startup_stm32f10x_hd.o(.text)
    ADC3_IRQHandler                          0x080011eb   Thumb Code     0  startup_stm32f10x_hd.o(.text)
    CAN1_RX1_IRQHandler                      0x080011eb   Thumb Code     0  startup_stm32f10x_hd.o(.text)
    CAN1_SCE_IRQHandler                      0x080011eb   Thumb Code     0  startup_stm32f10x_hd.o(.text)
    DMA1_Channel1_IRQHandler                 0x080011eb   Thumb Code     0  startup_stm32f10x_hd.o(.text)
    DMA1_Channel2_IRQHandler                 0x080011eb   Thumb Code     0  startup_stm32f10x_hd.o(.text)
    DMA1_Channel3_IRQHandler                 0x080011eb   Thumb Code     0  startup_stm32f10x_hd.o(.text)
    DMA1_Channel4_IRQHandler                 0x080011eb   Thumb Code     0  startup_stm32f10x_hd.o(.text)
    DMA1_Channel5_IRQHandler                 0x080011eb   Thumb Code     0  startup_stm32f10x_hd.o(.text)
    DMA1_Channel6_IRQHandler                 0x080011eb   Thumb Code     0  startup_stm32f10x_hd.o(.text)
    DMA1_Channel7_IRQHandler                 0x080011eb   Thumb Code     0  startup_stm32f10x_hd.o(.text)
    DMA2_Channel1_IRQHandler                 0x080011eb   Thumb Code     0  startup_stm32f10x_hd.o(.text)
    DMA2_Channel2_IRQHandler                 0x080011eb   Thumb Code     0  startup_stm32f10x_hd.o(.text)
    DMA2_Channel3_IRQHandler                 0x080011eb   Thumb Code     0  startup_stm32f10x_hd.o(.text)
    DMA2_Channel4_5_IRQHandler               0x080011eb   Thumb Code     0  startup_stm32f10x_hd.o(.text)
    EXTI0_IRQHandler                         0x080011eb   Thumb Code     0  startup_stm32f10x_hd.o(.text)
    EXTI1_IRQHandler                         0x080011eb   Thumb Code     0  startup_stm32f10x_hd.o(.text)
    EXTI3_IRQHandler                         0x080011eb   Thumb Code     0  startup_stm32f10x_hd.o(.text)
    EXTI4_IRQHandler                         0x080011eb   Thumb Code     0  startup_stm32f10x_hd.o(.text)
    FLASH_IRQHandler                         0x080011eb   Thumb Code     0  startup_stm32f10x_hd.o(.text)
    FSMC_IRQHandler                          0x080011eb   Thumb Code     0  startup_stm32f10x_hd.o(.text)
    I2C1_ER_IRQHandler                       0x080011eb   Thumb Code     0  startup_stm32f10x_hd.o(.text)
    I2C1_EV_IRQHandler                       0x080011eb   Thumb Code     0  startup_stm32f10x_hd.o(.text)
    I2C2_ER_IRQHandler                       0x080011eb   Thumb Code     0  startup_stm32f10x_hd.o(.text)
    I2C2_EV_IRQHandler                       0x080011eb   Thumb Code     0  startup_stm32f10x_hd.o(.text)
    PVD_IRQHandler                           0x080011eb   Thumb Code     0  startup_stm32f10x_hd.o(.text)
    RCC_IRQHandler                           0x080011eb   Thumb Code     0  startup_stm32f10x_hd.o(.text)
    RTCAlarm_IRQHandler                      0x080011eb   Thumb Code     0  startup_stm32f10x_hd.o(.text)
    RTC_IRQHandler                           0x080011eb   Thumb Code     0  startup_stm32f10x_hd.o(.text)
    SDIO_IRQHandler                          0x080011eb   Thumb Code     0  startup_stm32f10x_hd.o(.text)
    SPI1_IRQHandler                          0x080011eb   Thumb Code     0  startup_stm32f10x_hd.o(.text)
    SPI2_IRQHandler                          0x080011eb   Thumb Code     0  startup_stm32f10x_hd.o(.text)
    SPI3_IRQHandler                          0x080011eb   Thumb Code     0  startup_stm32f10x_hd.o(.text)
    TAMPER_IRQHandler                        0x080011eb   Thumb Code     0  startup_stm32f10x_hd.o(.text)
    TIM1_BRK_IRQHandler                      0x080011eb   Thumb Code     0  startup_stm32f10x_hd.o(.text)
    TIM1_CC_IRQHandler                       0x080011eb   Thumb Code     0  startup_stm32f10x_hd.o(.text)
    TIM1_TRG_COM_IRQHandler                  0x080011eb   Thumb Code     0  startup_stm32f10x_hd.o(.text)
    TIM1_UP_IRQHandler                       0x080011eb   Thumb Code     0  startup_stm32f10x_hd.o(.text)
    TIM2_IRQHandler                          0x080011eb   Thumb Code     0  startup_stm32f10x_hd.o(.text)
    TIM3_IRQHandler                          0x080011eb   Thumb Code     0  startup_stm32f10x_hd.o(.text)
    TIM4_IRQHandler                          0x080011eb   Thumb Code     0  startup_stm32f10x_hd.o(.text)
    TIM5_IRQHandler                          0x080011eb   Thumb Code     0  startup_stm32f10x_hd.o(.text)
    TIM6_IRQHandler                          0x080011eb   Thumb Code     0  startup_stm32f10x_hd.o(.text)
    TIM7_IRQHandler                          0x080011eb   Thumb Code     0  startup_stm32f10x_hd.o(.text)
    TIM8_BRK_IRQHandler                      0x080011eb   Thumb Code     0  startup_stm32f10x_hd.o(.text)
    TIM8_CC_IRQHandler                       0x080011eb   Thumb Code     0  startup_stm32f10x_hd.o(.text)
    TIM8_TRG_COM_IRQHandler                  0x080011eb   Thumb Code     0  startup_stm32f10x_hd.o(.text)
    TIM8_UP_IRQHandler                       0x080011eb   Thumb Code     0  startup_stm32f10x_hd.o(.text)
    UART4_IRQHandler                         0x080011eb   Thumb Code     0  startup_stm32f10x_hd.o(.text)
    UART5_IRQHandler                         0x080011eb   Thumb Code     0  startup_stm32f10x_hd.o(.text)
    USART3_IRQHandler                        0x080011eb   Thumb Code     0  startup_stm32f10x_hd.o(.text)
    USBWakeUp_IRQHandler                     0x080011eb   Thumb Code     0  startup_stm32f10x_hd.o(.text)
    USB_HP_CAN1_TX_IRQHandler                0x080011eb   Thumb Code     0  startup_stm32f10x_hd.o(.text)
    USB_LP_CAN1_RX0_IRQHandler               0x080011eb   Thumb Code     0  startup_stm32f10x_hd.o(.text)
    WWDG_IRQHandler                          0x080011eb   Thumb Code     0  startup_stm32f10x_hd.o(.text)
    __user_initial_stackheap                 0x080011ed   Thumb Code     0  startup_stm32f10x_hd.o(.text)
    NVIC_PriorityGroupConfig                 0x08001211   Thumb Code    10  misc.o(.text)
    NVIC_Init                                0x0800121b   Thumb Code    94  misc.o(.text)
    NVIC_SetVectorTable                      0x08001279   Thumb Code    14  misc.o(.text)
    NVIC_SystemLPConfig                      0x08001287   Thumb Code    20  misc.o(.text)
    SysTick_CLKSourceConfig                  0x0800129b   Thumb Code    24  misc.o(.text)
    GPIO_DeInit                              0x080012c1   Thumb Code   152  stm32f10x_gpio.o(.text)
    GPIO_AFIODeInit                          0x08001359   Thumb Code    22  stm32f10x_gpio.o(.text)
    GPIO_Init                                0x0800136f   Thumb Code   156  stm32f10x_gpio.o(.text)
    GPIO_StructInit                          0x0800140b   Thumb Code    16  stm32f10x_gpio.o(.text)
    GPIO_ReadInputDataBit                    0x0800141b   Thumb Code    14  stm32f10x_gpio.o(.text)
    GPIO_ReadInputData                       0x08001429   Thumb Code     6  stm32f10x_gpio.o(.text)
    GPIO_ReadOutputDataBit                   0x0800142f   Thumb Code    14  stm32f10x_gpio.o(.text)
    GPIO_ReadOutputData                      0x0800143d   Thumb Code     6  stm32f10x_gpio.o(.text)
    GPIO_SetBits                             0x08001443   Thumb Code     4  stm32f10x_gpio.o(.text)
    GPIO_ResetBits                           0x08001447   Thumb Code     4  stm32f10x_gpio.o(.text)
    GPIO_WriteBit                            0x0800144b   Thumb Code    10  stm32f10x_gpio.o(.text)
    GPIO_Write                               0x08001455   Thumb Code     4  stm32f10x_gpio.o(.text)
    GPIO_PinLockConfig                       0x08001459   Thumb Code    16  stm32f10x_gpio.o(.text)
    GPIO_EventOutputConfig                   0x08001469   Thumb Code    22  stm32f10x_gpio.o(.text)
    GPIO_EventOutputCmd                      0x0800147f   Thumb Code     6  stm32f10x_gpio.o(.text)
    GPIO_PinRemapConfig                      0x08001485   Thumb Code    82  stm32f10x_gpio.o(.text)
    GPIO_EXTILineConfig                      0x080014d7   Thumb Code    34  stm32f10x_gpio.o(.text)
    GPIO_ETH_MediaInterfaceConfig            0x080014f9   Thumb Code     8  stm32f10x_gpio.o(.text)
    RCC_DeInit                               0x08001525   Thumb Code    50  stm32f10x_rcc.o(.text)
    RCC_HSEConfig                            0x08001557   Thumb Code    48  stm32f10x_rcc.o(.text)
    RCC_GetFlagStatus                        0x08001587   Thumb Code    42  stm32f10x_rcc.o(.text)
    RCC_WaitForHSEStartUp                    0x080015b1   Thumb Code    44  stm32f10x_rcc.o(.text)
    RCC_AdjustHSICalibrationValue            0x080015dd   Thumb Code    16  stm32f10x_rcc.o(.text)
    RCC_HSICmd                               0x080015ed   Thumb Code     6  stm32f10x_rcc.o(.text)
    RCC_PLLConfig                            0x080015f3   Thumb Code    16  stm32f10x_rcc.o(.text)
    RCC_PLLCmd                               0x08001603   Thumb Code     6  stm32f10x_rcc.o(.text)
    RCC_SYSCLKConfig                         0x08001609   Thumb Code    14  stm32f10x_rcc.o(.text)
    RCC_GetSYSCLKSource                      0x08001617   Thumb Code    10  stm32f10x_rcc.o(.text)
    RCC_HCLKConfig                           0x08001621   Thumb Code    14  stm32f10x_rcc.o(.text)
    RCC_PCLK1Config                          0x0800162f   Thumb Code    14  stm32f10x_rcc.o(.text)
    RCC_PCLK2Config                          0x0800163d   Thumb Code    16  stm32f10x_rcc.o(.text)
    RCC_ITConfig                             0x0800164d   Thumb Code    18  stm32f10x_rcc.o(.text)
    RCC_USBCLKConfig                         0x0800165f   Thumb Code     8  stm32f10x_rcc.o(.text)
    RCC_ADCCLKConfig                         0x08001667   Thumb Code    14  stm32f10x_rcc.o(.text)
    RCC_LSEConfig                            0x08001675   Thumb Code    28  stm32f10x_rcc.o(.text)
    RCC_LSICmd                               0x08001691   Thumb Code     6  stm32f10x_rcc.o(.text)
    RCC_RTCCLKConfig                         0x08001697   Thumb Code    10  stm32f10x_rcc.o(.text)
    RCC_RTCCLKCmd                            0x080016a1   Thumb Code     8  stm32f10x_rcc.o(.text)
    RCC_GetClocksFreq                        0x080016a9   Thumb Code   132  stm32f10x_rcc.o(.text)
    RCC_AHBPeriphClockCmd                    0x0800172d   Thumb Code    18  stm32f10x_rcc.o(.text)
    RCC_APB2PeriphClockCmd                   0x0800173f   Thumb Code    18  stm32f10x_rcc.o(.text)
    RCC_APB1PeriphClockCmd                   0x08001751   Thumb Code    18  stm32f10x_rcc.o(.text)
    RCC_APB2PeriphResetCmd                   0x08001763   Thumb Code    18  stm32f10x_rcc.o(.text)
    RCC_APB1PeriphResetCmd                   0x08001775   Thumb Code    18  stm32f10x_rcc.o(.text)
    RCC_BackupResetCmd                       0x08001787   Thumb Code     8  stm32f10x_rcc.o(.text)
    RCC_ClockSecuritySystemCmd               0x0800178f   Thumb Code     6  stm32f10x_rcc.o(.text)
    RCC_MCOConfig                            0x08001795   Thumb Code     6  stm32f10x_rcc.o(.text)
    RCC_ClearFlag                            0x0800179b   Thumb Code    12  stm32f10x_rcc.o(.text)
    RCC_GetITStatus                          0x080017a7   Thumb Code    16  stm32f10x_rcc.o(.text)
    RCC_ClearITPendingBit                    0x080017b7   Thumb Code     6  stm32f10x_rcc.o(.text)
    USART_DeInit                             0x080017dd   Thumb Code    96  stm32f10x_usart.o(.text)
    USART_Init                               0x0800183d   Thumb Code   166  stm32f10x_usart.o(.text)
    USART_StructInit                         0x080018e3   Thumb Code    22  stm32f10x_usart.o(.text)
    USART_ClockInit                          0x080018f9   Thumb Code    30  stm32f10x_usart.o(.text)
    USART_ClockStructInit                    0x08001917   Thumb Code    12  stm32f10x_usart.o(.text)
    USART_Cmd                                0x08001923   Thumb Code    20  stm32f10x_usart.o(.text)
    USART_ITConfig                           0x08001937   Thumb Code    48  stm32f10x_usart.o(.text)
    USART_DMACmd                             0x08001967   Thumb Code    16  stm32f10x_usart.o(.text)
    USART_SetAddress                         0x08001977   Thumb Code    16  stm32f10x_usart.o(.text)
    USART_WakeUpConfig                       0x08001987   Thumb Code    16  stm32f10x_usart.o(.text)
    USART_ReceiverWakeUpCmd                  0x08001997   Thumb Code    20  stm32f10x_usart.o(.text)
    USART_LINBreakDetectLengthConfig         0x080019ab   Thumb Code    16  stm32f10x_usart.o(.text)
    USART_LINCmd                             0x080019bb   Thumb Code    20  stm32f10x_usart.o(.text)
    USART_SendData                           0x080019cf   Thumb Code     8  stm32f10x_usart.o(.text)
    USART_ReceiveData                        0x080019d7   Thumb Code     8  stm32f10x_usart.o(.text)
    USART_SendBreak                          0x080019df   Thumb Code    10  stm32f10x_usart.o(.text)
    USART_SetGuardTime                       0x080019e9   Thumb Code    16  stm32f10x_usart.o(.text)
    USART_SetPrescaler                       0x080019f9   Thumb Code    16  stm32f10x_usart.o(.text)
    USART_SmartCardCmd                       0x08001a09   Thumb Code    20  stm32f10x_usart.o(.text)
    USART_SmartCardNACKCmd                   0x08001a1d   Thumb Code    20  stm32f10x_usart.o(.text)
    USART_HalfDuplexCmd                      0x08001a31   Thumb Code    20  stm32f10x_usart.o(.text)
    USART_OverSampling8Cmd                   0x08001a45   Thumb Code    20  stm32f10x_usart.o(.text)
    USART_OneBitMethodCmd                    0x08001a59   Thumb Code    20  stm32f10x_usart.o(.text)
    USART_IrDAConfig                         0x08001a6d   Thumb Code    16  stm32f10x_usart.o(.text)
    USART_IrDACmd                            0x08001a7d   Thumb Code    20  stm32f10x_usart.o(.text)
    USART_GetFlagStatus                      0x08001a91   Thumb Code    14  stm32f10x_usart.o(.text)
    USART_ClearFlag                          0x08001a9f   Thumb Code     6  stm32f10x_usart.o(.text)
    USART_GetITStatus                        0x08001aa5   Thumb Code    62  stm32f10x_usart.o(.text)
    USART_ClearITPendingBit                  0x08001ae3   Thumb Code    12  stm32f10x_usart.o(.text)
    EXTI_DeInit                              0x08001b05   Thumb Code    28  stm32f10x_exti.o(.text)
    EXTI_Init                                0x08001b21   Thumb Code   108  stm32f10x_exti.o(.text)
    EXTI_StructInit                          0x08001b8d   Thumb Code    14  stm32f10x_exti.o(.text)
    EXTI_GenerateSWInterrupt                 0x08001b9b   Thumb Code    12  stm32f10x_exti.o(.text)
    EXTI_GetFlagStatus                       0x08001ba7   Thumb Code    18  stm32f10x_exti.o(.text)
    EXTI_ClearFlag                           0x08001bb9   Thumb Code     8  stm32f10x_exti.o(.text)
    EXTI_GetITStatus                         0x08001bc1   Thumb Code    28  stm32f10x_exti.o(.text)
    EXTI_ClearITPendingBit                   0x08001bdd   Thumb Code     8  stm32f10x_exti.o(.text)
    vListInitialise                          0x08001bed   Thumb Code    22  list.o(.text)
    vListInitialiseItem                      0x08001c03   Thumb Code     6  list.o(.text)
    vListInsertEnd                           0x08001c09   Thumb Code    24  list.o(.text)
    vListInsert                              0x08001c21   Thumb Code    48  list.o(.text)
    uxListRemove                             0x08001c51   Thumb Code    36  list.o(.text)
    xQueueGenericReset                       0x08001c75   Thumb Code   128  queue.o(.text)
    xQueueGenericCreate                      0x08001cf5   Thumb Code    82  queue.o(.text)
    xQueueGenericSend                        0x08001e95   Thumb Code   350  queue.o(.text)
    xQueueCreateMutex                        0x08001ff3   Thumb Code    36  queue.o(.text)
    xQueueGiveMutexRecursive                 0x08002017   Thumb Code    98  queue.o(.text)
    xQueueGenericReceive                     0x0800209f   Thumb Code   356  queue.o(.text)
    xQueueTakeMutexRecursive                 0x08002203   Thumb Code    68  queue.o(.text)
    xQueueCreateCountingSemaphore            0x08002247   Thumb Code    62  queue.o(.text)
    xQueueGenericSendFromISR                 0x08002285   Thumb Code   200  queue.o(.text)
    xQueueGiveFromISR                        0x0800234d   Thumb Code   172  queue.o(.text)
    xQueueReceiveFromISR                     0x080023f9   Thumb Code   150  queue.o(.text)
    xQueuePeekFromISR                        0x0800248f   Thumb Code   114  queue.o(.text)
    uxQueueMessagesWaiting                   0x08002501   Thumb Code    36  queue.o(.text)
    uxQueueSpacesAvailable                   0x08002525   Thumb Code    40  queue.o(.text)
    uxQueueMessagesWaitingFromISR            0x0800254d   Thumb Code    26  queue.o(.text)
    vQueueUnregisterQueue                    0x08002567   Thumb Code    36  queue.o(.text)
    vQueueDelete                             0x0800258b   Thumb Code    38  queue.o(.text)
    uxQueueGetQueueNumber                    0x080025b1   Thumb Code     4  queue.o(.text)
    vQueueSetQueueNumber                     0x080025b5   Thumb Code     4  queue.o(.text)
    ucQueueGetQueueType                      0x080025b9   Thumb Code     6  queue.o(.text)
    xQueueIsQueueEmptyFromISR                0x080025bf   Thumb Code    34  queue.o(.text)
    xQueueIsQueueFullFromISR                 0x080025e1   Thumb Code    38  queue.o(.text)
    vQueueAddToRegistry                      0x08002607   Thumb Code    32  queue.o(.text)
    pcQueueGetName                           0x08002627   Thumb Code    34  queue.o(.text)
    vQueueWaitForMessageRestricted           0x08002649   Thumb Code    68  queue.o(.text)
    xQueueCreateSet                          0x0800268d   Thumb Code     8  queue.o(.text)
    xQueueAddToSet                           0x08002695   Thumb Code    34  queue.o(.text)
    xQueueRemoveFromSet                      0x080026b7   Thumb Code    34  queue.o(.text)
    xQueueSelectFromSet                      0x080026d9   Thumb Code    18  queue.o(.text)
    xQueueSelectFromSetFromISR               0x080026eb   Thumb Code    18  queue.o(.text)
    xTaskCreate                              0x080027e1   Thumb Code    86  tasks.o(.text)
    vTaskDelete                              0x08002837   Thumb Code   154  tasks.o(.text)
    xTaskIncrementTick                       0x080028d1   Thumb Code   186  tasks.o(.text)
    xTaskResumeAll                           0x0800298b   Thumb Code   182  tasks.o(.text)
    vTaskSuspendAll                          0x08002aa7   Thumb Code    10  tasks.o(.text)
    vTaskDelayUntil                          0x08002ab1   Thumb Code   180  tasks.o(.text)
    vTaskDelay                               0x08002b65   Thumb Code    66  tasks.o(.text)
    eTaskGetState                            0x08002ba7   Thumb Code    94  tasks.o(.text)
    uxTaskPriorityGet                        0x08002c05   Thumb Code    24  tasks.o(.text)
    uxTaskPriorityGetFromISR                 0x08002c1d   Thumb Code    40  tasks.o(.text)
    vTaskPrioritySet                         0x08002c45   Thumb Code   184  tasks.o(.text)
    vTaskSwitchContext                       0x08002cfd   Thumb Code    84  tasks.o(.text)
    vTaskSuspend                             0x08002d51   Thumb Code   156  tasks.o(.text)
    vTaskResume                              0x08002e1d   Thumb Code   116  tasks.o(.text)
    xTaskResumeFromISR                       0x08002e91   Thumb Code   126  tasks.o(.text)
    vTaskStartScheduler                      0x08002f2d   Thumb Code   130  tasks.o(.text)
    vTaskEndScheduler                        0x08002faf   Thumb Code    24  tasks.o(.text)
    xTaskGetTickCount                        0x08002fc7   Thumb Code     6  tasks.o(.text)
    xTaskGetTickCountFromISR                 0x08002fcd   Thumb Code    12  tasks.o(.text)
    uxTaskGetNumberOfTasks                   0x08002fd9   Thumb Code     6  tasks.o(.text)
    pcTaskGetName                            0x08002fdf   Thumb Code    38  tasks.o(.text)
    vTaskGetInfo                             0x08003005   Thumb Code   126  tasks.o(.text)
    uxTaskGetSystemState                     0x080030d7   Thumb Code   156  tasks.o(.text)
    vTaskPlaceOnEventList                    0x08003173   Thumb Code    46  tasks.o(.text)
    vTaskPlaceOnUnorderedEventList           0x080031a1   Thumb Code    78  tasks.o(.text)
    vTaskPlaceOnEventListRestricted          0x080031ef   Thumb Code    54  tasks.o(.text)
    xTaskRemoveFromEventList                 0x08003225   Thumb Code   106  tasks.o(.text)
    xTaskRemoveFromUnorderedEventList        0x0800328f   Thumb Code   116  tasks.o(.text)
    vTaskSetTimeOutState                     0x08003303   Thumb Code    34  tasks.o(.text)
    xTaskCheckForTimeOut                     0x08003325   Thumb Code   114  tasks.o(.text)
    vTaskMissedYield                         0x08003397   Thumb Code     8  tasks.o(.text)
    uxTaskGetTaskNumber                      0x0800339f   Thumb Code     8  tasks.o(.text)
    vTaskSetTaskNumber                       0x080033a7   Thumb Code     8  tasks.o(.text)
    xTaskGetCurrentTaskHandle                0x080033af   Thumb Code     6  tasks.o(.text)
    xTaskGetSchedulerState                   0x080033b5   Thumb Code    22  tasks.o(.text)
    vTaskPriorityInherit                     0x080033cb   Thumb Code   124  tasks.o(.text)
    xTaskPriorityDisinherit                  0x08003447   Thumb Code   144  tasks.o(.text)
    vTaskList                                0x080034d7   Thumb Code   188  tasks.o(.text)
    uxTaskResetEventItemValue                0x08003593   Thumb Code    20  tasks.o(.text)
    pvTaskIncrementMutexHeldCount            0x080035a7   Thumb Code    18  tasks.o(.text)
    ulTaskNotifyTake                         0x080035b9   Thumb Code    96  tasks.o(.text)
    xTaskNotifyWait                          0x08003619   Thumb Code   128  tasks.o(.text)
    xTaskGenericNotify                       0x08003699   Thumb Code   190  tasks.o(.text)
    xTaskGenericNotifyFromISR                0x08003757   Thumb Code   256  tasks.o(.text)
    vTaskNotifyGiveFromISR                   0x08003857   Thumb Code   168  tasks.o(.text)
    xTaskNotifyStateClear                    0x080038ff   Thumb Code    44  tasks.o(.text)
    xTimerGenericCommand                     0x08003aa1   Thumb Code    98  timers.o(.text)
    xTimerCreateTimerTask                    0x08003c27   Thumb Code    58  timers.o(.text)
    xTimerCreate                             0x08003c61   Thumb Code    72  timers.o(.text)
    xTimerGetTimerDaemonTaskHandle           0x08003ca9   Thumb Code    24  timers.o(.text)
    xTimerGetPeriod                          0x08003cc1   Thumb Code    22  timers.o(.text)
    xTimerGetExpiryTime                      0x08003cd7   Thumb Code    22  timers.o(.text)
    pcTimerGetName                           0x08003ced   Thumb Code    22  timers.o(.text)
    xTimerIsTimerActive                      0x08003d03   Thumb Code    40  timers.o(.text)
    pvTimerGetTimerID                        0x08003d2b   Thumb Code    32  timers.o(.text)
    vTimerSetTimerID                         0x08003d4b   Thumb Code    34  timers.o(.text)
    xTimerPendFunctionCallFromISR            0x08003d6d   Thumb Code    34  timers.o(.text)
    xTimerPendFunctionCall                   0x08003d8f   Thumb Code    60  timers.o(.text)
    pxPortInitialiseStack                    0x08003fa7   Thumb Code    32  port.o(.text)
    vPortSetupTimerInterrupt                 0x08003fc7   Thumb Code    26  port.o(.text)
    xPortStartScheduler                      0x08003fe1   Thumb Code   108  port.o(.text)
    vPortEndScheduler                        0x0800404d   Thumb Code    24  port.o(.text)
    vPortEnterCritical                       0x08004065   Thumb Code    52  port.o(.text)
    vPortExitCritical                        0x08004099   Thumb Code    34  port.o(.text)
    xPortSysTickHandler                      0x080040bb   Thumb Code    40  port.o(.text)
    vPortValidateInterruptPriority           0x080040e3   Thumb Code    72  port.o(.text)
    pvPortMalloc                             0x080041c5   Thumb Code   214  heap_4.o(.text)
    vPortFree                                0x0800429b   Thumb Code    96  heap_4.o(.text)
    xPortGetFreeHeapSize                     0x080042fb   Thumb Code     8  heap_4.o(.text)
    xPortGetMinimumEverFreeHeapSize          0x08004303   Thumb Code     8  heap_4.o(.text)
    vPortInitialiseBlocks                    0x0800430b   Thumb Code     2  heap_4.o(.text)
    uart_rx                                  0x0800449f   Thumb Code     2  mp_uart_task.o(.text)
    uart_tx                                  0x08004501   Thumb Code    56  mp_uart_task.o(.text)
    tls_uart_open                            0x0800461b   Thumb Code   158  mp_uart_task.o(.text)
    tls_uart_init                            0x080046b9   Thumb Code    44  mp_uart_task.o(.text)
    tls_idle_init                            0x080048a1   Thumb Code    42  mp_idle_task.o(.text)
    tls_memory_init                          0x080048ed   Thumb Code     2  mp_memory_task.o(.text)
    tls_card_init                            0x080048fd   Thumb Code    28  mp_card_task.o(.text)
    tls_door_init                            0x08004929   Thumb Code     2  mp_door_task.o(.text)
    BCDToHex                                 0x0800492b   Thumb Code    18  basicfunc.o(.text)
    U32BCDToU32Hex                           0x0800493d   Thumb Code    40  basicfunc.o(.text)
    HexToBCD                                 0x08004965   Thumb Code    30  basicfunc.o(.text)
    HexToIntBCD                              0x08004983   Thumb Code    42  basicfunc.o(.text)
    IntHexToIntBCD                           0x080049ad   Thumb Code    64  basicfunc.o(.text)
    ByteEndian                               0x080049ed   Thumb Code    28  basicfunc.o(.text)
    TwoCharToInt                             0x08004a09   Thumb Code    12  basicfunc.o(.text)
    Hi_HexToAsc                              0x08004a15   Thumb Code    14  basicfunc.o(.text)
    Low_HexToAsc                             0x08004a23   Thumb Code    16  basicfunc.o(.text)
    CharToAsc                                0x08004a33   Thumb Code    22  basicfunc.o(.text)
    u16ToAsc                                 0x08004a49   Thumb Code    28  basicfunc.o(.text)
    u32ToAsc                                 0x08004a65   Thumb Code    26  basicfunc.o(.text)
    AscToHex                                 0x08004a7f   Thumb Code    38  basicfunc.o(.text)
    TwoAscTOHex                              0x08004aa5   Thumb Code    24  basicfunc.o(.text)
    BufAscToHex                              0x08004abd   Thumb Code    38  basicfunc.o(.text)
    CapitalTo                                0x08004ae3   Thumb Code    14  basicfunc.o(.text)
    BufCapitalTo                             0x08004af1   Thumb Code    30  basicfunc.o(.text)
    BasicFunc_check_sum                      0x08004b0f   Thumb Code    28  basicfunc.o(.text)
    GeneralCRCFun                            0x08004b2b   Thumb Code    44  basicfunc.o(.text)
    ModBusCRC16ChkSum                        0x08004b57   Thumb Code    72  basicfunc.o(.text)
    CIRC_CNT                                 0x08004bdb   Thumb Code     8  mp_uart.o(.text)
    CIRC_SPACE                               0x08004be3   Thumb Code     8  mp_uart.o(.text)
    tls_uart_put_into_buffer                 0x08004beb   Thumb Code    98  mp_uart.o(.text)
    tls_uart_isr_rx_callback_x               0x08004c4d   Thumb Code    34  mp_uart.o(.text)
    uart_circ_chars_pending                  0x08004c6f   Thumb Code     8  mp_uart.o(.text)
    uart_circ_empty                          0x08004c77   Thumb Code    16  mp_uart.o(.text)
    tls_uart_isr_tx                          0x08004c87   Thumb Code    14  mp_uart.o(.text)
    tls_uart_write                           0x08004c95   Thumb Code    68  mp_uart.o(.text)
    tls_uart_tx_chars_start                  0x08004cd9   Thumb Code    72  mp_uart.o(.text)
    STM32_USART_Config                       0x08004d21   Thumb Code   142  mp_uart.o(.text)
    tls_uart_port_init                       0x08004daf   Thumb Code   170  mp_uart.o(.text)
    tls_uart_rx_register                     0x08004e59   Thumb Code    18  mp_uart.o(.text)
    tls_uart_tx_register                     0x08004e6b   Thumb Code    18  mp_uart.o(.text)
    tls_uart_copy_rxbuf                      0x08004e7d   Thumb Code    94  mp_uart.o(.text)
    tls_uart_cfg_user_mode                   0x08004edb   Thumb Code    44  mp_uart.o(.text)
    tls_uart_disable_user_mode               0x08004f07   Thumb Code    38  mp_uart.o(.text)
    tls_uart_tx                              0x08004f61   Thumb Code    94  mp_uart.o(.text)
    tls_uart_tx_finished                     0x08004fbf   Thumb Code    16  mp_uart.o(.text)
    tls_uart_tx_length                       0x08004fcf   Thumb Code    74  mp_uart.o(.text)
    tls_uart_tx_sync                         0x08005019   Thumb Code    94  mp_uart.o(.text)
    tls_uart_read                            0x08005077   Thumb Code     6  mp_uart.o(.text)
    tls_user_uart_rx_register                0x0800507d   Thumb Code     6  mp_uart.o(.text)
    tls_user_uart_tx_register                0x08005083   Thumb Code     6  mp_uart.o(.text)
    CIRC_CNT_TO_END                          0x08005089   Thumb Code    16  mp_uart.o(.text)
    CIRC_SPACE_TO_END                        0x08005099   Thumb Code    22  mp_uart.o(.text)
    CIRC_SPACE_TO_END_FULL                   0x080050af   Thumb Code    22  mp_uart.o(.text)
    tls_os_mutex_create                      0x08005149   Thumb Code    18  mp_osal_rtos.o(.text)
    tls_os_mutex_delete                      0x0800515b   Thumb Code    10  mp_osal_rtos.o(.text)
    tls_os_mutex_acquire                     0x08005165   Thumb Code    34  mp_osal_rtos.o(.text)
    tls_os_mutex_release                     0x08005187   Thumb Code    68  mp_osal_rtos.o(.text)
    tls_os_sem_create                        0x080051cb   Thumb Code    22  mp_osal_rtos.o(.text)
    tls_os_sem_delete                        0x080051e1   Thumb Code    10  mp_osal_rtos.o(.text)
    tls_os_sem_acquire                       0x080051eb   Thumb Code    34  mp_osal_rtos.o(.text)
    tls_os_sem_release                       0x0800520d   Thumb Code    50  mp_osal_rtos.o(.text)
    tls_os_queue_create                      0x0800523f   Thumb Code    28  mp_osal_rtos.o(.text)
    tls_os_queue_delete                      0x0800525b   Thumb Code    10  mp_osal_rtos.o(.text)
    tls_os_queue_send                        0x08005265   Thumb Code    58  mp_osal_rtos.o(.text)
    tls_os_queue_receive                     0x0800529f   Thumb Code    64  mp_osal_rtos.o(.text)
    tls_os_mailbox_create                    0x080052df   Thumb Code    26  mp_osal_rtos.o(.text)
    tls_os_mailbox_delete                    0x080052f9   Thumb Code    10  mp_osal_rtos.o(.text)
    tls_os_mailbox_send                      0x08005303   Thumb Code    50  mp_osal_rtos.o(.text)
    tls_os_mailbox_receive                   0x08005335   Thumb Code    62  mp_osal_rtos.o(.text)
    tls_os_get_time                          0x08005373   Thumb Code     4  mp_osal_rtos.o(.text)
    tls_os_set_critical                      0x08005377   Thumb Code    10  mp_osal_rtos.o(.text)
    tls_os_release_critical                  0x08005381   Thumb Code     4  mp_osal_rtos.o(.text)
    tls_os_timer_create                      0x08005385   Thumb Code    34  mp_osal_rtos.o(.text)
    tls_os_timer_start                       0x080053a7   Thumb Code    26  mp_osal_rtos.o(.text)
    tls_os_timer_change                      0x080053c1   Thumb Code    42  mp_osal_rtos.o(.text)
    tls_os_timer_stop                        0x080053eb   Thumb Code    18  mp_osal_rtos.o(.text)
    tls_os_timer_delete                      0x080053fd   Thumb Code    18  mp_osal_rtos.o(.text)
    tls_get_hostif                           0x0800544b   Thumb Code     4  mp_protocol_hostif.o(.text)
    tls_hostif_init                          0x0800544f   Thumb Code    14  mp_protocol_hostif.o(.text)
    tls_hostif_get_tx_event_msg              0x0800545d   Thumb Code    56  mp_protocol_hostif.o(.text)
    tls_hostif_get_tx_msg                    0x08005495   Thumb Code    52  mp_protocol_hostif.o(.text)
    tls_hostif_recv_data                     0x080054c9   Thumb Code     4  mp_protocol_hostif.o(.text)
    tls_hostif_process_cmdrsp                0x080054cd   Thumb Code    74  mp_protocol_hostif.o(.text)
    tls_hostif_cmd_handler                   0x08005517   Thumb Code   194  mp_protocol_hostif.o(.text)
    Device_Info_Default                      0x08005679   Thumb Code    64  param_base.o(.text)
    Device_Info_Get                          0x080056b9   Thumb Code     2  param_base.o(.text)
    Device_Addr_Info_Get                     0x080056bb   Thumb Code    16  param_base.o(.text)
    Device_Addr_Info_Set                     0x080056cb   Thumb Code     8  param_base.o(.text)
    tls_mem_alloc_info                       0x08005711   Thumb Code    40  mp_mem.o(.text)
    mem_alloc_debug                          0x08005739   Thumb Code   316  mp_mem.o(.text)
    mem_calloc_debug                         0x08005875   Thumb Code   328  mp_mem.o(.text)
    mem_free_debug                           0x080059bd   Thumb Code   284  mp_mem.o(.text)
    mem_realloc_debug                        0x08005ad9   Thumb Code   586  mp_mem.o(.text)
    is_safe_addr_debug                       0x08005d23   Thumb Code   160  mp_mem.o(.text)
    protocmd_err_resp                        0x0800621b   Thumb Code     8  protocol.o(.text)
    protocmd_ok_resp                         0x08006223   Thumb Code     6  protocol.o(.text)
    LCHKSUM_LENID_CMP                        0x08006229   Thumb Code    32  protocol.o(.text)
    VERSION_CHK                              0x08006249   Thumb Code     4  protocol.o(.text)
    tls_protocmd_parse                       0x0800624d   Thumb Code   686  protocol.o(.text)
    tls_protocmd_exec                        0x080064fb   Thumb Code    62  protocol.o(.text)
    fill_buff                                0x08006539   Thumb Code    62  protocol.o(.text)
    tls_protocol_add_head                    0x08006577   Thumb Code     2  protocol.o(.text)
    tls_protocol_add_tail                    0x08006579   Thumb Code     2  protocol.o(.text)
    tls_protocol_add_body                    0x0800657b   Thumb Code     2  protocol.o(.text)
    tls_protocol_rebuild                     0x0800657d   Thumb Code     2  protocol.o(.text)
    tls_protocol_init                        0x0800657f   Thumb Code     2  protocol.o(.text)
    makepower_protocol_deal                  0x08006581   Thumb Code     2  protocol.o(.text)
    post__protocol_deal                      0x08006583   Thumb Code     2  protocol.o(.text)
    Ariber_PasswordConfirm                   0x080065b9   Thumb Code    40  protocolbase.o(.text)
    Ariber_CancelConfirm                     0x080065e1   Thumb Code    86  protocolbase.o(.text)
    Ariber_ModifyPassword                    0x08006637   Thumb Code    52  protocolbase.o(.text)
    Ariber_GetSysTime                        0x0800666b   Thumb Code     4  protocolbase.o(.text)
    Ariber_SetSysTime                        0x0800666f   Thumb Code     4  protocolbase.o(.text)
    Ariber_SetVoiceMark                      0x08006673   Thumb Code     4  protocolbase.o(.text)
    Ariber_PlayVoice                         0x08006677   Thumb Code     4  protocolbase.o(.text)
    Ariber_GetVoiceMark                      0x0800667b   Thumb Code     4  protocolbase.o(.text)
    Ariber_GetFlashID                        0x0800667f   Thumb Code     4  protocolbase.o(.text)
    wiegand_reader_d0                        0x08006725   Thumb Code    10  wiegand.o(.text)
    wiegand_reader_d1                        0x0800672f   Thumb Code    12  wiegand.o(.text)
    wiegand_reader_d2                        0x0800673b   Thumb Code    12  wiegand.o(.text)
    wiegand_reader_d3                        0x08006747   Thumb Code    12  wiegand.o(.text)
    wiegand_reader_init                      0x08006753   Thumb Code     8  wiegand.o(.text)
    __use_no_semihosting                     0x08006761   Thumb Code     2  use_no_semi_2.o(.text)
    malloc                                   0x08006763   Thumb Code    94  h1_alloc.o(.text)
    free                                     0x080067c1   Thumb Code    78  h1_free.o(.text)
    __2printf                                0x08006811   Thumb Code    20  __2printf.o(.text)
    __2sprintf                               0x08006829   Thumb Code    38  __2sprintf.o(.text)
    _printf_pre_padding                      0x08006855   Thumb Code    44  _printf_pad.o(.text)
    _printf_post_padding                     0x08006881   Thumb Code    34  _printf_pad.o(.text)
    _printf_str                              0x080068a3   Thumb Code    82  _printf_str.o(.text)
    _printf_int_dec                          0x080068f5   Thumb Code   104  _printf_dec.o(.text)
    _printf_longlong_hex                     0x0800696d   Thumb Code    78  _printf_hex_int_ptr.o(.text)
    _printf_int_hex                          0x080069bb   Thumb Code    26  _printf_hex_int_ptr.o(.text)
    _printf_hex_ptr                          0x080069d5   Thumb Code    16  _printf_hex_int_ptr.o(.text)
    __printf                                 0x080069e9   Thumb Code   270  __printf_wp.o(.text)
    memcmp                                   0x08006af7   Thumb Code    88  memcmp.o(.text)
    strcpy                                   0x08006b4f   Thumb Code    72  strcpy.o(.text)
    strrchr                                  0x08006b97   Thumb Code    22  strrchr.o(.text)
    strlen                                   0x08006bad   Thumb Code    62  strlen.o(.text)
    memchr                                   0x08006beb   Thumb Code    20  memchr.o(.text)
    __aeabi_memcpy                           0x08006bff   Thumb Code     0  rt_memcpy_v6.o(.text)
    __rt_memcpy                              0x08006bff   Thumb Code   138  rt_memcpy_v6.o(.text)
    _memcpy_lastbytes                        0x08006c65   Thumb Code     0  rt_memcpy_v6.o(.text)
    __aeabi_memset                           0x08006c89   Thumb Code    16  aeabi_memset.o(.text)
    __aeabi_memclr                           0x08006c99   Thumb Code     0  rt_memclr.o(.text)
    __rt_memclr                              0x08006c99   Thumb Code    68  rt_memclr.o(.text)
    _memset                                  0x08006c9d   Thumb Code     0  rt_memclr.o(.text)
    __aeabi_memclr4                          0x08006cdd   Thumb Code     0  rt_memclr_w.o(.text)
    __aeabi_memclr8                          0x08006cdd   Thumb Code     0  rt_memclr_w.o(.text)
    __rt_memclr_w                            0x08006cdd   Thumb Code    78  rt_memclr_w.o(.text)
    _memset_w                                0x08006ce1   Thumb Code     0  rt_memclr_w.o(.text)
    __use_two_region_memory                  0x08006d2b   Thumb Code     2  heapauxi.o(.text)
    __rt_heap_escrow                         0x08006d2d   Thumb Code     2  heapauxi.o(.text)
    __rt_heap_expand                         0x08006d2f   Thumb Code     2  heapauxi.o(.text)
    __I$use$semihosting                      0x08006d31   Thumb Code     0  use_no_semi.o(.text)
    __use_no_semihosting_swi                 0x08006d31   Thumb Code     2  use_no_semi.o(.text)
    __rt_heap_descriptor                     0x08006d35   Thumb Code     8  rt_heap_descriptor_intlibspace.o(.text)
    __use_no_heap                            0x08006d3d   Thumb Code     2  hguard.o(.text)
    __heap$guard                             0x08006d3f   Thumb Code     2  hguard.o(.text)
    _terminate_user_alloc                    0x08006d41   Thumb Code     2  init_alloc.o(.text)
    _init_user_alloc                         0x08006d43   Thumb Code     2  init_alloc.o(.text)
    __Heap_Full                              0x08006d45   Thumb Code    34  init_alloc.o(.text)
    __Heap_Broken                            0x08006d67   Thumb Code     6  init_alloc.o(.text)
    _init_alloc                              0x08006d6d   Thumb Code    94  init_alloc.o(.text)
    __Heap_Initialize                        0x08006dcb   Thumb Code    10  h1_init.o(.text)
    __Heap_DescSize                          0x08006dd5   Thumb Code     4  h1_init.o(.text)
    _printf_int_common                       0x08006dd9   Thumb Code   178  _printf_intcommon.o(.text)
    _printf_char_common                      0x08006e97   Thumb Code    32  _printf_char_common.o(.text)
    _sputc                                   0x08006ebd   Thumb Code    10  _sputc.o(.text)
    _printf_cs_common                        0x08006ec7   Thumb Code    20  _printf_char.o(.text)
    _printf_char                             0x08006edb   Thumb Code    16  _printf_char.o(.text)
    _printf_string                           0x08006eeb   Thumb Code     8  _printf_char.o(.text)
    _printf_char_file                        0x08006ef5   Thumb Code    32  _printf_char_file.o(.text)
    __aeabi_memcpy4                          0x08006f19   Thumb Code     0  rt_memcpy_w.o(.text)
    __aeabi_memcpy8                          0x08006f19   Thumb Code     0  rt_memcpy_w.o(.text)
    __rt_memcpy_w                            0x08006f19   Thumb Code   100  rt_memcpy_w.o(.text)
    _memcpy_lastbytes_aligned                0x08006f61   Thumb Code     0  rt_memcpy_w.o(.text)
    __user_libspace                          0x08006f7d   Thumb Code     8  libspace.o(.text)
    __user_perproc_libspace                  0x08006f7d   Thumb Code     0  libspace.o(.text)
    __user_perthread_libspace                0x08006f7d   Thumb Code     0  libspace.o(.text)
    __Heap_ProvideMemory                     0x08006f85   Thumb Code    52  h1_extend.o(.text)
    ferror                                   0x08006fb9   Thumb Code     8  ferror.o(.text)
    __rt_SIGRTMEM                            0x08006fc1   Thumb Code    14  defsig_rtmem_outer.o(.text)
    __user_setup_stackheap                   0x08006fcf   Thumb Code    74  sys_stackheap_outer.o(.text)
    exit                                     0x08007019   Thumb Code    18  exit.o(.text)
    __sig_exit                               0x0800702b   Thumb Code    10  defsig_exit.o(.text)
    __rt_SIGRTMEM_inner                      0x08007035   Thumb Code    22  defsig_rtmem_inner.o(.text)
    __default_signal_display                 0x08007085   Thumb Code    50  defsig_general.o(.text)
    _is_digit                                0x080070b7   Thumb Code    14  __printf_wp.o(i._is_digit)
    SysCreatedTime                           0x080070c4   Data           8  protocol.o(.constdata)
    SysCreatedDate                           0x080070cc   Data          12  protocol.o(.constdata)
    Region$$Table$$Base                      0x080071ec   Number         0  anon$$obj.o(Region$$Table)
    Region$$Table$$Limit                     0x0800720c   Number         0  anon$$obj.o(Region$$Table)
    SystemCoreClock                          0x20000000   Data           4  system_stm32f10x.o(.data)
    AHBPrescTable                            0x20000004   Data          16  system_stm32f10x.o(.data)
    RTC_OK_flag                              0x20000014   Data           4  calendar.o(.data)
    intr_counter                             0x2000001c   Data           1  usart.o(.data)
    __stdout                                 0x20000034   Data           4  usart.o(.data)
    pxCurrentTCB                             0x2000004c   Data           4  tasks.o(.data)
    memory_manager_initialized               0x20000200   Data           1  mp_mem.o(.data)
    alloc_heap_mem_bytes                     0x20000204   Data           4  mp_mem.o(.data)
    alloc_heap_mem_blk_cnt                   0x20000208   Data           4  mp_mem.o(.data)
    alloc_heap_mem_max_size                  0x2000020c   Data           4  mp_mem.o(.data)
    mem_sem                                  0x20000210   Data           4  mp_mem.o(.data)
    memory_used_list                         0x20000214   Data           8  mp_mem.o(.data)
    memory_free_list                         0x2000021c   Data           8  mp_mem.o(.data)
    password_default                         0x20000300   Data           5  protocolbase.o(.data)
    xQueueRegistry                           0x2000036c   Data          64  queue.o(.bss)
    uart_st                                  0x200056b8   Data          64  mp_uart_task.o(.bss)
    uart_port                                0x200056f8   Data         264  mp_uart.o(.bss)
    g_hostif                                 0x20005800   Data          28  mp_protocol_hostif.o(.bss)
    mem_blocks                               0x20005860   Data        5600  mp_mem.o(.bss)
    Wiegand_Buf                              0x20006e40   Data          56  wiegand.o(.bss)
    __libspace_start                         0x20006e78   Data          96  libspace.o(.bss)
    __temporary_stack_top$libspace           0x20006ed8   Data           0  libspace.o(.bss)



==============================================================================

Memory Map of the image

  Image Entry point : 0x08000131

  Load Region LR_IROM1 (Base: 0x08000000, Size: 0x00007578, Max: 0x00040000, ABSOLUTE, COMPRESSED[0x000072c8])

    Execution Region ER_IROM1 (Base: 0x08000000, Size: 0x0000720c, Max: 0x00040000, ABSOLUTE)

    Base Addr    Size         Type   Attr      Idx    E Section Name        Object

    0x08000000   0x00000130   Data   RO          443    RESET               startup_stm32f10x_hd.o
    0x08000130   0x00000008   Code   RO         1222  * !!!main             c_w.l(__main.o)
    0x08000138   0x00000034   Code   RO         1440    !!!scatter          c_w.l(__scatter.o)
    0x0800016c   0x0000005a   Code   RO         1438    !!dczerorl2         c_w.l(__dczerorl2.o)
    0x080001c6   0x00000002   PAD
    0x080001c8   0x0000001c   Code   RO         1442    !!handler_zi        c_w.l(__scatter_zi.o)
    0x080001e4   0x00000000   Code   RO         1201    .ARM.Collect$$_printf_percent$$00000000  c_w.l(_printf_percent.o)
    0x080001e4   0x00000006   Code   RO         1198    .ARM.Collect$$_printf_percent$$00000002  c_w.l(_printf_p.o)
    0x080001ea   0x00000006   Code   RO         1199    .ARM.Collect$$_printf_percent$$00000009  c_w.l(_printf_d.o)
    0x080001f0   0x00000006   Code   RO         1200    .ARM.Collect$$_printf_percent$$0000000A  c_w.l(_printf_u.o)
    0x080001f6   0x00000006   Code   RO         1197    .ARM.Collect$$_printf_percent$$0000000C  c_w.l(_printf_x.o)
    0x080001fc   0x00000006   Code   RO         1195    .ARM.Collect$$_printf_percent$$00000013  c_w.l(_printf_c.o)
    0x08000202   0x00000006   Code   RO         1196    .ARM.Collect$$_printf_percent$$00000014  c_w.l(_printf_s.o)
    0x08000208   0x00000004   Code   RO         1264    .ARM.Collect$$_printf_percent$$00000017  c_w.l(_printf_percent_end.o)
    0x0800020c   0x00000002   Code   RO         1381    .ARM.Collect$$libinit$$00000000  c_w.l(libinit.o)
    0x0800020e   0x00000000   Code   RO         1270    .ARM.Collect$$libinit$$00000002  c_w.l(libinit2.o)
    0x0800020e   0x00000000   Code   RO         1272    .ARM.Collect$$libinit$$00000004  c_w.l(libinit2.o)
    0x0800020e   0x00000008   Code   RO         1273    .ARM.Collect$$libinit$$00000005  c_w.l(libinit2.o)
    0x08000216   0x00000000   Code   RO         1275    .ARM.Collect$$libinit$$0000000A  c_w.l(libinit2.o)
    0x08000216   0x00000000   Code   RO         1277    .ARM.Collect$$libinit$$0000000C  c_w.l(libinit2.o)
    0x08000216   0x00000000   Code   RO         1279    .ARM.Collect$$libinit$$0000000E  c_w.l(libinit2.o)
    0x08000216   0x00000000   Code   RO         1282    .ARM.Collect$$libinit$$00000011  c_w.l(libinit2.o)
    0x08000216   0x00000000   Code   RO         1284    .ARM.Collect$$libinit$$00000013  c_w.l(libinit2.o)
    0x08000216   0x00000000   Code   RO         1286    .ARM.Collect$$libinit$$00000015  c_w.l(libinit2.o)
    0x08000216   0x00000000   Code   RO         1288    .ARM.Collect$$libinit$$00000017  c_w.l(libinit2.o)
    0x08000216   0x00000000   Code   RO         1290    .ARM.Collect$$libinit$$00000019  c_w.l(libinit2.o)
    0x08000216   0x00000000   Code   RO         1292    .ARM.Collect$$libinit$$0000001B  c_w.l(libinit2.o)
    0x08000216   0x00000000   Code   RO         1294    .ARM.Collect$$libinit$$0000001D  c_w.l(libinit2.o)
    0x08000216   0x00000000   Code   RO         1296    .ARM.Collect$$libinit$$0000001F  c_w.l(libinit2.o)
    0x08000216   0x00000000   Code   RO         1298    .ARM.Collect$$libinit$$00000021  c_w.l(libinit2.o)
    0x08000216   0x00000000   Code   RO         1300    .ARM.Collect$$libinit$$00000023  c_w.l(libinit2.o)
    0x08000216   0x00000000   Code   RO         1302    .ARM.Collect$$libinit$$00000025  c_w.l(libinit2.o)
    0x08000216   0x00000000   Code   RO         1306    .ARM.Collect$$libinit$$0000002C  c_w.l(libinit2.o)
    0x08000216   0x00000000   Code   RO         1308    .ARM.Collect$$libinit$$0000002E  c_w.l(libinit2.o)
    0x08000216   0x00000000   Code   RO         1310    .ARM.Collect$$libinit$$00000030  c_w.l(libinit2.o)
    0x08000216   0x00000000   Code   RO         1312    .ARM.Collect$$libinit$$00000032  c_w.l(libinit2.o)
    0x08000216   0x00000002   Code   RO         1313    .ARM.Collect$$libinit$$00000033  c_w.l(libinit2.o)
    0x08000218   0x00000002   Code   RO         1435    .ARM.Collect$$libshutdown$$00000000  c_w.l(libshutdown.o)
    0x0800021a   0x00000000   Code   RO         1393    .ARM.Collect$$libshutdown$$00000002  c_w.l(libshutdown2.o)
    0x0800021a   0x00000000   Code   RO         1395    .ARM.Collect$$libshutdown$$00000004  c_w.l(libshutdown2.o)
    0x0800021a   0x00000000   Code   RO         1398    .ARM.Collect$$libshutdown$$00000007  c_w.l(libshutdown2.o)
    0x0800021a   0x00000000   Code   RO         1401    .ARM.Collect$$libshutdown$$0000000A  c_w.l(libshutdown2.o)
    0x0800021a   0x00000000   Code   RO         1403    .ARM.Collect$$libshutdown$$0000000C  c_w.l(libshutdown2.o)
    0x0800021a   0x00000000   Code   RO         1406    .ARM.Collect$$libshutdown$$0000000F  c_w.l(libshutdown2.o)
    0x0800021a   0x00000002   Code   RO         1407    .ARM.Collect$$libshutdown$$00000010  c_w.l(libshutdown2.o)
    0x0800021c   0x00000000   Code   RO         1228    .ARM.Collect$$rtentry$$00000000  c_w.l(__rtentry.o)
    0x0800021c   0x00000000   Code   RO         1320    .ARM.Collect$$rtentry$$00000002  c_w.l(__rtentry2.o)
    0x0800021c   0x00000006   Code   RO         1332    .ARM.Collect$$rtentry$$00000004  c_w.l(__rtentry4.o)
    0x08000222   0x00000000   Code   RO         1322    .ARM.Collect$$rtentry$$00000009  c_w.l(__rtentry2.o)
    0x08000222   0x00000004   Code   RO         1323    .ARM.Collect$$rtentry$$0000000A  c_w.l(__rtentry2.o)
    0x08000226   0x00000000   Code   RO         1325    .ARM.Collect$$rtentry$$0000000C  c_w.l(__rtentry2.o)
    0x08000226   0x00000008   Code   RO         1326    .ARM.Collect$$rtentry$$0000000D  c_w.l(__rtentry2.o)
    0x0800022e   0x00000002   Code   RO         1382    .ARM.Collect$$rtexit$$00000000  c_w.l(rtexit.o)
    0x08000230   0x00000000   Code   RO         1409    .ARM.Collect$$rtexit$$00000002  c_w.l(rtexit2.o)
    0x08000230   0x00000004   Code   RO         1410    .ARM.Collect$$rtexit$$00000003  c_w.l(rtexit2.o)
    0x08000234   0x00000006   Code   RO         1411    .ARM.Collect$$rtexit$$00000004  c_w.l(rtexit2.o)
    0x0800023a   0x00000002   PAD
    0x0800023c   0x00000096   Code   RO          674    .emb_text           port.o
    0x080002d2   0x00000002   PAD
    0x080002d4   0x00000000   Code   RO         1336    .emb_text           c_w.l(maybetermalloc1.o)
    0x080002d4   0x00000012   Code   RO            1    .text               main.o
    0x080002e6   0x0000000c   Code   RO          153    .text               stm32f10x_it.o
    0x080002f2   0x00000002   PAD
    0x080002f4   0x00000158   Code   RO          194    .text               system_stm32f10x.o
    0x0800044c   0x0000001e   Code   RO          212    .text               app.o
    0x0800046a   0x00000016   Code   RO          290    .text               platform.o
    0x08000480   0x00000198   Code   RO          320    .text               calendar.o
    0x08000618   0x00000568   Code   RO          341    .text               sd2068.o
    0x08000b80   0x00000248   Code   RO          353    .text               card.o
    0x08000dc8   0x000000d8   Code   RO          371    .text               delay.o
    0x08000ea0   0x00000330   Code   RO          402    .text               usart.o
    0x080011d0   0x00000040   Code   RO          444    .text               startup_stm32f10x_hd.o
    0x08001210   0x000000b0   Code   RO          448    .text               misc.o
    0x080012c0   0x00000264   Code   RO          460    .text               stm32f10x_gpio.o
    0x08001524   0x000002b8   Code   RO          472    .text               stm32f10x_rcc.o
    0x080017dc   0x00000328   Code   RO          486    .text               stm32f10x_usart.o
    0x08001b04   0x000000e8   Code   RO          511    .text               stm32f10x_exti.o
    0x08001bec   0x00000088   Code   RO          596    .text               list.o
    0x08001c74   0x00000aac   Code   RO          608    .text               queue.o
    0x08002720   0x0000134c   Code   RO          627    .text               tasks.o
    0x08003a6c   0x00000518   Code   RO          659    .text               timers.o
    0x08003f84   0x000001f8   Code   RO          675    .text               port.o
    0x0800417c   0x00000214   Code   RO          705    .text               heap_4.o
    0x08004390   0x000004f8   Code   RO          720    .text               mp_uart_task.o
    0x08004888   0x00000064   Code   RO          761    .text               mp_idle_task.o
    0x080048ec   0x00000002   Code   RO          776    .text               mp_memory_task.o
    0x080048ee   0x00000002   PAD
    0x080048f0   0x00000038   Code   RO          788    .text               mp_card_task.o
    0x08004928   0x00000002   Code   RO          803    .text               mp_door_task.o
    0x0800492a   0x00000274   Code   RO          815    .text               basicfunc.o
    0x08004b9e   0x00000002   PAD
    0x08004ba0   0x000005a8   Code   RO          831    .text               mp_uart.o
    0x08005148   0x000002c6   Code   RO          855    .text               mp_osal_rtos.o
    0x0800540e   0x00000002   PAD
    0x08005410   0x00000268   Code   RO          867    .text               mp_protocol_hostif.o
    0x08005678   0x00000098   Code   RO          899    .text               param_base.o
    0x08005710   0x00000748   Code   RO          929    .text               mp_mem.o
    0x08005e58   0x00000760   Code   RO          958    .text               protocol.o
    0x080065b8   0x00000110   Code   RO          991    .text               protocolbase.o
    0x080066c8   0x00000098   Code   RO         1054    .text               wiegand.o
    0x08006760   0x00000002   Code   RO         1074    .text               c_w.l(use_no_semi_2.o)
    0x08006762   0x0000005e   Code   RO         1080    .text               c_w.l(h1_alloc.o)
    0x080067c0   0x0000004e   Code   RO         1082    .text               c_w.l(h1_free.o)
    0x0800680e   0x00000002   PAD
    0x08006810   0x00000018   Code   RO         1138    .text               c_w.l(__2printf.o)
    0x08006828   0x0000002c   Code   RO         1140    .text               c_w.l(__2sprintf.o)
    0x08006854   0x0000004e   Code   RO         1148    .text               c_w.l(_printf_pad.o)
    0x080068a2   0x00000052   Code   RO         1150    .text               c_w.l(_printf_str.o)
    0x080068f4   0x00000078   Code   RO         1152    .text               c_w.l(_printf_dec.o)
    0x0800696c   0x0000007c   Code   RO         1166    .text               c_w.l(_printf_hex_int_ptr.o)
    0x080069e8   0x0000010e   Code   RO         1183    .text               c_w.l(__printf_wp.o)
    0x08006af6   0x00000058   Code   RO         1202    .text               c_w.l(memcmp.o)
    0x08006b4e   0x00000048   Code   RO         1204    .text               c_w.l(strcpy.o)
    0x08006b96   0x00000016   Code   RO         1206    .text               c_w.l(strrchr.o)
    0x08006bac   0x0000003e   Code   RO         1208    .text               c_w.l(strlen.o)
    0x08006bea   0x00000014   Code   RO         1210    .text               c_w.l(memchr.o)
    0x08006bfe   0x0000008a   Code   RO         1212    .text               c_w.l(rt_memcpy_v6.o)
    0x08006c88   0x00000010   Code   RO         1214    .text               c_w.l(aeabi_memset.o)
    0x08006c98   0x00000044   Code   RO         1216    .text               c_w.l(rt_memclr.o)
    0x08006cdc   0x0000004e   Code   RO         1218    .text               c_w.l(rt_memclr_w.o)
    0x08006d2a   0x00000006   Code   RO         1220    .text               c_w.l(heapauxi.o)
    0x08006d30   0x00000002   Code   RO         1224    .text               c_w.l(use_no_semi.o)
    0x08006d32   0x00000002   PAD
    0x08006d34   0x00000008   Code   RO         1232    .text               c_w.l(rt_heap_descriptor_intlibspace.o)
    0x08006d3c   0x00000004   Code   RO         1234    .text               c_w.l(hguard.o)
    0x08006d40   0x0000008a   Code   RO         1236    .text               c_w.l(init_alloc.o)
    0x08006dca   0x0000000e   Code   RO         1240    .text               c_w.l(h1_init.o)
    0x08006dd8   0x000000b2   Code   RO         1254    .text               c_w.l(_printf_intcommon.o)
    0x08006e8a   0x00000002   PAD
    0x08006e8c   0x00000030   Code   RO         1256    .text               c_w.l(_printf_char_common.o)
    0x08006ebc   0x0000000a   Code   RO         1258    .text               c_w.l(_sputc.o)
    0x08006ec6   0x0000002c   Code   RO         1260    .text               c_w.l(_printf_char.o)
    0x08006ef2   0x00000002   PAD
    0x08006ef4   0x00000024   Code   RO         1262    .text               c_w.l(_printf_char_file.o)
    0x08006f18   0x00000064   Code   RO         1265    .text               c_w.l(rt_memcpy_w.o)
    0x08006f7c   0x00000008   Code   RO         1316    .text               c_w.l(libspace.o)
    0x08006f84   0x00000034   Code   RO         1338    .text               c_w.l(h1_extend.o)
    0x08006fb8   0x00000008   Code   RO         1344    .text               c_w.l(ferror.o)
    0x08006fc0   0x0000000e   Code   RO         1348    .text               c_w.l(defsig_rtmem_outer.o)
    0x08006fce   0x0000004a   Code   RO         1360    .text               c_w.l(sys_stackheap_outer.o)
    0x08007018   0x00000012   Code   RO         1366    .text               c_w.l(exit.o)
    0x0800702a   0x0000000a   Code   RO         1368    .text               c_w.l(defsig_exit.o)
    0x08007034   0x00000050   Code   RO         1370    .text               c_w.l(defsig_rtmem_inner.o)
    0x08007084   0x00000032   Code   RO         1390    .text               c_w.l(defsig_general.o)
    0x080070b6   0x0000000e   Code   RO         1185    i._is_digit         c_w.l(__printf_wp.o)
    0x080070c4   0x00000014   Data   RO          959    .constdata          protocol.o
    0x080070d8   0x00000028   Data   RO         1167    .constdata          c_w.l(_printf_hex_int_ptr.o)
    0x08007100   0x000000eb   Data   RO          931    .conststring        mp_mem.o
    0x080071eb   0x00000001   PAD
    0x080071ec   0x00000020   Data   RO         1436    Region$$Table       anon$$obj.o


    Execution Region RW_IRAM1 (Base: 0x20000000, Size: 0x000076d8, Max: 0x0000c000, ABSOLUTE, COMPRESSED[0x000000bc])

    Base Addr    Size         Type   Attr      Idx    E Section Name        Object

    0x20000000   0x00000014   Data   RW          195    .data               system_stm32f10x.o
    0x20000014   0x00000004   Data   RW          321    .data               calendar.o
    0x20000018   0x00000004   Data   RW          372    .data               delay.o
    0x2000001c   0x00000018   Data   RW          403    .data               usart.o
    0x20000034   0x00000004   Data   RW          404    .data               usart.o
    0x20000038   0x00000014   Data   RW          473    .data               stm32f10x_rcc.o
    0x2000004c   0x0000003c   Data   RW          629    .data               tasks.o
    0x20000088   0x00000014   Data   RW          661    .data               timers.o
    0x2000009c   0x0000000c   Data   RW          676    .data               port.o
    0x200000a8   0x00000018   Data   RW          707    .data               heap_4.o
    0x200000c0   0x00000064   Data   RW          723    .data               mp_uart_task.o
    0x20000124   0x00000078   Data   RW          833    .data               mp_uart.o
    0x2000019c   0x00000064   Data   RW          871    .data               mp_protocol_hostif.o
    0x20000200   0x00000024   Data   RW          932    .data               mp_mem.o
    0x20000224   0x000000dc   Data   RW          960    .data               protocol.o
    0x20000300   0x00000069   Data   RW          992    .data               protocolbase.o
    0x20000369   0x00000003   PAD
    0x2000036c   0x00000040   Zero   RW          609    .bss                queue.o
    0x200003ac   0x000002e4   Zero   RW          628    .bss                tasks.o
    0x20000690   0x00000028   Zero   RW          660    .bss                timers.o
    0x200006b8   0x00005000   Zero   RW          706    .bss                heap_4.o
    0x200056b8   0x00000040   Zero   RW          721    .bss                mp_uart_task.o
    0x200056f8   0x00000108   Zero   RW          832    .bss                mp_uart.o
    0x20005800   0x0000001c   Zero   RW          870    .bss                mp_protocol_hostif.o
    0x2000581c   0x00000044   Zero   RW          900    .bss                param_base.o
    0x20005860   0x000015e0   Zero   RW          930    .bss                mp_mem.o
    0x20006e40   0x00000038   Zero   RW         1055    .bss                wiegand.o
    0x20006e78   0x00000060   Zero   RW         1317    .bss                c_w.l(libspace.o)
    0x20006ed8   0x00000400   Zero   RW          442    HEAP                startup_stm32f10x_hd.o
    0x200072d8   0x00000400   Zero   RW          441    STACK               startup_stm32f10x_hd.o


==============================================================================

Image component sizes


      Code (inc. data)   RO Data    RW Data    ZI Data      Debug   Object Name

        30          0          0          0          0       7567   app.o
       628          0          0          0          0       5989   basicfunc.o
       408          6          0          4          0       2475   calendar.o
       584         10          0          0          0       1889   card.o
       216         12          0          4          0       1517   delay.o
         0          0          0          0          0       9228   event_groups.o
       532         66          0         24      20480       3300   heap_4.o
       136          0          0          0          0       1722   list.o
        18          0          0          0          0     244551   main.o
       176         14          0          0          0       1817   misc.o
        56         16          0          0          0        524   mp_card_task.o
         2          0          0          0          0        368   mp_door_task.o
       100         34          0          0          0        656   mp_idle_task.o
      1864        604        235         36       5600       9348   mp_mem.o
         2          0          0          0          0        378   mp_memory_task.o
       710          0          0          0          0       7913   mp_osal_rtos.o
       616        126          0        100         28       7820   mp_protocol_hostif.o
      1448         98          0        120        264       9958   mp_uart.o
      1272        276          0        100         64      12331   mp_uart_task.o
       152         62          0          0         68       2300   param_base.o
        22          0          0          0          0        851   platform.o
       654         94          0         12          0       7505   port.o
      1888        440         20        220          0      16069   protocol.o
       272         70          0        105          0       4498   protocolbase.o
      2732         52          0          0         64      16980   queue.o
      1384         12          0          0          0       4178   sd2068.o
        64         26        304          0       2048        756   startup_stm32f10x_hd.o
       232          8          0          0          0       2327   stm32f10x_exti.o
       612         36          0          0          0       5949   stm32f10x_gpio.o
        12          0          0          0          0        847   stm32f10x_it.o
       696         32          0         20          0       8888   stm32f10x_rcc.o
       808         22          0          0          0       8812   stm32f10x_usart.o
         0          0          0          0          0         32   sys.o
       344         34          0         20          0       1659   system_stm32f10x.o
      4940        180          0         60        740      33078   tasks.o
      1304        128          0         20         40       8948   timers.o
       816         28          0         28          0       7716   usart.o
       152          6          0          0         56       3512   wiegand.o

    ----------------------------------------------------------------------
     25892       2492        592        876      29452     464256   Object Totals
         0          0         32          0          0          0   (incl. Generated)
        10          0          1          3          0          0   (incl. Padding)

    ----------------------------------------------------------------------

      Code (inc. data)   RO Data    RW Data    ZI Data      Debug   Library Member Name

        24          4          0          0          0         84   __2printf.o
        44          6          0          0          0         84   __2sprintf.o
        90          0          0          0          0          0   __dczerorl2.o
         8          0          0          0          0         68   __main.o
       284          0          0          0          0        156   __printf_wp.o
         0          0          0          0          0          0   __rtentry.o
        12          0          0          0          0          0   __rtentry2.o
         6          0          0          0          0          0   __rtentry4.o
        52          8          0          0          0          0   __scatter.o
        28          0          0          0          0          0   __scatter_zi.o
         6          0          0          0          0          0   _printf_c.o
        44          0          0          0          0        108   _printf_char.o
        48          6          0          0          0         96   _printf_char_common.o
        36          4          0          0          0         80   _printf_char_file.o
         6          0          0          0          0          0   _printf_d.o
       120         16          0          0          0         92   _printf_dec.o
       124          4         40          0          0        144   _printf_hex_int_ptr.o
       178          0          0          0          0         88   _printf_intcommon.o
         6          0          0          0          0          0   _printf_p.o
        78          0          0          0          0        108   _printf_pad.o
         0          0          0          0          0          0   _printf_percent.o
         4          0          0          0          0          0   _printf_percent_end.o
         6          0          0          0          0          0   _printf_s.o
        82          0          0          0          0         80   _printf_str.o
         6          0          0          0          0          0   _printf_u.o
         6          0          0          0          0          0   _printf_x.o
        10          0          0          0          0         68   _sputc.o
        16          0          0          0          0         68   aeabi_memset.o
        10          0          0          0          0         68   defsig_exit.o
        50          0          0          0          0         88   defsig_general.o
        80         58          0          0          0         76   defsig_rtmem_inner.o
        14          0          0          0          0         80   defsig_rtmem_outer.o
        18          0          0          0          0         80   exit.o
         8          0          0          0          0         68   ferror.o
        94          0          0          0          0         80   h1_alloc.o
        52          0          0          0          0         68   h1_extend.o
        78          0          0          0          0         80   h1_free.o
        14          0          0          0          0         84   h1_init.o
         6          0          0          0          0        152   heapauxi.o
         4          0          0          0          0        136   hguard.o
       138          0          0          0          0        168   init_alloc.o
         2          0          0          0          0          0   libinit.o
        10          0          0          0          0          0   libinit2.o
         2          0          0          0          0          0   libshutdown.o
         2          0          0          0          0          0   libshutdown2.o
         8          4          0          0         96         68   libspace.o
         0          0          0          0          0          0   maybetermalloc1.o
        20          0          0          0          0         68   memchr.o
        88          0          0          0          0         76   memcmp.o
         8          4          0          0          0         68   rt_heap_descriptor_intlibspace.o
        68          0          0          0          0         68   rt_memclr.o
        78          0          0          0          0         80   rt_memclr_w.o
       138          0          0          0          0         68   rt_memcpy_v6.o
       100          0          0          0          0         80   rt_memcpy_w.o
         2          0          0          0          0          0   rtexit.o
        10          0          0          0          0          0   rtexit2.o
        72          0          0          0          0         80   strcpy.o
        62          0          0          0          0         76   strlen.o
        22          0          0          0          0         68   strrchr.o
        74          0          0          0          0         80   sys_stackheap_outer.o
         2          0          0          0          0         68   use_no_semi.o
         2          0          0          0          0         68   use_no_semi_2.o

    ----------------------------------------------------------------------
      2672        114         40          0         96       3568   Library Totals
        12          0          0          0          0          0   (incl. Padding)

    ----------------------------------------------------------------------

      Code (inc. data)   RO Data    RW Data    ZI Data      Debug   Library Name

      2660        114         40          0         96       3568   c_w.l

    ----------------------------------------------------------------------
      2672        114         40          0         96       3568   Library Totals

    ----------------------------------------------------------------------

==============================================================================


      Code (inc. data)   RO Data    RW Data    ZI Data      Debug   

     28564       2606        632        876      29548     461528   Grand Totals
     28564       2606        632        188      29548     461528   ELF Image Totals (compressed)
     28564       2606        632        188          0          0   ROM Totals

==============================================================================

    Total RO  Size (Code + RO Data)                29196 (  28.51kB)
    Total RW  Size (RW Data + ZI Data)             30424 (  29.71kB)
    Total ROM Size (Code + RO Data + RW Data)      29384 (  28.70kB)

==============================================================================

