<html>
<body>
<pre>
<h1>礦ision Build Log</h1>
<h2>Tool Versions:</h2>
IDE-Version: μVision V5.18.0.0
Copyright (C) 2016 ARM Ltd and ARM Germany GmbH. All rights reserved.
License Information: wdsa Microsoft, Microsoft, LIC=HN0WF-624T2-NAUDU-STMQV-7PG1C-0FZJP
 
Tool Versions:
Toolchain:       MDK-ARM Standard  Version: 5.18
Toolchain Path:  C:\Keil_v5\ARM\ARMCC\Bin
C Compiler:      Armcc.exe V5.06 update 1 (build 61)
Assembler:       Armasm.exe V5.06 update 1 (build 61)
Linker/Locator:  ArmLink.exe V5.06 update 1 (build 61)
Library Manager: ArmAr.exe V5.06 update 1 (build 61)
Hex Converter:   FromElf.exe V5.06 update 1 (build 61)
CPU DLL:         SARMCM3.DLL V5.18
Dialog DLL:      DARMSTM.DLL V1.65.0.0
Target DLL:      STLink\ST-LINKIII-KEIL_SWO.dll V2.0.18.0
Dialog DLL:        TARMSTM.DLL   
 
<h2>Project:</h2>
E:\doorgate\USER\FreeRTOS.uvprojx
Project File Date:  05/30/2018

<h2>Output:</h2>
*** Using Compiler 'V5.06 update 1 (build 61)', folder: 'C:\Keil_v5\ARM\ARMCC\Bin'
Build target 'FreeRTOS'
compiling ProtocolBase.c...
..\PROTOCAL\ProtocolBase.c(77): warning:  #167-D: argument of type "u8 *" is incompatible with parameter of type "const char *"
        len_tmp[0] =  strlen(info->SoftWare_Ver);       
..\PROTOCAL\ProtocolBase.c(93): warning:  #167-D: argument of type "u8 *" is incompatible with parameter of type "const char *"
        len_tmp[2] =  strlen(info->Company_Name);               
..\PROTOCAL\ProtocolBase.c(151): warning:  #177-D: variable "resp_len" was declared but never referenced
        u8 resp_len;    
..\PROTOCAL\ProtocolBase.c(537): warning:  #177-D: variable "tmp" was declared but never referenced
        u8 i,j,tmp;     
..\PROTOCAL\ProtocolBase.c(636): warning:  #177-D: variable "tmp" was declared but never referenced
        u8 i,j,tmp;
..\PROTOCAL\ProtocolBase.c(733): warning:  #177-D: variable "tmp" was declared but never referenced
        u8 i,j,tmp;             
..\PROTOCAL\ProtocolBase.c(884): warning:  #177-D: variable "Card_EndianSet" was declared but never referenced
        u8 Card_EndianSet = tok->arg[3];//?纸???????
..\PROTOCAL\ProtocolBase.c(900): warning:  #177-D: variable "Army_Period" was declared but never referenced
        u8 Army_Period = tok->arg[3];//布??时??(单位:????)
..\PROTOCAL\ProtocolBase.c(932): warning:  #550-D: variable "Alarm_Arming_Time" was set but never used
        u16 Alarm_Arming_Time;
..\PROTOCAL\ProtocolBase.c(972): warning:  #550-D: variable "Armying_Flag" was set but never used
        u8 Armying_Flag,Armying_Type,Armying_Tim_Num,Armying_Tim[6],Armying_N_Byte;
..\PROTOCAL\ProtocolBase.c(972): warning:  #550-D: variable "Armying_Type" was set but never used
        u8 Armying_Flag,Armying_Type,Armying_Tim_Num,Armying_Tim[6],Armying_N_Byte;
..\PROTOCAL\ProtocolBase.c(972): warning:  #550-D: variable "Armying_Tim_Num" was set but never used
        u8 Armying_Flag,Armying_Type,Armying_Tim_Num,Armying_Tim[6],Armying_N_Byte;
..\PROTOCAL\ProtocolBase.c(972): warning:  #550-D: variable "Armying_Tim" was set but never used
        u8 Armying_Flag,Armying_Type,Armying_Tim_Num,Armying_Tim[6],Armying_N_Byte;
..\PROTOCAL\ProtocolBase.c(972): warning:  #550-D: variable "Armying_N_Byte" was set but never used
        u8 Armying_Flag,Armying_Type,Armying_Tim_Num,Armying_Tim[6],Armying_N_Byte;
..\PROTOCAL\ProtocolBase.c(973): warning:  #550-D: variable "Armying_Man" was set but never used
        u8 Armying_Man,Armying_Condition;
..\PROTOCAL\ProtocolBase.c(973): warning:  #550-D: variable "Armying_Condition" was set but never used
        u8 Armying_Man,Armying_Condition;
..\PROTOCAL\ProtocolBase.c(974): warning:  #550-D: variable "LianDong" was set but never used
        u8 LianDong[8];
..\PROTOCAL\ProtocolBase.c(1038): warning:  #117-D: non-void function "Ariber_SetSystemSta" should return a value
                        return; 
..\PROTOCAL\ProtocolBase.c(1040): warning:  #111-D: statement is unreachable
                        break;
..\PROTOCAL\ProtocolBase.c(1068): warning:  #550-D: variable "Door_Num" was set but never used
        u8 Door_Num,Mask_Bit[2],pos = 2;
..\PROTOCAL\ProtocolBase.c(1069): warning:  #550-D: variable "Voice_Mask" was set but never used
        u16 Voice_Mask;
..\PROTOCAL\ProtocolBase.c(1260): warning:  #177-D: variable "expr_param_num" was declared but never referenced
        u8 expr_param_num = 3;  
..\PROTOCAL\ProtocolBase.c: 22 warnings, 0 errors
linking...
Program Size: Code=42540 RO-data=612 RW-data=1132 ZI-data=30236  
FromELF: creating hex file...
"..\OBJ\LED.axf" - 0 Error(s), 22 Warning(s).

<h2>Collection of Component include folders:</h2>
  E:\doorgate\USER\RTE
  C:\Keil_v5\ARM\PACK\Keil\STM32F1xx_DFP\2.0.0\Device\Include

<h2>Collection of Component Files used:</h2>
Build Time Elapsed:  00:00:03
</pre>
</body>
</html>
