<html>
<body>
<pre>
<h1>礦ision Build Log</h1>
<h2>Tool Versions:</h2>
IDE-Version: μVision V5.18.0.0
Copyright (C) 2016 ARM Ltd and ARM Germany GmbH. All rights reserved.
License Information: wdsa Microsoft, Microsoft, LIC=HN0WF-624T2-NAUDU-STMQV-7PG1C-0FZJP
 
Tool Versions:
Toolchain:       MDK-ARM Standard  Version: 5.18
Toolchain Path:  C:\Keil_v5\ARM\ARMCC\Bin
C Compiler:      Armcc.exe V5.06 update 1 (build 61)
Assembler:       Armasm.exe V5.06 update 1 (build 61)
Linker/Locator:  ArmLink.exe V5.06 update 1 (build 61)
Library Manager: ArmAr.exe V5.06 update 1 (build 61)
Hex Converter:   FromElf.exe V5.06 update 1 (build 61)
CPU DLL:         SARMCM3.DLL V5.18
Dialog DLL:      DARMSTM.DLL V1.65.0.0
Target DLL:      Segger\JL2CM3.dll V2.99.18.0
Dialog DLL:      TARMSTM.DLL V1.64.0.0
 
<h2>Project:</h2>
E:\贩卖机\vending_machine\我的UI\ALIENTEK MINISTM32 实验11 TFT LCD液晶显示实验\USER\LCD.uvprojx
Project File Date:  06/11/2018

<h2>Output:</h2>
*** Using Compiler 'V5.06 update 1 (build 61)', folder: 'C:\Keil_v5\ARM\ARMCC\Bin'
Build target 'Target 1'
compiling my_ui.c...
..\APP\my_ui.c(20): warning:  #177-D: variable "textboxs" was declared but never referenced
      static UG_TEXTBOX textboxs[2];
..\APP\my_ui.c(126): warning:  #177-D: variable "j" was declared but never referenced
      int j = 0;
..\APP\my_ui.c(437): warning:  #177-D: variable "ch" was declared but never referenced
      char ch;
..\APP\my_ui.c(452): warning:  #177-D: variable "duration" was declared but never referenced
              int duration;
..\APP\my_ui.c(708): warning:  #177-D: variable "index" was declared but never referenced
              int index;
..\APP\my_ui.c(119): warning:  #177-D: function "time_window_create" was declared but never referenced
  static void time_window_create(void)
..\APP\my_ui.c(200): warning:  #177-D: function "time_window_show" was declared but never referenced
  static void time_window_show(void)
..\APP\my_ui.c(235): warning:  #177-D: function "home_window_create" was declared but never referenced
  static void home_window_create(void)
..\APP\my_ui.c(294): warning:  #177-D: function "home_window_show" was declared but never referenced
  static void home_window_show(void)
..\APP\my_ui.c(316): warning:  #177-D: variable "g_vibrator_parameters" was declared but never referenced
  static uint32_t *g_vibrator_parameters = 0;
..\APP\my_ui.c(317): warning:  #177-D: variable "g_vibrator_mode" was declared but never referenced
  static uint8_t g_vibrator_mode = 0;
..\APP\my_ui.c(318): warning:  #177-D: variable "g_vibrator_time" was declared but never referenced
  static uint32_t g_vibrator_time = 0;
..\APP\my_ui.c(319): warning:  #177-D: variable "g_vibrator_time_str" was declared but never referenced
  static char g_vibrator_time_str[8] = {0,};
..\APP\my_ui.c(396): warning:  #177-D: function "vibrator_window_show" was declared but never referenced
  static void vibrator_window_show(void)
..\APP\my_ui.c(429): warning:  #177-D: variable "g_led_matrix_display_char" was declared but never referenced
  static char g_led_matrix_display_char = ' ';
..\APP\my_ui.c(430): warning:  #177-D: variable "g_led_matrix_parameters" was declared but never referenced
  static uint32_t *g_led_matrix_parameters = 0;
..\APP\my_ui.c: 16 warnings, 0 errors
linking...
Program Size: Code=47840 RO-data=33928 RW-data=276 ZI-data=7508  
FromELF: creating hex file...
"..\OBJ\LCD.axf" - 0 Error(s), 16 Warning(s).

<h2>Collection of Component include folders:</h2>
  E:\贩卖机\vending_machine\我的UI\ALIENTEK MINISTM32 实验11 TFT LCD液晶显示实验\USER\RTE
  C:\Keil_v5\ARM\PACK\Keil\STM32F1xx_DFP\2.0.0\Device\Include

<h2>Collection of Component Files used:</h2>
Build Time Elapsed:  00:00:01
</pre>
</body>
</html>
