<html>
<body>
<pre>
<h1>µVision Build Log</h1>
<h2>Tool Versions:</h2>
IDE-Version: ¶ÃVision V5.18.0.0
Copyright (C) 2016 ARM Ltd and ARM Germany GmbH. All rights reserved.
License Information: wdsa Microsoft, Microsoft, LIC=HN0WF-624T2-NAUDU-STMQV-7PG1C-0FZJP
 
Tool Versions:
Toolchain:       MDK-ARM Standard  Version: 5.18
Toolchain Path:  C:\Keil_v5\ARM\ARMCC\Bin
C Compiler:      Armcc.exe V5.06 update 1 (build 61)
Assembler:       Armasm.exe V5.06 update 1 (build 61)
Linker/Locator:  ArmLink.exe V5.06 update 1 (build 61)
Library Manager: ArmAr.exe V5.06 update 1 (build 61)
Hex Converter:   FromElf.exe V5.06 update 1 (build 61)
CPU DLL:         SARMCM3.DLL V5.18
Dialog DLL:      DARMSTM.DLL V1.65.0.0
Target DLL:      STLink\ST-LINKIII-KEIL_SWO.dll V2.0.18.0
Dialog DLL:      TARMSTM.DLL V1.64.0.0
 
<h2>Project:</h2>
E:\doorgate\SPI_IIC_LED_BEEP≤‚ ‘≥Ã–Ú\USER\SPI.uvprojx
Project File Date:  06/19/2018

<h2>Output:</h2>
*** Using Compiler 'V5.06 update 1 (build 61)', folder: 'C:\Keil_v5\ARM\ARMCC\Bin'
Build target 'Target 1'
compiling main.c...
main.c(72): warning:  #167-D: argument of type "const u8 *" is incompatible with parameter of type "const char *"
        text_size         = strlen(TEXT_Buffer);                                        
main.c(73): warning:  #167-D: argument of type "const u8 *" is incompatible with parameter of type "const char *"
        IIC_text_size = strlen(IIC_Buffer);
main.c(47): warning:  #177-D: variable "key" was declared but never referenced
        u8 key; 
main.c(48): warning:  #177-D: variable "i" was declared but never referenced
        u16 i=0;                
main.c(49): warning:  #550-D: variable "start" was set but never used
        u32 start;      
main.c(50): warning:  #177-D: variable "rec" was declared but never referenced
        UART_REC *rec;  
main.c(51): warning:  #550-D: variable "text_size" was set but never used
        u16 text_size,IIC_text_size;            
main.c(51): warning:  #550-D: variable "IIC_text_size" was set but never used
        u16 text_size,IIC_text_size;            
main.c(36): warning:  #177-D: function "Wait" was declared but never referenced
  static void  Wait(void)
main.c: 9 warnings, 0 errors
linking...
Program Size: Code=12436 RO-data=360 RW-data=72 ZI-data=3800  
FromELF: creating hex file...
"..\OBJ\SPI.axf" - 0 Error(s), 9 Warning(s).

<h2>Collection of Component include folders:</h2>
  E:\doorgate\SPI_IIC_LED_BEEP≤‚ ‘≥Ã–Ú\USER\RTE
  C:\Keil_v5\ARM\PACK\Keil\STM32F1xx_DFP\2.0.0\Device\Include

<h2>Collection of Component Files used:</h2>
Build Time Elapsed:  00:00:02
</pre>
</body>
</html>
