Component: ARM Compiler 5.06 update 1 (build 61) Tool: armlink [4d35a8]

==============================================================================

Section Cross References

    main.o(.text) refers to lcd.o(.text) for LCD_DrawLine
    main.o(.text) refers to ugui.o(.text) for UG_Init
    main.o(.text) refers to delay.o(.text) for delay_init
    main.o(.text) refers to usart.o(.text) for uart_init
    main.o(.text) refers to led.o(.text) for LED_Init
    main.o(.text) refers to my_ui.o(.text) for windows_create
    main.o(.text) refers to lcd.o(.data) for POINT_COLOR
    main.o(.text) refers to main.o(.bss) for GUI_Struct
    system_stm32f10x.o(.text) refers to system_stm32f10x.o(.data) for SystemCoreClock
    led.o(.text) refers to stm32f10x_rcc.o(.text) for RCC_APB2PeriphClockCmd
    led.o(.text) refers to stm32f10x_gpio.o(.text) for GPIO_Init
    lcd.o(.text) refers to _printf_percent.o(.ARM.Collect$$_printf_percent$$00000000) for _printf_percent
    lcd.o(.text) refers to _printf_x.o(.ARM.Collect$$_printf_percent$$0000000C) for _printf_x
    lcd.o(.text) refers to _printf_hex_int.o(.text) for _printf_longlong_hex
    lcd.o(.text) refers to delay.o(.text) for delay_us
    lcd.o(.text) refers to lcd.o(.bss) for lcddev
    lcd.o(.text) refers to dflt_clz.o(x$fpl$dfltu) for __aeabi_ui2d
    lcd.o(.text) refers to dmul.o(x$fpl$dmul) for __aeabi_dmul
    lcd.o(.text) refers to dfixu.o(x$fpl$dfixu) for __aeabi_d2uiz
    lcd.o(.text) refers to lcd.o(.data) for POINT_COLOR
    lcd.o(.text) refers to stm32f10x_rcc.o(.text) for RCC_APB2PeriphClockCmd
    lcd.o(.text) refers to stm32f10x_gpio.o(.text) for GPIO_PinRemapConfig
    lcd.o(.text) refers to noretval__2printf.o(.text) for __2printf
    lcd.o(.text) refers to lcd.o(.constdata) for asc2_1206
    delay.o(.text) refers to misc.o(.text) for SysTick_CLKSourceConfig
    delay.o(.text) refers to system_stm32f10x.o(.data) for SystemCoreClock
    delay.o(.text) refers to delay.o(.data) for fac_us
    usart.o(.text) refers (Special) to use_no_semi_2.o(.text) for __use_no_semihosting
    usart.o(.text) refers to stm32f10x_rcc.o(.text) for RCC_APB2PeriphClockCmd
    usart.o(.text) refers to stm32f10x_gpio.o(.text) for GPIO_Init
    usart.o(.text) refers to misc.o(.text) for NVIC_Init
    usart.o(.text) refers to stm32f10x_usart.o(.text) for USART_Init
    usart.o(.text) refers to usart.o(.data) for USART_RX_STA
    usart.o(.text) refers to usart.o(.bss) for USART_RX_BUF
    usart.o(.bss) refers (Special) to use_no_semi_2.o(.text) for __use_no_semihosting
    usart.o(.data) refers (Special) to use_no_semi_2.o(.text) for __use_no_semihosting
    startup_stm32f10x_hd.o(STACK) refers (Special) to heapauxi.o(.text) for __use_two_region_memory
    startup_stm32f10x_hd.o(HEAP) refers (Special) to heapauxi.o(.text) for __use_two_region_memory
    startup_stm32f10x_hd.o(RESET) refers (Special) to heapauxi.o(.text) for __use_two_region_memory
    startup_stm32f10x_hd.o(RESET) refers to startup_stm32f10x_hd.o(STACK) for __initial_sp
    startup_stm32f10x_hd.o(RESET) refers to startup_stm32f10x_hd.o(.text) for Reset_Handler
    startup_stm32f10x_hd.o(RESET) refers to stm32f10x_it.o(.text) for NMI_Handler
    startup_stm32f10x_hd.o(RESET) refers to usart.o(.text) for USART1_IRQHandler
    startup_stm32f10x_hd.o(.text) refers (Special) to heapauxi.o(.text) for __use_two_region_memory
    startup_stm32f10x_hd.o(.text) refers to system_stm32f10x.o(.text) for SystemInit
    startup_stm32f10x_hd.o(.text) refers to __main.o(!!!main) for __main
    startup_stm32f10x_hd.o(.text) refers to startup_stm32f10x_hd.o(HEAP) for Heap_Mem
    startup_stm32f10x_hd.o(.text) refers to startup_stm32f10x_hd.o(STACK) for Stack_Mem
    stm32f10x_gpio.o(.text) refers to stm32f10x_rcc.o(.text) for RCC_APB2PeriphResetCmd
    stm32f10x_rcc.o(.text) refers to stm32f10x_rcc.o(.data) for APBAHBPrescTable
    stm32f10x_usart.o(.text) refers to stm32f10x_rcc.o(.text) for RCC_APB2PeriphResetCmd
    ugui.o(.text) refers to rt_memcpy_w.o(.text) for __aeabi_memcpy4
    ugui.o(.text) refers to ugui.o(.data) for gui
    ugui.o(.text) refers to ugui.o(.constdata) for pal_window
    my_ui.o(.text) refers to ugui.o(.text) for UG_WindowCreate
    my_ui.o(.text) refers to my_ui.o(.bss) for objects
    my_ui.o(.text) refers to ugui.o(.constdata) for FONT_6X8
    my_ui.o(.text) refers to my_ui.o(.data) for hour
    my_ui.o(.text) refers to my_ui.o(.constdata) for .constdata
    my_ui.o(.text) refers to font_icon24.o(.constdata) for FONT_ICON24
    my_ui.o(.text) refers to rt_memcpy_w.o(.text) for __aeabi_memcpy4
    my_ui.o(.text) refers to font_icon48.o(.constdata) for FONT_ICON48
    my_ui.o(.constdata) refers to my_ui.o(.conststring) for .conststring
    my_ui.o(.data) refers to my_ui.o(.conststring) for .conststring
    use_no_semi_2.o(.text) refers (Special) to use_no_semi.o(.text) for __use_no_semihosting_swi
    __2printf.o(.text) refers to _printf_char_file.o(.text) for _printf_char_file
[...]
    ../clib/printf.c                         0x00000000   Number         0  __printf_ss_wp.o ABSOLUTE
    ../clib/printf.c                         0x00000000   Number         0  __printf_flags_wp.o ABSOLUTE
    ../clib/printf.c                         0x00000000   Number         0  __printf_wp.o ABSOLUTE
    ../clib/printf.c                         0x00000000   Number         0  _printf_intcommon.o ABSOLUTE
    ../clib/printf.c                         0x00000000   Number         0  __printf_flags_ss_wp.o ABSOLUTE
    ../clib/printf.c                         0x00000000   Number         0  __printf_ss.o ABSOLUTE
    ../clib/printf.c                         0x00000000   Number         0  __printf_flags.o ABSOLUTE
    ../clib/printf.c                         0x00000000   Number         0  noretval__2printf.o ABSOLUTE
    ../clib/printf.c                         0x00000000   Number         0  __2printf.o ABSOLUTE
    ../clib/printf.c                         0x00000000   Number         0  _printf_char_common.o ABSOLUTE
    ../clib/printf.c                         0x00000000   Number         0  _printf_hex_int_ll.o ABSOLUTE
    ../clib/printf.c                         0x00000000   Number         0  _printf_hex_ptr.o ABSOLUTE
    ../clib/printf.c                         0x00000000   Number         0  __printf_nopercent.o ABSOLUTE
    ../clib/printf.c                         0x00000000   Number         0  _printf_hex_int_ptr.o ABSOLUTE
    ../clib/printf.c                         0x00000000   Number         0  _printf_hex_ll_ptr.o ABSOLUTE
    ../clib/printf.c                         0x00000000   Number         0  _printf_hex_int_ll_ptr.o ABSOLUTE
    ../clib/printf_percent.s                 0x00000000   Number         0  _printf_percent_end.o ABSOLUTE
    ../clib/printf_percent.s                 0x00000000   Number         0  _printf_percent.o ABSOLUTE
    ../clib/printf_percent.s                 0x00000000   Number         0  _printf_x.o ABSOLUTE
    ../clib/signal.c                         0x00000000   Number         0  defsig_exit.o ABSOLUTE
    ../clib/signal.c                         0x00000000   Number         0  defsig_abrt_inner.o ABSOLUTE
    ../clib/signal.c                         0x00000000   Number         0  defsig_rtmem_outer.o ABSOLUTE
    ../clib/signal.c                         0x00000000   Number         0  defsig_general.o ABSOLUTE
    ../clib/signal.c                         0x00000000   Number         0  defsig_rtred_inner.o ABSOLUTE
    ../clib/signal.c                         0x00000000   Number         0  __raise.o ABSOLUTE
    ../clib/signal.c                         0x00000000   Number         0  defsig_fpe_inner.o ABSOLUTE
    ../clib/signal.c                         0x00000000   Number         0  defsig_stak_inner.o ABSOLUTE
    ../clib/signal.c                         0x00000000   Number         0  defsig_pvfn_inner.o ABSOLUTE
    ../clib/signal.c                         0x00000000   Number         0  defsig_cppl_inner.o ABSOLUTE
    ../clib/signal.c                         0x00000000   Number         0  defsig_segv_inner.o ABSOLUTE
    ../clib/signal.c                         0x00000000   Number         0  defsig_other.o ABSOLUTE
    ../clib/signal.c                         0x00000000   Number         0  defsig_rtmem_formal.o ABSOLUTE
    ../clib/signal.c                         0x00000000   Number         0  defsig_rtmem_inner.o ABSOLUTE
    ../clib/signal.s                         0x00000000   Number         0  defsig.o ABSOLUTE
    ../clib/stdio.c                          0x00000000   Number         0  ferror.o ABSOLUTE
    ../clib/stdio.c                          0x00000000   Number         0  ferror_locked.o ABSOLUTE
    ../clib/stdlib.c                         0x00000000   Number         0  exit.o ABSOLUTE
    ../fplib/dfixu.s                         0x00000000   Number         0  dfixu.o ABSOLUTE
    ../fplib/dflt.s                          0x00000000   Number         0  dflt_clz.o ABSOLUTE
    ../fplib/dmul.s                          0x00000000   Number         0  dmul.o ABSOLUTE
    ../fplib/dnaninf.s                       0x00000000   Number         0  dnaninf.o ABSOLUTE
    ../fplib/dretinf.s                       0x00000000   Number         0  dretinf.o ABSOLUTE
    ../fplib/fpinit.s                        0x00000000   Number         0  fpinit.o ABSOLUTE
    ../fplib/usenofp.s                       0x00000000   Number         0  usenofp.o ABSOLUTE
    ..\APP\font_icon24.c                     0x00000000   Number         0  font_icon24.o ABSOLUTE
    ..\APP\font_icon48.c                     0x00000000   Number         0  font_icon48.o ABSOLUTE
    ..\APP\my_ui.c                           0x00000000   Number         0  my_ui.o ABSOLUTE
    ..\CORE\core_cm3.c                       0x00000000   Number         0  core_cm3.o ABSOLUTE
    ..\CORE\startup_stm32f10x_hd.s           0x00000000   Number         0  startup_stm32f10x_hd.o ABSOLUTE
    ..\HARDWARE\LCD\lcd.c                    0x00000000   Number         0  lcd.o ABSOLUTE
    ..\HARDWARE\LED\led.c                    0x00000000   Number         0  led.o ABSOLUTE
    ..\STM32F10x_FWLib\src\misc.c            0x00000000   Number         0  misc.o ABSOLUTE
    ..\STM32F10x_FWLib\src\stm32f10x_gpio.c  0x00000000   Number         0  stm32f10x_gpio.o ABSOLUTE
    ..\STM32F10x_FWLib\src\stm32f10x_rcc.c   0x00000000   Number         0  stm32f10x_rcc.o ABSOLUTE
    ..\STM32F10x_FWLib\src\stm32f10x_usart.c 0x00000000   Number         0  stm32f10x_usart.o ABSOLUTE
    ..\SYSTEM\delay\delay.c                  0x00000000   Number         0  delay.o ABSOLUTE
    ..\SYSTEM\sys\sys.c                      0x00000000   Number         0  sys.o ABSOLUTE
    ..\SYSTEM\usart\usart.c                  0x00000000   Number         0  usart.o ABSOLUTE
    ..\\CORE\\core_cm3.c                     0x00000000   Number         0  core_cm3.o ABSOLUTE
    ..\\SYSTEM\\sys\\sys.c                   0x00000000   Number         0  sys.o ABSOLUTE
    ..\ugui\ugui.c                           0x00000000   Number         0  ugui.o ABSOLUTE
    dc.s                                     0x00000000   Number         0  dc.o ABSOLUTE
    main.c                                   0x00000000   Number         0  main.o ABSOLUTE
    stm32f10x_it.c                           0x00000000   Number         0  stm32f10x_it.o ABSOLUTE
    system_stm32f10x.c                       0x00000000   Number         0  system_stm32f10x.o ABSOLUTE
    RESET                                    0x08000000   Section      304  startup_stm32f10x_hd.o(RESET)
    !!!main                                  0x08000130   Section        8  __main.o(!!!main)
    !!!scatter                               0x08000138   Section       52  __scatter.o(!!!scatter)
    !!handler_copy                           0x0800016c   Section       26  __scatter_copy.o(!!handler_copy)
    !!handler_zi                             0x08000188   Section       28  __scatter_zi.o(!!handler_zi)
    .ARM.Collect$$_printf_percent$$00000000  0x080001a4   Section        0  _printf_percent.o(.ARM.Collect$$_printf_percent$$00000000)
    .ARM.Collect$$_printf_percent$$0000000C  0x080001a4   Section        6  _printf_x.o(.ARM.Collect$$_printf_percent$$0000000C)
    .ARM.Collect$$_printf_percent$$00000017  0x080001aa   Section        4  _printf_percent_end.o(.ARM.Collect$$_printf_percent$$00000017)
    .ARM.Collect$$libinit$$00000000          0x080001ae   Section        2  libinit.o(.ARM.Collect$$libinit$$00000000)
    .ARM.Collect$$libinit$$00000002          0x080001b0   Section        0  libinit2.o(.ARM.Collect$$libinit$$00000002)
    .ARM.Collect$$libinit$$00000004          0x080001b0   Section        0  libinit2.o(.ARM.Collect$$libinit$$00000004)
    .ARM.Collect$$libinit$$0000000A          0x080001b0   Section        0  libinit2.o(.ARM.Collect$$libinit$$0000000A)
    .ARM.Collect$$libinit$$0000000C          0x080001b0   Section        0  libinit2.o(.ARM.Collect$$libinit$$0000000C)
    .ARM.Collect$$libinit$$0000000E          0x080001b0   Section        0  libinit2.o(.ARM.Collect$$libinit$$0000000E)
    .ARM.Collect$$libinit$$00000011          0x080001b0   Section        0  libinit2.o(.ARM.Collect$$libinit$$00000011)
    .ARM.Collect$$libinit$$00000013          0x080001b0   Section        0  libinit2.o(.ARM.Collect$$libinit$$00000013)
    .ARM.Collect$$libinit$$00000015          0x080001b0   Section        0  libinit2.o(.ARM.Collect$$libinit$$00000015)
    .ARM.Collect$$libinit$$00000017          0x080001b0   Section        0  libinit2.o(.ARM.Collect$$libinit$$00000017)
    .ARM.Collect$$libinit$$00000019          0x080001b0   Section        0  libinit2.o(.ARM.Collect$$libinit$$00000019)
    .ARM.Collect$$libinit$$0000001B          0x080001b0   Section        0  libinit2.o(.ARM.Collect$$libinit$$0000001B)
    .ARM.Collect$$libinit$$0000001D          0x080001b0   Section        0  libinit2.o(.ARM.Collect$$libinit$$0000001D)
    .ARM.Collect$$libinit$$0000001F          0x080001b0   Section        0  libinit2.o(.ARM.Collect$$libinit$$0000001F)
    .ARM.Collect$$libinit$$00000021          0x080001b0   Section        0  libinit2.o(.ARM.Collect$$libinit$$00000021)
    .ARM.Collect$$libinit$$00000023          0x080001b0   Section        0  libinit2.o(.ARM.Collect$$libinit$$00000023)
    .ARM.Collect$$libinit$$00000025          0x080001b0   Section        0  libinit2.o(.ARM.Collect$$libinit$$00000025)
    .ARM.Collect$$libinit$$0000002C          0x080001b0   Section        0  libinit2.o(.ARM.Collect$$libinit$$0000002C)
    .ARM.Collect$$libinit$$0000002E          0x080001b0   Section        0  libinit2.o(.ARM.Collect$$libinit$$0000002E)
    .ARM.Collect$$libinit$$00000030          0x080001b0   Section        0  libinit2.o(.ARM.Collect$$libinit$$00000030)
    .ARM.Collect$$libinit$$00000032          0x080001b0   Section        0  libinit2.o(.ARM.Collect$$libinit$$00000032)
    .ARM.Collect$$libinit$$00000033          0x080001b0   Section        2  libinit2.o(.ARM.Collect$$libinit$$00000033)
    .ARM.Collect$$libshutdown$$00000000      0x080001b2   Section        2  libshutdown.o(.ARM.Collect$$libshutdown$$00000000)
    .ARM.Collect$$libshutdown$$00000002      0x080001b4   Section        0  libshutdown2.o(.ARM.Collect$$libshutdown$$00000002)
    .ARM.Collect$$libshutdown$$00000004      0x080001b4   Section        0  libshutdown2.o(.ARM.Collect$$libshutdown$$00000004)
    .ARM.Collect$$libshutdown$$00000007      0x080001b4   Section        0  libshutdown2.o(.ARM.Collect$$libshutdown$$00000007)
    .ARM.Collect$$libshutdown$$0000000A      0x080001b4   Section        0  libshutdown2.o(.ARM.Collect$$libshutdown$$0000000A)
    .ARM.Collect$$libshutdown$$0000000C      0x080001b4   Section        0  libshutdown2.o(.ARM.Collect$$libshutdown$$0000000C)
    .ARM.Collect$$libshutdown$$0000000F      0x080001b4   Section        0  libshutdown2.o(.ARM.Collect$$libshutdown$$0000000F)
    .ARM.Collect$$libshutdown$$00000010      0x080001b4   Section        2  libshutdown2.o(.ARM.Collect$$libshutdown$$00000010)
    .ARM.Collect$$rtentry$$00000000          0x080001b6   Section        0  __rtentry.o(.ARM.Collect$$rtentry$$00000000)
    .ARM.Collect$$rtentry$$00000002          0x080001b6   Section        0  __rtentry2.o(.ARM.Collect$$rtentry$$00000002)
    .ARM.Collect$$rtentry$$00000004          0x080001b6   Section        6  __rtentry4.o(.ARM.Collect$$rtentry$$00000004)
    .ARM.Collect$$rtentry$$00000009          0x080001bc   Section        0  __rtentry2.o(.ARM.Collect$$rtentry$$00000009)
    .ARM.Collect$$rtentry$$0000000A          0x080001bc   Section        4  __rtentry2.o(.ARM.Collect$$rtentry$$0000000A)
    .ARM.Collect$$rtentry$$0000000C          0x080001c0   Section        0  __rtentry2.o(.ARM.Collect$$rtentry$$0000000C)
    .ARM.Collect$$rtentry$$0000000D          0x080001c0   Section        8  __rtentry2.o(.ARM.Collect$$rtentry$$0000000D)
    .ARM.Collect$$rtexit$$00000000           0x080001c8   Section        2  rtexit.o(.ARM.Collect$$rtexit$$00000000)
    .ARM.Collect$$rtexit$$00000002           0x080001ca   Section        0  rtexit2.o(.ARM.Collect$$rtexit$$00000002)
    .ARM.Collect$$rtexit$$00000003           0x080001ca   Section        4  rtexit2.o(.ARM.Collect$$rtexit$$00000003)
    .ARM.Collect$$rtexit$$00000004           0x080001ce   Section        6  rtexit2.o(.ARM.Collect$$rtexit$$00000004)
    .text                                    0x080001d4   Section        0  main.o(.text)
    .text                                    0x080002a4   Section        0  stm32f10x_it.o(.text)
    .text                                    0x080002c0   Section        0  system_stm32f10x.o(.text)
    SetSysClockTo72                          0x080002c1   Thumb Code   214  system_stm32f10x.o(.text)
    SetSysClock                              0x08000397   Thumb Code     8  system_stm32f10x.o(.text)
    .text                                    0x080004a0   Section        0  led.o(.text)
    .text                                    0x080004f0   Section        0  lcd.o(.text)
    .text                                    0x08005d38   Section        0  delay.o(.text)
    .text                                    0x08005e0c   Section        0  usart.o(.text)
    .text                                    0x08005f4c   Section       64  startup_stm32f10x_hd.o(.text)
    .text                                    0x08005f8c   Section        0  stm32f10x_gpio.o(.text)
    .text                                    0x080062e8   Section        0  stm32f10x_rcc.o(.text)
    .text                                    0x0800668c   Section        0  stm32f10x_usart.o(.text)
    .text                                    0x08006a94   Section        0  misc.o(.text)
    .text                                    0x08006b70   Section        0  ugui.o(.text)
    .text                                    0x0800a76c   Section        0  my_ui.o(.text)
    calling_window_callback                  0x0800a76d   Thumb Code    10  my_ui.o(.text)
    time_window_callback                     0x0800a96d   Thumb Code    60  my_ui.o(.text)
    time_window_create                       0x0800a9a9   Thumb Code   680  my_ui.o(.text)
    time_window_show                         0x0800ac51   Thumb Code    18  my_ui.o(.text)
    home_window_callback                     0x0800ac63   Thumb Code    24  my_ui.o(.text)
    home_window_create                       0x0800ac7b   Thumb Code   350  my_ui.o(.text)
    home_window_show                         0x0800add9   Thumb Code    18  my_ui.o(.text)
    vibrator_window_show                     0x0800af79   Thumb Code    18  my_ui.o(.text)
    led_matrix_window_callback               0x0800af8b   Thumb Code    24  my_ui.o(.text)
    settings_window_callback                 0x0800b343   Thumb Code    24  my_ui.o(.text)
    .text                                    0x0800b6d8   Section        2  use_no_semi_2.o(.text)
    .text                                    0x0800b6dc   Section        0  noretval__2printf.o(.text)
    .text                                    0x0800b6f4   Section        0  __printf.o(.text)
    .text                                    0x0800b75c   Section        0  _printf_hex_int.o(.text)
    .text                                    0x0800b7b4   Section      100  rt_memcpy_w.o(.text)
    .text                                    0x0800b818   Section        0  heapauxi.o(.text)
    .text                                    0x0800b81e   Section        2  use_no_semi.o(.text)
    .text                                    0x0800b820   Section        0  _printf_intcommon.o(.text)
    .text                                    0x0800b8d4   Section        0  _printf_char_file.o(.text)
    .text                                    0x0800b8f8   Section        0  _printf_char_common.o(.text)
    _printf_input_char                       0x0800b8f9   Thumb Code    10  _printf_char_common.o(.text)
    .text                                    0x0800b928   Section        0  ferror.o(.text)
    .text                                    0x0800b930   Section       74  sys_stackheap_outer.o(.text)
    .text                                    0x0800b97a   Section        0  exit.o(.text)
    .text                                    0x0800b98c   Section        8  libspace.o(.text)
    x$fpl$dfixu                              0x0800b994   Section       90  dfixu.o(x$fpl$dfixu)
    x$fpl$dfltu                              0x0800b9ee   Section       38  dflt_clz.o(x$fpl$dfltu)
    x$fpl$dmul                               0x0800ba14   Section      340  dmul.o(x$fpl$dmul)
    x$fpl$dnaninf                            0x0800bb68   Section      156  dnaninf.o(x$fpl$dnaninf)
    x$fpl$dretinf                            0x0800bc04   Section       12  dretinf.o(x$fpl$dretinf)
    .constdata                               0x0800bc10   Section     6080  lcd.o(.constdata)
    x$fpl$usenofp                            0x0800bc10   Section        0  usenofp.o(x$fpl$usenofp)
    .constdata                               0x0800d3d0   Section    22888  ugui.o(.constdata)
    .constdata                               0x08012d38   Section     2036  font_icon24.o(.constdata)
    .constdata                               0x0801352c   Section     2324  font_icon48.o(.constdata)
    .constdata                               0x08013e40   Section      112  my_ui.o(.constdata)
    .constdata                               0x08013eb0   Section       40  _printf_hex_int.o(.constdata)
    uc_hextab                                0x08013eb0   Data          20  _printf_hex_int.o(.constdata)
    lc_hextab                                0x08013ec4   Data          20  _printf_hex_int.o(.constdata)
    .conststring                             0x08013ed8   Section      109  my_ui.o(.conststring)
    .data                                    0x20000000   Section       20  system_stm32f10x.o(.data)
    .data                                    0x20000014   Section        4  lcd.o(.data)
    .data                                    0x20000018   Section        4  delay.o(.data)
    fac_us                                   0x20000018   Data           1  delay.o(.data)
    fac_ms                                   0x2000001a   Data           2  delay.o(.data)
    .data                                    0x2000001c   Section        6  usart.o(.data)
    .data                                    0x20000022   Section       20  stm32f10x_rcc.o(.data)
    APBAHBPrescTable                         0x20000022   Data          16  stm32f10x_rcc.o(.data)
    ADCPrescTable                            0x20000032   Data           4  stm32f10x_rcc.o(.data)
    .data                                    0x20000038   Section       12  ugui.o(.data)
    gui                                      0x20000038   Data           4  ugui.o(.data)
    msg                                      0x2000003c   Data           8  ugui.o(.data)
    .data                                    0x20000044   Section      208  my_ui.o(.data)
    g_vibrator_parameters                    0x20000098   Data           4  my_ui.o(.data)
    g_vibrator_mode                          0x2000009c   Data           1  my_ui.o(.data)
    g_vibrator_time                          0x200000a0   Data           4  my_ui.o(.data)
    g_vibrator_time_str                      0x200000a4   Data           8  my_ui.o(.data)
    g_led_matrix_display_char                0x200000ec   Data           1  my_ui.o(.data)
    g_led_matrix_parameters                  0x200000f0   Data           4  my_ui.o(.data)
    .bss                                     0x20000114   Section      112  main.o(.bss)
    .bss                                     0x20000184   Section       14  lcd.o(.bss)
    .bss                                     0x20000192   Section      200  usart.o(.bss)
    .bss                                     0x2000025c   Section     5548  my_ui.o(.bss)
    button                                   0x20000518   Data          32  my_ui.o(.bss)
    textboxs                                 0x20000538   Data          48  my_ui.o(.bss)
    objects                                  0x20000568   Data          96  my_ui.o(.bss)
    buttons                                  0x200005c8   Data         320  my_ui.o(.bss)
    objects                                  0x20000708   Data         320  my_ui.o(.bss)
    buttons                                  0x20000848   Data         352  my_ui.o(.bss)
    objects                                  0x200009a8   Data         352  my_ui.o(.bss)
    buttons                                  0x20000b08   Data         192  my_ui.o(.bss)
    objects                                  0x20000bc8   Data         192  my_ui.o(.bss)
    buttons                                  0x20000c88   Data         192  my_ui.o(.bss)
    objects                                  0x20000d48   Data         192  my_ui.o(.bss)
    buttons                                  0x20000e08   Data         512  my_ui.o(.bss)
    objects                                  0x20001008   Data         512  my_ui.o(.bss)
    buttons                                  0x20001208   Data         512  my_ui.o(.bss)
    objects                                  0x20001408   Data         512  my_ui.o(.bss)
    buttons                                  0x20001608   Data         256  my_ui.o(.bss)
    objects                                  0x20001708   Data         256  my_ui.o(.bss)
    .bss                                     0x20001808   Section       96  libspace.o(.bss)
    HEAP                                     0x20001868   Section      512  startup_stm32f10x_hd.o(HEAP)
    Heap_Mem                                 0x20001868   Data         512  startup_stm32f10x_hd.o(HEAP)
    STACK                                    0x20001a68   Section     1024  startup_stm32f10x_hd.o(STACK)
    Stack_Mem                                0x20001a68   Data        1024  startup_stm32f10x_hd.o(STACK)
    __initial_sp                             0x20001e68   Data           0  startup_stm32f10x_hd.o(STACK)

    Global Symbols

    Symbol Name                              Value     Ov Type        Size  Object(Section)

    BuildAttributes$$THM_ISAv4$P$D$K$B$S$PE$A:L22UL41UL21$X:L11$S22US41US21$IEEE1$IW$USESV6$~STKCKD$USESV7$~SHL$OSPACE$ROPI$EBA8$UX$STANDARDLIB$REQ8$PRES8$EABIv2 0x00000000   Number         0  anon$$obj.o ABSOLUTE
    __ARM_use_no_argv                        0x00000000   Number         0  main.o ABSOLUTE
    __ARM_exceptions_init                     - Undefined Weak Reference
    __alloca_initialize                       - Undefined Weak Reference
    __arm_preinit_                            - Undefined Weak Reference
    __cpp_initialize__aeabi_                  - Undefined Weak Reference
    __cxa_finalize                            - Undefined Weak Reference
    __rt_locale                               - Undefined Weak Reference
    __sigvec_lookup                           - Undefined Weak Reference
    _atexit_init                              - Undefined Weak Reference
    _call_atexit_fns                          - Undefined Weak Reference
    _clock_init                               - Undefined Weak Reference
    _fp_trap_init                             - Undefined Weak Reference
    _fp_trap_shutdown                         - Undefined Weak Reference
    _get_lc_collate                           - Undefined Weak Reference
    _get_lc_ctype                             - Undefined Weak Reference
    _get_lc_monetary                          - Undefined Weak Reference
    _get_lc_numeric                           - Undefined Weak Reference
    _get_lc_time                              - Undefined Weak Reference
    _getenv_init                              - Undefined Weak Reference
    _handle_redirection                       - Undefined Weak Reference
    _init_alloc                               - Undefined Weak Reference
    _init_user_alloc                          - Undefined Weak Reference
    _initio                                   - Undefined Weak Reference
    _mutex_acquire                            - Undefined Weak Reference
    _mutex_release                            - Undefined Weak Reference
    _printf_post_padding                      - Undefined Weak Reference
    _printf_pre_padding                       - Undefined Weak Reference
    _printf_truncate_unsigned                 - Undefined Weak Reference
    _rand_init                                - Undefined Weak Reference
    _signal_finish                            - Undefined Weak Reference
    _signal_init                              - Undefined Weak Reference
    _terminate_alloc                          - Undefined Weak Reference
    _terminate_user_alloc                     - Undefined Weak Reference
    _terminateio                              - Undefined Weak Reference
    __Vectors_Size                           0x00000130   Number         0  startup_stm32f10x_hd.o ABSOLUTE
    __Vectors                                0x08000000   Data           4  startup_stm32f10x_hd.o(RESET)
    __Vectors_End                            0x08000130   Data           0  startup_stm32f10x_hd.o(RESET)
    __main                                   0x08000131   Thumb Code     8  __main.o(!!!main)
    __scatterload                            0x08000139   Thumb Code     0  __scatter.o(!!!scatter)
    __scatterload_rt2                        0x08000139   Thumb Code    44  __scatter.o(!!!scatter)
    __scatterload_rt2_thumb_only             0x08000139   Thumb Code     0  __scatter.o(!!!scatter)
    __scatterload_null                       0x08000147   Thumb Code     0  __scatter.o(!!!scatter)
    __scatterload_copy                       0x0800016d   Thumb Code    26  __scatter_copy.o(!!handler_copy)
    __scatterload_zeroinit                   0x08000189   Thumb Code    28  __scatter_zi.o(!!handler_zi)
    _printf_percent                          0x080001a5   Thumb Code     0  _printf_percent.o(.ARM.Collect$$_printf_percent$$00000000)
    _printf_x                                0x080001a5   Thumb Code     0  _printf_x.o(.ARM.Collect$$_printf_percent$$0000000C)
    _printf_percent_end                      0x080001ab   Thumb Code     0  _printf_percent_end.o(.ARM.Collect$$_printf_percent$$00000017)
    __rt_lib_init                            0x080001af   Thumb Code     0  libinit.o(.ARM.Collect$$libinit$$00000000)
    __rt_lib_init_alloca_1                   0x080001b1   Thumb Code     0  libinit2.o(.ARM.Collect$$libinit$$0000002E)
    __rt_lib_init_argv_1                     0x080001b1   Thumb Code     0  libinit2.o(.ARM.Collect$$libinit$$0000002C)
    __rt_lib_init_atexit_1                   0x080001b1   Thumb Code     0  libinit2.o(.ARM.Collect$$libinit$$0000001B)
    __rt_lib_init_clock_1                    0x080001b1   Thumb Code     0  libinit2.o(.ARM.Collect$$libinit$$00000021)
    __rt_lib_init_cpp_1                      0x080001b1   Thumb Code     0  libinit2.o(.ARM.Collect$$libinit$$00000032)
    __rt_lib_init_exceptions_1               0x080001b1   Thumb Code     0  libinit2.o(.ARM.Collect$$libinit$$00000030)
    __rt_lib_init_fp_1                       0x080001b1   Thumb Code     0  libinit2.o(.ARM.Collect$$libinit$$00000002)
    __rt_lib_init_fp_trap_1                  0x080001b1   Thumb Code     0  libinit2.o(.ARM.Collect$$libinit$$0000001F)
    __rt_lib_init_getenv_1                   0x080001b1   Thumb Code     0  libinit2.o(.ARM.Collect$$libinit$$00000023)
    __rt_lib_init_heap_1                     0x080001b1   Thumb Code     0  libinit2.o(.ARM.Collect$$libinit$$0000000A)
    __rt_lib_init_lc_collate_1               0x080001b1   Thumb Code     0  libinit2.o(.ARM.Collect$$libinit$$00000011)
    __rt_lib_init_lc_ctype_1                 0x080001b1   Thumb Code     0  libinit2.o(.ARM.Collect$$libinit$$00000013)
    __rt_lib_init_lc_monetary_1              0x080001b1   Thumb Code     0  libinit2.o(.ARM.Collect$$libinit$$00000015)
    __rt_lib_init_lc_numeric_1               0x080001b1   Thumb Code     0  libinit2.o(.ARM.Collect$$libinit$$00000017)
    __rt_lib_init_lc_time_1                  0x080001b1   Thumb Code     0  libinit2.o(.ARM.Collect$$libinit$$00000019)
    __rt_lib_init_preinit_1                  0x080001b1   Thumb Code     0  libinit2.o(.ARM.Collect$$libinit$$00000004)
    __rt_lib_init_rand_1                     0x080001b1   Thumb Code     0  libinit2.o(.ARM.Collect$$libinit$$0000000E)
    __rt_lib_init_return                     0x080001b1   Thumb Code     0  libinit2.o(.ARM.Collect$$libinit$$00000033)
    __rt_lib_init_signal_1                   0x080001b1   Thumb Code     0  libinit2.o(.ARM.Collect$$libinit$$0000001D)
    __rt_lib_init_stdio_1                    0x080001b1   Thumb Code     0  libinit2.o(.ARM.Collect$$libinit$$00000025)
    __rt_lib_init_user_alloc_1               0x080001b1   Thumb Code     0  libinit2.o(.ARM.Collect$$libinit$$0000000C)
    __rt_lib_shutdown                        0x080001b3   Thumb Code     0  libshutdown.o(.ARM.Collect$$libshutdown$$00000000)
    __rt_lib_shutdown_cpp_1                  0x080001b5   Thumb Code     0  libshutdown2.o(.ARM.Collect$$libshutdown$$00000002)
    __rt_lib_shutdown_fp_trap_1              0x080001b5   Thumb Code     0  libshutdown2.o(.ARM.Collect$$libshutdown$$00000007)
    __rt_lib_shutdown_heap_1                 0x080001b5   Thumb Code     0  libshutdown2.o(.ARM.Collect$$libshutdown$$0000000F)
    __rt_lib_shutdown_return                 0x080001b5   Thumb Code     0  libshutdown2.o(.ARM.Collect$$libshutdown$$00000010)
    __rt_lib_shutdown_signal_1               0x080001b5   Thumb Code     0  libshutdown2.o(.ARM.Collect$$libshutdown$$0000000A)
    __rt_lib_shutdown_stdio_1                0x080001b5   Thumb Code     0  libshutdown2.o(.ARM.Collect$$libshutdown$$00000004)
    __rt_lib_shutdown_user_alloc_1           0x080001b5   Thumb Code     0  libshutdown2.o(.ARM.Collect$$libshutdown$$0000000C)
    __rt_entry                               0x080001b7   Thumb Code     0  __rtentry.o(.ARM.Collect$$rtentry$$00000000)
    __rt_entry_presh_1                       0x080001b7   Thumb Code     0  __rtentry2.o(.ARM.Collect$$rtentry$$00000002)
    __rt_entry_sh                            0x080001b7   Thumb Code     0  __rtentry4.o(.ARM.Collect$$rtentry$$00000004)
    __rt_entry_li                            0x080001bd   Thumb Code     0  __rtentry2.o(.ARM.Collect$$rtentry$$0000000A)
    __rt_entry_postsh_1                      0x080001bd   Thumb Code     0  __rtentry2.o(.ARM.Collect$$rtentry$$00000009)
    __rt_entry_main                          0x080001c1   Thumb Code     0  __rtentry2.o(.ARM.Collect$$rtentry$$0000000D)
    __rt_entry_postli_1                      0x080001c1   Thumb Code     0  __rtentry2.o(.ARM.Collect$$rtentry$$0000000C)
    __rt_exit                                0x080001c9   Thumb Code     0  rtexit.o(.ARM.Collect$$rtexit$$00000000)
    __rt_exit_ls                             0x080001cb   Thumb Code     0  rtexit2.o(.ARM.Collect$$rtexit$$00000003)
    __rt_exit_prels_1                        0x080001cb   Thumb Code     0  rtexit2.o(.ARM.Collect$$rtexit$$00000002)
    __rt_exit_exit                           0x080001cf   Thumb Code     0  rtexit2.o(.ARM.Collect$$rtexit$$00000004)
    gui_draw_line                            0x080001d5   Thumb Code    38  main.o(.text)
    gui_fill_rectangle                       0x080001fb   Thumb Code    38  main.o(.text)
    MiddleLayer_Init                         0x08000221   Thumb Code    60  main.o(.text)
    main                                     0x0800025d   Thumb Code    58  main.o(.text)
    NMI_Handler                              0x080002a5   Thumb Code     2  stm32f10x_it.o(.text)
    HardFault_Handler                        0x080002a7   Thumb Code     4  stm32f10x_it.o(.text)
    MemManage_Handler                        0x080002ab   Thumb Code     4  stm32f10x_it.o(.text)
    BusFault_Handler                         0x080002af   Thumb Code     4  stm32f10x_it.o(.text)
    UsageFault_Handler                       0x080002b3   Thumb Code     4  stm32f10x_it.o(.text)
    SVC_Handler                              0x080002b7   Thumb Code     2  stm32f10x_it.o(.text)
    DebugMon_Handler                         0x080002b9   Thumb Code     2  stm32f10x_it.o(.text)
    PendSV_Handler                           0x080002bb   Thumb Code     2  stm32f10x_it.o(.text)
    SysTick_Handler                          0x080002bd   Thumb Code     2  stm32f10x_it.o(.text)
    SystemInit                               0x0800039f   Thumb Code    78  system_stm32f10x.o(.text)
    SystemCoreClockUpdate                    0x080003ed   Thumb Code   142  system_stm32f10x.o(.text)
    LED_Init                                 0x080004a1   Thumb Code    72  led.o(.text)
    LCD_WR_REG                               0x080004f1   Thumb Code    28  lcd.o(.text)
    LCD_WR_DATAX                             0x0800050d   Thumb Code    28  lcd.o(.text)
    LCD_RD_DATA                              0x08000529   Thumb Code    98  lcd.o(.text)
    LCD_WriteReg                             0x0800058b   Thumb Code    40  lcd.o(.text)
    LCD_ReadReg                              0x080005b3   Thumb Code    16  lcd.o(.text)
    LCD_WriteRAM_Prepare                     0x080005c3   Thumb Code    12  lcd.o(.text)
    LCD_WriteRAM                             0x080005cf   Thumb Code    28  lcd.o(.text)
    LCD_BGR2RGB                              0x080005eb   Thumb Code    26  lcd.o(.text)
    opt_delay                                0x08000605   Thumb Code    14  lcd.o(.text)
    LCD_SetCursor                            0x08000613   Thumb Code   956  lcd.o(.text)
    LCD_ReadPoint                            0x080009cf   Thumb Code   506  lcd.o(.text)
    LCD_DisplayOn                            0x08000bc9   Thumb Code    92  lcd.o(.text)
    LCD_DisplayOff                           0x08000c25   Thumb Code    90  lcd.o(.text)
    LCD_Scan_Dir                             0x08000c7f   Thumb Code  1126  lcd.o(.text)
    LCD_DrawPoint                            0x080010e5   Thumb Code    52  lcd.o(.text)
    LCD_Fast_DrawPoint                       0x08001119   Thumb Code   854  lcd.o(.text)
    LCD_SSD_BackLightSet                     0x0800146f   Thumb Code   220  lcd.o(.text)
    LCD_Display_Dir                          0x0800154b   Thumb Code   444  lcd.o(.text)
    LCD_Set_Window                           0x08001707   Thumb Code  1078  lcd.o(.text)
    LCD_Clear                                0x08001b3d   Thumb Code   122  lcd.o(.text)
    LCD_Init                                 0x08001bb7   Thumb Code 15298  lcd.o(.text)
    LCD_Fill                                 0x08005779   Thumb Code   200  lcd.o(.text)
    LCD_Color_Fill                           0x08005841   Thumb Code   116  lcd.o(.text)
    LCD_DrawLine                             0x080058b5   Thumb Code   176  lcd.o(.text)
    LCD_DrawRectangle                        0x08005965   Thumb Code    60  lcd.o(.text)
    LCD_Draw_Circle                          0x080059a1   Thumb Code   152  lcd.o(.text)
    LCD_ShowChar                             0x08005a39   Thumb Code   272  lcd.o(.text)
    LCD_Pow                                  0x08005b49   Thumb Code    22  lcd.o(.text)
    LCD_ShowNum                              0x08005b5f   Thumb Code   180  lcd.o(.text)
    LCD_ShowxNum                             0x08005c13   Thumb Code   190  lcd.o(.text)
    LCD_ShowString                           0x08005cd1   Thumb Code   102  lcd.o(.text)
    delay_init                               0x08005d39   Thumb Code    50  delay.o(.text)
    delay_us                                 0x08005d6b   Thumb Code    72  delay.o(.text)
    delay_ms                                 0x08005db3   Thumb Code    72  delay.o(.text)
    _sys_exit                                0x08005e0d   Thumb Code     6  usart.o(.text)
    fputc                                    0x08005e13   Thumb Code    24  usart.o(.text)
    uart_init                                0x08005e2b   Thumb Code   152  usart.o(.text)
    USART1_IRQHandler                        0x08005ec3   Thumb Code   122  usart.o(.text)
    Reset_Handler                            0x08005f4d   Thumb Code     8  startup_stm32f10x_hd.o(.text)
    ADC1_2_IRQHandler                        0x08005f67   Thumb Code     0  startup_stm32f10x_hd.o(.text)
    ADC3_IRQHandler                          0x08005f67   Thumb Code     0  startup_stm32f10x_hd.o(.text)
    CAN1_RX1_IRQHandler                      0x08005f67   Thumb Code     0  startup_stm32f10x_hd.o(.text)
    CAN1_SCE_IRQHandler                      0x08005f67   Thumb Code     0  startup_stm32f10x_hd.o(.text)
    DMA1_Channel1_IRQHandler                 0x08005f67   Thumb Code     0  startup_stm32f10x_hd.o(.text)
    DMA1_Channel2_IRQHandler                 0x08005f67   Thumb Code     0  startup_stm32f10x_hd.o(.text)
    DMA1_Channel3_IRQHandler                 0x08005f67   Thumb Code     0  startup_stm32f10x_hd.o(.text)
    DMA1_Channel4_IRQHandler                 0x08005f67   Thumb Code     0  startup_stm32f10x_hd.o(.text)
    DMA1_Channel5_IRQHandler                 0x08005f67   Thumb Code     0  startup_stm32f10x_hd.o(.text)
    DMA1_Channel6_IRQHandler                 0x08005f67   Thumb Code     0  startup_stm32f10x_hd.o(.text)
    DMA1_Channel7_IRQHandler                 0x08005f67   Thumb Code     0  startup_stm32f10x_hd.o(.text)
    DMA2_Channel1_IRQHandler                 0x08005f67   Thumb Code     0  startup_stm32f10x_hd.o(.text)
    DMA2_Channel2_IRQHandler                 0x08005f67   Thumb Code     0  startup_stm32f10x_hd.o(.text)
    DMA2_Channel3_IRQHandler                 0x08005f67   Thumb Code     0  startup_stm32f10x_hd.o(.text)
    DMA2_Channel4_5_IRQHandler               0x08005f67   Thumb Code     0  startup_stm32f10x_hd.o(.text)
    EXTI0_IRQHandler                         0x08005f67   Thumb Code     0  startup_stm32f10x_hd.o(.text)
    EXTI15_10_IRQHandler                     0x08005f67   Thumb Code     0  startup_stm32f10x_hd.o(.text)
    EXTI1_IRQHandler                         0x08005f67   Thumb Code     0  startup_stm32f10x_hd.o(.text)
    EXTI2_IRQHandler                         0x08005f67   Thumb Code     0  startup_stm32f10x_hd.o(.text)
    EXTI3_IRQHandler                         0x08005f67   Thumb Code     0  startup_stm32f10x_hd.o(.text)
    EXTI4_IRQHandler                         0x08005f67   Thumb Code     0  startup_stm32f10x_hd.o(.text)
    EXTI9_5_IRQHandler                       0x08005f67   Thumb Code     0  startup_stm32f10x_hd.o(.text)
    FLASH_IRQHandler                         0x08005f67   Thumb Code     0  startup_stm32f10x_hd.o(.text)
    FSMC_IRQHandler                          0x08005f67   Thumb Code     0  startup_stm32f10x_hd.o(.text)
    I2C1_ER_IRQHandler                       0x08005f67   Thumb Code     0  startup_stm32f10x_hd.o(.text)
    I2C1_EV_IRQHandler                       0x08005f67   Thumb Code     0  startup_stm32f10x_hd.o(.text)
    I2C2_ER_IRQHandler                       0x08005f67   Thumb Code     0  startup_stm32f10x_hd.o(.text)
    I2C2_EV_IRQHandler                       0x08005f67   Thumb Code     0  startup_stm32f10x_hd.o(.text)
    PVD_IRQHandler                           0x08005f67   Thumb Code     0  startup_stm32f10x_hd.o(.text)
    RCC_IRQHandler                           0x08005f67   Thumb Code     0  startup_stm32f10x_hd.o(.text)
    RTCAlarm_IRQHandler                      0x08005f67   Thumb Code     0  startup_stm32f10x_hd.o(.text)
    RTC_IRQHandler                           0x08005f67   Thumb Code     0  startup_stm32f10x_hd.o(.text)
    SDIO_IRQHandler                          0x08005f67   Thumb Code     0  startup_stm32f10x_hd.o(.text)
    SPI1_IRQHandler                          0x08005f67   Thumb Code     0  startup_stm32f10x_hd.o(.text)
    SPI2_IRQHandler                          0x08005f67   Thumb Code     0  startup_stm32f10x_hd.o(.text)
    SPI3_IRQHandler                          0x08005f67   Thumb Code     0  startup_stm32f10x_hd.o(.text)
    TAMPER_IRQHandler                        0x08005f67   Thumb Code     0  startup_stm32f10x_hd.o(.text)
    TIM1_BRK_IRQHandler                      0x08005f67   Thumb Code     0  startup_stm32f10x_hd.o(.text)
    TIM1_CC_IRQHandler                       0x08005f67   Thumb Code     0  startup_stm32f10x_hd.o(.text)
    TIM1_TRG_COM_IRQHandler                  0x08005f67   Thumb Code     0  startup_stm32f10x_hd.o(.text)
    TIM1_UP_IRQHandler                       0x08005f67   Thumb Code     0  startup_stm32f10x_hd.o(.text)
    TIM2_IRQHandler                          0x08005f67   Thumb Code     0  startup_stm32f10x_hd.o(.text)
    TIM3_IRQHandler                          0x08005f67   Thumb Code     0  startup_stm32f10x_hd.o(.text)
    TIM4_IRQHandler                          0x08005f67   Thumb Code     0  startup_stm32f10x_hd.o(.text)
    TIM5_IRQHandler                          0x08005f67   Thumb Code     0  startup_stm32f10x_hd.o(.text)
    TIM6_IRQHandler                          0x08005f67   Thumb Code     0  startup_stm32f10x_hd.o(.text)
    TIM7_IRQHandler                          0x08005f67   Thumb Code     0  startup_stm32f10x_hd.o(.text)
    TIM8_BRK_IRQHandler                      0x08005f67   Thumb Code     0  startup_stm32f10x_hd.o(.text)
    TIM8_CC_IRQHandler                       0x08005f67   Thumb Code     0  startup_stm32f10x_hd.o(.text)
    TIM8_TRG_COM_IRQHandler                  0x08005f67   Thumb Code     0  startup_stm32f10x_hd.o(.text)
    TIM8_UP_IRQHandler                       0x08005f67   Thumb Code     0  startup_stm32f10x_hd.o(.text)
    UART4_IRQHandler                         0x08005f67   Thumb Code     0  startup_stm32f10x_hd.o(.text)
    UART5_IRQHandler                         0x08005f67   Thumb Code     0  startup_stm32f10x_hd.o(.text)
    USART2_IRQHandler                        0x08005f67   Thumb Code     0  startup_stm32f10x_hd.o(.text)
    USART3_IRQHandler                        0x08005f67   Thumb Code     0  startup_stm32f10x_hd.o(.text)
    USBWakeUp_IRQHandler                     0x08005f67   Thumb Code     0  startup_stm32f10x_hd.o(.text)
    USB_HP_CAN1_TX_IRQHandler                0x08005f67   Thumb Code     0  startup_stm32f10x_hd.o(.text)
    USB_LP_CAN1_RX0_IRQHandler               0x08005f67   Thumb Code     0  startup_stm32f10x_hd.o(.text)
    WWDG_IRQHandler                          0x08005f67   Thumb Code     0  startup_stm32f10x_hd.o(.text)
    __user_initial_stackheap                 0x08005f69   Thumb Code     0  startup_stm32f10x_hd.o(.text)
    GPIO_DeInit                              0x08005f8d   Thumb Code   172  stm32f10x_gpio.o(.text)
    GPIO_AFIODeInit                          0x08006039   Thumb Code    20  stm32f10x_gpio.o(.text)
    GPIO_Init                                0x0800604d   Thumb Code   278  stm32f10x_gpio.o(.text)
    GPIO_StructInit                          0x08006163   Thumb Code    16  stm32f10x_gpio.o(.text)
    GPIO_ReadInputDataBit                    0x08006173   Thumb Code    18  stm32f10x_gpio.o(.text)
    GPIO_ReadInputData                       0x08006185   Thumb Code     8  stm32f10x_gpio.o(.text)
    GPIO_ReadOutputDataBit                   0x0800618d   Thumb Code    18  stm32f10x_gpio.o(.text)
    GPIO_ReadOutputData                      0x0800619f   Thumb Code     8  stm32f10x_gpio.o(.text)
    GPIO_SetBits                             0x080061a7   Thumb Code     4  stm32f10x_gpio.o(.text)
    GPIO_ResetBits                           0x080061ab   Thumb Code     4  stm32f10x_gpio.o(.text)
    GPIO_WriteBit                            0x080061af   Thumb Code    10  stm32f10x_gpio.o(.text)
    GPIO_Write                               0x080061b9   Thumb Code     4  stm32f10x_gpio.o(.text)
    GPIO_PinLockConfig                       0x080061bd   Thumb Code    18  stm32f10x_gpio.o(.text)
    GPIO_EventOutputConfig                   0x080061cf   Thumb Code    26  stm32f10x_gpio.o(.text)
    GPIO_EventOutputCmd                      0x080061e9   Thumb Code     6  stm32f10x_gpio.o(.text)
    GPIO_PinRemapConfig                      0x080061ef   Thumb Code   138  stm32f10x_gpio.o(.text)
    GPIO_EXTILineConfig                      0x08006279   Thumb Code    66  stm32f10x_gpio.o(.text)
    GPIO_ETH_MediaInterfaceConfig            0x080062bb   Thumb Code     8  stm32f10x_gpio.o(.text)
    RCC_DeInit                               0x080062e9   Thumb Code    64  stm32f10x_rcc.o(.text)
    RCC_HSEConfig                            0x08006329   Thumb Code    70  stm32f10x_rcc.o(.text)
    RCC_GetFlagStatus                        0x0800636f   Thumb Code    56  stm32f10x_rcc.o(.text)
    RCC_WaitForHSEStartUp                    0x080063a7   Thumb Code    56  stm32f10x_rcc.o(.text)
    RCC_AdjustHSICalibrationValue            0x080063df   Thumb Code    20  stm32f10x_rcc.o(.text)
    RCC_HSICmd                               0x080063f3   Thumb Code     6  stm32f10x_rcc.o(.text)
    RCC_PLLConfig                            0x080063f9   Thumb Code    24  stm32f10x_rcc.o(.text)
    RCC_PLLCmd                               0x08006411   Thumb Code     6  stm32f10x_rcc.o(.text)
    RCC_SYSCLKConfig                         0x08006417   Thumb Code    18  stm32f10x_rcc.o(.text)
    RCC_GetSYSCLKSource                      0x08006429   Thumb Code    10  stm32f10x_rcc.o(.text)
    RCC_HCLKConfig                           0x08006433   Thumb Code    18  stm32f10x_rcc.o(.text)
    RCC_PCLK1Config                          0x08006445   Thumb Code    18  stm32f10x_rcc.o(.text)
    RCC_PCLK2Config                          0x08006457   Thumb Code    20  stm32f10x_rcc.o(.text)
    RCC_ITConfig                             0x0800646b   Thumb Code    26  stm32f10x_rcc.o(.text)
    RCC_USBCLKConfig                         0x08006485   Thumb Code     8  stm32f10x_rcc.o(.text)
    RCC_ADCCLKConfig                         0x0800648d   Thumb Code    18  stm32f10x_rcc.o(.text)
    RCC_LSEConfig                            0x0800649f   Thumb Code    50  stm32f10x_rcc.o(.text)
    RCC_LSICmd                               0x080064d1   Thumb Code     6  stm32f10x_rcc.o(.text)
    RCC_RTCCLKConfig                         0x080064d7   Thumb Code    12  stm32f10x_rcc.o(.text)
    RCC_RTCCLKCmd                            0x080064e3   Thumb Code     8  stm32f10x_rcc.o(.text)
    RCC_GetClocksFreq                        0x080064eb   Thumb Code   192  stm32f10x_rcc.o(.text)
    RCC_AHBPeriphClockCmd                    0x080065ab   Thumb Code    26  stm32f10x_rcc.o(.text)
    RCC_APB2PeriphClockCmd                   0x080065c5   Thumb Code    26  stm32f10x_rcc.o(.text)
    RCC_APB1PeriphClockCmd                   0x080065df   Thumb Code    26  stm32f10x_rcc.o(.text)
    RCC_APB2PeriphResetCmd                   0x080065f9   Thumb Code    26  stm32f10x_rcc.o(.text)
    RCC_APB1PeriphResetCmd                   0x08006613   Thumb Code    26  stm32f10x_rcc.o(.text)
    RCC_BackupResetCmd                       0x0800662d   Thumb Code     8  stm32f10x_rcc.o(.text)
    RCC_ClockSecuritySystemCmd               0x08006635   Thumb Code     6  stm32f10x_rcc.o(.text)
    RCC_MCOConfig                            0x0800663b   Thumb Code     6  stm32f10x_rcc.o(.text)
    RCC_ClearFlag                            0x08006641   Thumb Code    14  stm32f10x_rcc.o(.text)
    RCC_GetITStatus                          0x0800664f   Thumb Code    20  stm32f10x_rcc.o(.text)
    RCC_ClearITPendingBit                    0x08006663   Thumb Code     6  stm32f10x_rcc.o(.text)
    USART_DeInit                             0x0800668d   Thumb Code   134  stm32f10x_usart.o(.text)
    USART_Init                               0x08006713   Thumb Code   210  stm32f10x_usart.o(.text)
    USART_StructInit                         0x080067e5   Thumb Code    24  stm32f10x_usart.o(.text)
    USART_ClockInit                          0x080067fd   Thumb Code    34  stm32f10x_usart.o(.text)
    USART_ClockStructInit                    0x0800681f   Thumb Code    12  stm32f10x_usart.o(.text)
    USART_Cmd                                0x0800682b   Thumb Code    24  stm32f10x_usart.o(.text)
    USART_ITConfig                           0x08006843   Thumb Code    74  stm32f10x_usart.o(.text)
    USART_DMACmd                             0x0800688d   Thumb Code    18  stm32f10x_usart.o(.text)
    USART_SetAddress                         0x0800689f   Thumb Code    18  stm32f10x_usart.o(.text)
    USART_WakeUpConfig                       0x080068b1   Thumb Code    18  stm32f10x_usart.o(.text)
    USART_ReceiverWakeUpCmd                  0x080068c3   Thumb Code    24  stm32f10x_usart.o(.text)
    USART_LINBreakDetectLengthConfig         0x080068db   Thumb Code    18  stm32f10x_usart.o(.text)
    USART_LINCmd                             0x080068ed   Thumb Code    24  stm32f10x_usart.o(.text)
    USART_SendData                           0x08006905   Thumb Code     8  stm32f10x_usart.o(.text)
    USART_ReceiveData                        0x0800690d   Thumb Code    10  stm32f10x_usart.o(.text)
    USART_SendBreak                          0x08006917   Thumb Code    10  stm32f10x_usart.o(.text)
    USART_SetGuardTime                       0x08006921   Thumb Code    16  stm32f10x_usart.o(.text)
    USART_SetPrescaler                       0x08006931   Thumb Code    16  stm32f10x_usart.o(.text)
    USART_SmartCardCmd                       0x08006941   Thumb Code    24  stm32f10x_usart.o(.text)
    USART_SmartCardNACKCmd                   0x08006959   Thumb Code    24  stm32f10x_usart.o(.text)
    USART_HalfDuplexCmd                      0x08006971   Thumb Code    24  stm32f10x_usart.o(.text)
    USART_OverSampling8Cmd                   0x08006989   Thumb Code    22  stm32f10x_usart.o(.text)
    USART_OneBitMethodCmd                    0x0800699f   Thumb Code    24  stm32f10x_usart.o(.text)
    USART_IrDAConfig                         0x080069b7   Thumb Code    18  stm32f10x_usart.o(.text)
    USART_IrDACmd                            0x080069c9   Thumb Code    24  stm32f10x_usart.o(.text)
    USART_GetFlagStatus                      0x080069e1   Thumb Code    26  stm32f10x_usart.o(.text)
    USART_ClearFlag                          0x080069fb   Thumb Code    18  stm32f10x_usart.o(.text)
    USART_GetITStatus                        0x08006a0d   Thumb Code    84  stm32f10x_usart.o(.text)
    USART_ClearITPendingBit                  0x08006a61   Thumb Code    52  stm32f10x_usart.o(.text)
    NVIC_PriorityGroupConfig                 0x08006a95   Thumb Code    10  misc.o(.text)
    NVIC_Init                                0x08006a9f   Thumb Code   100  misc.o(.text)
    NVIC_SetVectorTable                      0x08006b03   Thumb Code    14  misc.o(.text)
    NVIC_SystemLPConfig                      0x08006b11   Thumb Code    34  misc.o(.text)
    SysTick_CLKSourceConfig                  0x08006b33   Thumb Code    40  misc.o(.text)
    UG_Init                                  0x08006b71   Thumb Code   132  ugui.o(.text)
    UG_SelectGUI                             0x08006bf5   Thumb Code    10  ugui.o(.text)
    UG_FontSelect                            0x08006bff   Thumb Code    20  ugui.o(.text)
    UG_FillFrame                             0x08006c13   Thumb Code   124  ugui.o(.text)
    UG_FillScreen                            0x08006c8f   Thumb Code    36  ugui.o(.text)
    UG_DrawLine                              0x08006cb3   Thumb Code   290  ugui.o(.text)
    UG_FillRoundFrame                        0x08006dd5   Thumb Code   354  ugui.o(.text)
    UG_DrawMesh                              0x08006f37   Thumb Code    82  ugui.o(.text)
    UG_DrawFrame                             0x08006f89   Thumb Code    84  ugui.o(.text)
    UG_DrawArc                               0x08006fdd   Thumb Code   304  ugui.o(.text)
    UG_DrawRoundFrame                        0x0800710d   Thumb Code   222  ugui.o(.text)
    UG_DrawPixel                             0x080071eb   Thumb Code    24  ugui.o(.text)
    UG_DrawCircle                            0x08007203   Thumb Code   254  ugui.o(.text)
    UG_FillCircle                            0x08007301   Thumb Code   284  ugui.o(.text)
    _UG_PutChar                              0x0800741d   Thumb Code   946  ugui.o(.text)
    UG_PutChar                               0x080077cf   Thumb Code    42  ugui.o(.text)
    UG_PutString                             0x080077f9   Thumb Code   186  ugui.o(.text)
    UG_ConsolePutString                      0x080078b3   Thumb Code   310  ugui.o(.text)
    UG_ConsoleSetArea                        0x080079e9   Thumb Code    28  ugui.o(.text)
    UG_ConsoleSetForecolor                   0x08007a05   Thumb Code     8  ugui.o(.text)
    UG_ConsoleSetBackcolor                   0x08007a0d   Thumb Code     8  ugui.o(.text)
    UG_SetForecolor                          0x08007a15   Thumb Code     8  ugui.o(.text)
    UG_SetBackcolor                          0x08007a1d   Thumb Code     8  ugui.o(.text)
    UG_GetXDim                               0x08007a25   Thumb Code    10  ugui.o(.text)
    UG_GetYDim                               0x08007a2f   Thumb Code    10  ugui.o(.text)
    UG_FontSetHSpace                         0x08007a39   Thumb Code    10  ugui.o(.text)
    UG_FontSetVSpace                         0x08007a43   Thumb Code    10  ugui.o(.text)
    _UG_PutText                              0x08007a4d   Thumb Code   442  ugui.o(.text)
    _UG_GetFreeObject                        0x08007c07   Thumb Code    48  ugui.o(.text)
    _UG_SearchObject                         0x08007c37   Thumb Code    66  ugui.o(.text)
    _UG_DeleteObject                         0x08007c79   Thumb Code    78  ugui.o(.text)
    _UG_ProcessTouchData                     0x08007cc7   Thumb Code   278  ugui.o(.text)
    _UG_UpdateObjects                        0x08007ddd   Thumb Code    90  ugui.o(.text)
    _UG_HandleEvents                         0x08007e37   Thumb Code    96  ugui.o(.text)
    _UG_DrawObjectFrame                      0x08007e97   Thumb Code   290  ugui.o(.text)
    _UG_SendObjectPrerenderEvent             0x08007fb9   Thumb Code    38  ugui.o(.text)
    _UG_SendObjectPostrenderEvent            0x08007fdf   Thumb Code    40  ugui.o(.text)
    UG_DriverRegister                        0x08008007   Thumb Code    34  ugui.o(.text)
    UG_DriverEnable                          0x08008029   Thumb Code    56  ugui.o(.text)
    UG_DriverDisable                         0x08008061   Thumb Code    56  ugui.o(.text)
    _UG_WindowDrawTitle                      0x08008099   Thumb Code   230  ugui.o(.text)
    _UG_WindowUpdate                         0x0800817f   Thumb Code   260  ugui.o(.text)
    UG_Update                                0x08008283   Thumb Code   328  ugui.o(.text)
    UG_WaitForUpdate                         0x080083cb   Thumb Code    40  ugui.o(.text)
    UG_DrawBMP                               0x080083f3   Thumb Code   150  ugui.o(.text)
    UG_TouchUpdate                           0x08008489   Thumb Code    20  ugui.o(.text)
    UG_WindowCreate                          0x0800849d   Thumb Code   162  ugui.o(.text)
    UG_WindowDelete                          0x0800853f   Thumb Code    56  ugui.o(.text)
    UG_WindowShow                            0x08008577   Thumb Code    36  ugui.o(.text)
    _UG_WindowClear                          0x0800859b   Thumb Code   126  ugui.o(.text)
    UG_WindowHide                            0x08008619   Thumb Code   204  ugui.o(.text)
    UG_WindowResize                          0x080086e5   Thumb Code   296  ugui.o(.text)
    UG_WindowSetTitleColor                   0x0800880d   Thumb Code    32  ugui.o(.text)
    UG_WindowGetTitleColor                   0x0800882d   Thumb Code    18  ugui.o(.text)
    UG_WindowSetTitleTextColor               0x0800883f   Thumb Code    32  ugui.o(.text)
    UG_WindowGetTitleTextColor               0x0800885f   Thumb Code    18  ugui.o(.text)
    UG_WindowAlert                           0x08008871   Thumb Code    60  ugui.o(.text)
    UG_WindowSetForeColor                    0x080088ad   Thumb Code    32  ugui.o(.text)
    UG_WindowSetBackColor                    0x080088cd   Thumb Code    32  ugui.o(.text)
    UG_WindowSetTitleInactiveTextColor       0x080088ed   Thumb Code    32  ugui.o(.text)
    UG_WindowSetTitleInactiveColor           0x0800890d   Thumb Code    32  ugui.o(.text)
    UG_WindowSetTitleText                    0x0800892d   Thumb Code    32  ugui.o(.text)
    UG_WindowSetTitleTextFont                0x0800894d   Thumb Code    64  ugui.o(.text)
    UG_WindowSetTitleTextHSpace              0x0800898d   Thumb Code    34  ugui.o(.text)
    UG_WindowSetTitleTextVSpace              0x080089af   Thumb Code    34  ugui.o(.text)
    UG_WindowSetTitleTextAlignment           0x080089d1   Thumb Code    34  ugui.o(.text)
    UG_WindowSetTitleHeight                  0x080089f3   Thumb Code    42  ugui.o(.text)
    UG_WindowSetXStart                       0x08008a1d   Thumb Code    66  ugui.o(.text)
    UG_WindowSetYStart                       0x08008a5f   Thumb Code    62  ugui.o(.text)
    UG_WindowSetXEnd                         0x08008a9d   Thumb Code    62  ugui.o(.text)
    UG_WindowSetYEnd                         0x08008adb   Thumb Code    62  ugui.o(.text)
    UG_WindowSetStyle                        0x08008b19   Thumb Code    78  ugui.o(.text)
    UG_WindowGetForeColor                    0x08008b67   Thumb Code    18  ugui.o(.text)
    UG_WindowGetBackColor                    0x08008b79   Thumb Code    18  ugui.o(.text)
    UG_WindowGetTitleInactiveTextColor       0x08008b8b   Thumb Code    18  ugui.o(.text)
    UG_WindowGetTitleInactiveColor           0x08008b9d   Thumb Code    18  ugui.o(.text)
    UG_WindowGetTitleText                    0x08008baf   Thumb Code    18  ugui.o(.text)
    UG_WindowGetTitleTextFont                0x08008bc1   Thumb Code    18  ugui.o(.text)
    UG_WindowGetTitleTextHSpace              0x08008bd3   Thumb Code    20  ugui.o(.text)
    UG_WindowGetTitleTextVSpace              0x08008be7   Thumb Code    20  ugui.o(.text)
    UG_WindowGetTitleTextAlignment           0x08008bfb   Thumb Code    20  ugui.o(.text)
    UG_WindowGetTitleHeight                  0x08008c0f   Thumb Code    20  ugui.o(.text)
    UG_WindowGetXStart                       0x08008c23   Thumb Code    22  ugui.o(.text)
    UG_WindowGetYStart                       0x08008c39   Thumb Code    22  ugui.o(.text)
    UG_WindowGetXEnd                         0x08008c4f   Thumb Code    22  ugui.o(.text)
    UG_WindowGetYEnd                         0x08008c65   Thumb Code    22  ugui.o(.text)
    UG_WindowGetStyle                        0x08008c7b   Thumb Code    18  ugui.o(.text)
    UG_WindowGetArea                         0x08008c8d   Thumb Code   100  ugui.o(.text)
    UG_WindowGetInnerWidth                   0x08008cf1   Thumb Code    42  ugui.o(.text)
    UG_WindowGetOuterWidth                   0x08008d1b   Thumb Code    30  ugui.o(.text)
    UG_WindowGetInnerHeight                  0x08008d39   Thumb Code    58  ugui.o(.text)
    UG_WindowGetOuterHeight                  0x08008d73   Thumb Code    30  ugui.o(.text)
    _UG_ButtonUpdate                         0x08008d91   Thumb Code   592  ugui.o(.text)
    UG_ButtonCreate                          0x08008fe1   Thumb Code   160  ugui.o(.text)
    UG_ButtonDelete                          0x08009081   Thumb Code    18  ugui.o(.text)
    UG_ButtonShow                            0x08009093   Thumb Code    48  ugui.o(.text)
    UG_ButtonHide                            0x080090c3   Thumb Code    64  ugui.o(.text)
    UG_ButtonSetForeColor                    0x08009103   Thumb Code    56  ugui.o(.text)
    UG_ButtonSetBackColor                    0x0800913b   Thumb Code    56  ugui.o(.text)
    UG_ButtonSetAlternateForeColor           0x08009173   Thumb Code    56  ugui.o(.text)
    UG_ButtonSetAlternateBackColor           0x080091ab   Thumb Code    56  ugui.o(.text)
    UG_ButtonSetText                         0x080091e3   Thumb Code    56  ugui.o(.text)
    UG_ButtonSetFont                         0x0800921b   Thumb Code    56  ugui.o(.text)
    UG_ButtonSetStyle                        0x08009253   Thumb Code   156  ugui.o(.text)
    UG_ButtonSetHSpace                       0x080092ef   Thumb Code    56  ugui.o(.text)
    UG_ButtonSetVSpace                       0x08009327   Thumb Code    74  ugui.o(.text)
    UG_ButtonSetAlignment                    0x08009371   Thumb Code    56  ugui.o(.text)
    UG_ButtonGetForeColor                    0x080093a9   Thumb Code    40  ugui.o(.text)
    UG_ButtonGetBackColor                    0x080093d1   Thumb Code    40  ugui.o(.text)
    UG_ButtonGetAlternateForeColor           0x080093f9   Thumb Code    40  ugui.o(.text)
    UG_ButtonGetAlternateBackColor           0x08009421   Thumb Code    40  ugui.o(.text)
    UG_ButtonGetText                         0x08009449   Thumb Code    40  ugui.o(.text)
    UG_ButtonGetFont                         0x08009471   Thumb Code    40  ugui.o(.text)
    UG_ButtonGetStyle                        0x08009499   Thumb Code    40  ugui.o(.text)
    UG_ButtonGetHSpace                       0x080094c1   Thumb Code    40  ugui.o(.text)
    UG_ButtonGetVSpace                       0x080094e9   Thumb Code    40  ugui.o(.text)
    UG_ButtonGetAlignment                    0x08009511   Thumb Code    40  ugui.o(.text)
    _UG_CheckboxUpdate                       0x08009539   Thumb Code  1478  ugui.o(.text)
    UG_CheckboxCreate                        0x08009aff   Thumb Code   168  ugui.o(.text)
    UG_CheckboxDelete                        0x08009ba7   Thumb Code    18  ugui.o(.text)
    UG_CheckboxShow                          0x08009bb9   Thumb Code    48  ugui.o(.text)
    UG_CheckboxHide                          0x08009be9   Thumb Code    64  ugui.o(.text)
    UG_CheckboxSetCheched                    0x08009c29   Thumb Code    56  ugui.o(.text)
    UG_CheckboxSetForeColor                  0x08009c61   Thumb Code    56  ugui.o(.text)
    UG_CheckboxSetBackColor                  0x08009c99   Thumb Code    56  ugui.o(.text)
    UG_CheckboxSetAlternateForeColor         0x08009cd1   Thumb Code    56  ugui.o(.text)
    UG_CheckboxSetAlternateBackColor         0x08009d09   Thumb Code    56  ugui.o(.text)
    UG_CheckboxSetText                       0x08009d41   Thumb Code    56  ugui.o(.text)
    UG_CheckboxSetFont                       0x08009d79   Thumb Code    56  ugui.o(.text)
    UG_CheckboxSetStyle                      0x08009db1   Thumb Code   168  ugui.o(.text)
    UG_CheckboxSetHSpace                     0x08009e59   Thumb Code    56  ugui.o(.text)
    UG_CheckboxSetVSpace                     0x08009e91   Thumb Code    56  ugui.o(.text)
    UG_CheckboxSetAlignment                  0x08009ec9   Thumb Code    56  ugui.o(.text)
    UG_CheckboxGetChecked                    0x08009f01   Thumb Code    40  ugui.o(.text)
    UG_CheckboxGetForeColor                  0x08009f29   Thumb Code    40  ugui.o(.text)
    UG_CheckboxGetBackColor                  0x08009f51   Thumb Code    40  ugui.o(.text)
    UG_CheckboxGetAlternateForeColor         0x08009f79   Thumb Code    40  ugui.o(.text)
    UG_CheckboxGetAlternateBackColor         0x08009fa1   Thumb Code    40  ugui.o(.text)
    UG_CheckboxGetText                       0x08009fc9   Thumb Code    40  ugui.o(.text)
    UG_CheckboxGetFont                       0x08009ff1   Thumb Code    40  ugui.o(.text)
    UG_CheckboxGetStyle                      0x0800a019   Thumb Code    40  ugui.o(.text)
    UG_CheckboxGetHSpace                     0x0800a041   Thumb Code    40  ugui.o(.text)
    UG_CheckboxGetVSpace                     0x0800a069   Thumb Code    40  ugui.o(.text)
    UG_CheckboxGetAlignment                  0x0800a091   Thumb Code    40  ugui.o(.text)
    _UG_TextboxUpdate                        0x0800a0b9   Thumb Code   284  ugui.o(.text)
    UG_TextboxCreate                         0x0800a1d5   Thumb Code   154  ugui.o(.text)
    UG_TextboxDelete                         0x0800a26f   Thumb Code    18  ugui.o(.text)
    UG_TextboxShow                           0x0800a281   Thumb Code    48  ugui.o(.text)
    UG_TextboxHide                           0x0800a2b1   Thumb Code    48  ugui.o(.text)
    UG_TextboxSetForeColor                   0x0800a2e1   Thumb Code    56  ugui.o(.text)
    UG_TextboxSetBackColor                   0x0800a319   Thumb Code    56  ugui.o(.text)
    UG_TextboxSetText                        0x0800a351   Thumb Code    56  ugui.o(.text)
    UG_TextboxSetFont                        0x0800a389   Thumb Code    56  ugui.o(.text)
    UG_TextboxSetHSpace                      0x0800a3c1   Thumb Code    56  ugui.o(.text)
    UG_TextboxSetVSpace                      0x0800a3f9   Thumb Code    56  ugui.o(.text)
    UG_TextboxSetAlignment                   0x0800a431   Thumb Code    56  ugui.o(.text)
    UG_TextboxGetForeColor                   0x0800a469   Thumb Code    40  ugui.o(.text)
    UG_TextboxGetBackColor                   0x0800a491   Thumb Code    40  ugui.o(.text)
    UG_TextboxGetText                        0x0800a4b9   Thumb Code    40  ugui.o(.text)
    UG_TextboxGetFont                        0x0800a4e1   Thumb Code    40  ugui.o(.text)
    UG_TextboxGetHSpace                      0x0800a509   Thumb Code    40  ugui.o(.text)
    UG_TextboxGetVSpace                      0x0800a531   Thumb Code    40  ugui.o(.text)
    UG_TextboxGetAlignment                   0x0800a559   Thumb Code    40  ugui.o(.text)
    _UG_ImageUpdate                          0x0800a581   Thumb Code   210  ugui.o(.text)
    UG_ImageCreate                           0x0800a653   Thumb Code   114  ugui.o(.text)
    UG_ImageDelete                           0x0800a6c5   Thumb Code    18  ugui.o(.text)
    UG_ImageShow                             0x0800a6d7   Thumb Code    48  ugui.o(.text)
    UG_ImageHide                             0x0800a707   Thumb Code    48  ugui.o(.text)
    UG_ImageSetBMP                           0x0800a737   Thumb Code    54  ugui.o(.text)
    calling_window_create                    0x0800a777   Thumb Code   126  my_ui.o(.text)
    calling_window_show                      0x0800a7f5   Thumb Code    20  my_ui.o(.text)
    time_window_update                       0x0800a809   Thumb Code   356  my_ui.o(.text)
    vibrator_window_callback                 0x0800adeb   Thumb Code    24  my_ui.o(.text)
    vibrator_window_create                   0x0800ae03   Thumb Code   374  my_ui.o(.text)
    led_matrix_time_window_callback          0x0800afa3   Thumb Code    24  my_ui.o(.text)
    led_matrix_time_window_create            0x0800afbb   Thumb Code   538  my_ui.o(.text)
    led_matrix_window_create                 0x0800b1d5   Thumb Code   348  my_ui.o(.text)
    led_matrix_window_show                   0x0800b331   Thumb Code    18  my_ui.o(.text)
    settings_window_create                   0x0800b35b   Thumb Code   442  my_ui.o(.text)
    settings_window_show                     0x0800b515   Thumb Code    18  my_ui.o(.text)
    music_window_callback                    0x0800b527   Thumb Code    24  my_ui.o(.text)
    music_window_create                      0x0800b53f   Thumb Code   314  my_ui.o(.text)
    music_window_show                        0x0800b679   Thumb Code    18  my_ui.o(.text)
    windows_create                           0x0800b68b   Thumb Code    12  my_ui.o(.text)
    __use_no_semihosting                     0x0800b6d9   Thumb Code     2  use_no_semi_2.o(.text)
    __2printf                                0x0800b6dd   Thumb Code    20  noretval__2printf.o(.text)
    __printf                                 0x0800b6f5   Thumb Code   104  __printf.o(.text)
    _printf_int_hex                          0x0800b75d   Thumb Code    84  _printf_hex_int.o(.text)
    _printf_longlong_hex                     0x0800b75d   Thumb Code     0  _printf_hex_int.o(.text)
    __aeabi_memcpy4                          0x0800b7b5   Thumb Code     0  rt_memcpy_w.o(.text)
    __aeabi_memcpy8                          0x0800b7b5   Thumb Code     0  rt_memcpy_w.o(.text)
    __rt_memcpy_w                            0x0800b7b5   Thumb Code   100  rt_memcpy_w.o(.text)
    _memcpy_lastbytes_aligned                0x0800b7fd   Thumb Code     0  rt_memcpy_w.o(.text)
    __use_two_region_memory                  0x0800b819   Thumb Code     2  heapauxi.o(.text)
    __rt_heap_escrow$2region                 0x0800b81b   Thumb Code     2  heapauxi.o(.text)
    __rt_heap_expand$2region                 0x0800b81d   Thumb Code     2  heapauxi.o(.text)
    __I$use$semihosting                      0x0800b81f   Thumb Code     0  use_no_semi.o(.text)
    __use_no_semihosting_swi                 0x0800b81f   Thumb Code     2  use_no_semi.o(.text)
    _printf_int_common                       0x0800b821   Thumb Code   178  _printf_intcommon.o(.text)
    _printf_char_file                        0x0800b8d5   Thumb Code    32  _printf_char_file.o(.text)
    _printf_char_common                      0x0800b903   Thumb Code    32  _printf_char_common.o(.text)
    ferror                                   0x0800b929   Thumb Code     8  ferror.o(.text)
    __user_setup_stackheap                   0x0800b931   Thumb Code    74  sys_stackheap_outer.o(.text)
    exit                                     0x0800b97b   Thumb Code    18  exit.o(.text)
    __user_libspace                          0x0800b98d   Thumb Code     8  libspace.o(.text)
    __user_perproc_libspace                  0x0800b98d   Thumb Code     0  libspace.o(.text)
    __user_perthread_libspace                0x0800b98d   Thumb Code     0  libspace.o(.text)
    __aeabi_d2uiz                            0x0800b995   Thumb Code     0  dfixu.o(x$fpl$dfixu)
    _dfixu                                   0x0800b995   Thumb Code    90  dfixu.o(x$fpl$dfixu)
    __aeabi_ui2d                             0x0800b9ef   Thumb Code     0  dflt_clz.o(x$fpl$dfltu)
    _dfltu                                   0x0800b9ef   Thumb Code    38  dflt_clz.o(x$fpl$dfltu)
    __aeabi_dmul                             0x0800ba15   Thumb Code     0  dmul.o(x$fpl$dmul)
    _dmul                                    0x0800ba15   Thumb Code   332  dmul.o(x$fpl$dmul)
    __fpl_dnaninf                            0x0800bb69   Thumb Code   156  dnaninf.o(x$fpl$dnaninf)
    __fpl_dretinf                            0x0800bc05   Thumb Code    12  dretinf.o(x$fpl$dretinf)
    __I$use$fp                               0x0800bc10   Number         0  usenofp.o(x$fpl$usenofp)
    asc2_1206                                0x0800bc10   Data        1140  lcd.o(.constdata)
    asc2_1608                                0x0800c084   Data        1520  lcd.o(.constdata)
    asc2_2412                                0x0800c674   Data        3420  lcd.o(.constdata)
    font_4x6                                 0x0800d3d0   Data        1536  ugui.o(.constdata)
    font_5x8                                 0x0800d9d0   Data        2048  ugui.o(.constdata)
    font_5x12                                0x0800e1d0   Data        3072  ugui.o(.constdata)
    font_6x8                                 0x0800edd0   Data        2048  ugui.o(.constdata)
    font_8x14                                0x0800f5d0   Data        3584  ugui.o(.constdata)
    font_12x20                               0x080103d0   Data       10240  ugui.o(.constdata)
    FONT_4X6                                 0x08012bd0   Data          20  ugui.o(.constdata)
    FONT_5X8                                 0x08012be4   Data          20  ugui.o(.constdata)
    FONT_5X12                                0x08012bf8   Data          20  ugui.o(.constdata)
    FONT_6X8                                 0x08012c0c   Data          20  ugui.o(.constdata)
    FONT_8X14                                0x08012c20   Data          20  ugui.o(.constdata)
    FONT_12X20                               0x08012c34   Data          20  ugui.o(.constdata)
    pal_window                               0x08012c48   Data          48  ugui.o(.constdata)
    pal_button_pressed                       0x08012c78   Data          48  ugui.o(.constdata)
    pal_button_released                      0x08012ca8   Data          48  ugui.o(.constdata)
    pal_checkbox_pressed                     0x08012cd8   Data          48  ugui.o(.constdata)
    pal_checkbox_released                    0x08012d08   Data          48  ugui.o(.constdata)
    font_icon24                              0x08012d38   Data        2016  font_icon24.o(.constdata)
    FONT_ICON24                              0x08013518   Data          20  font_icon24.o(.constdata)
    font_icon48                              0x0801352c   Data        2304  font_icon48.o(.constdata)
    FONT_ICON48                              0x08013e2c   Data          20  font_icon48.o(.constdata)
    Region$$Table$$Base                      0x08013f48   Number         0  anon$$obj.o(Region$$Table)
    Region$$Table$$Limit                     0x08013f68   Number         0  anon$$obj.o(Region$$Table)
    SystemCoreClock                          0x20000000   Data           4  system_stm32f10x.o(.data)
    AHBPrescTable                            0x20000004   Data          16  system_stm32f10x.o(.data)
    POINT_COLOR                              0x20000014   Data           2  lcd.o(.data)
    BACK_COLOR                               0x20000016   Data           2  lcd.o(.data)
    __stdout                                 0x2000001c   Data           4  usart.o(.data)
    USART_RX_STA                             0x20000020   Data           2  usart.o(.data)
    g_time_set_focus                         0x20000044   Data           1  my_ui.o(.data)
    year                                     0x20000046   Data           2  my_ui.o(.data)
    month                                    0x20000048   Data           1  my_ui.o(.data)
    day                                      0x20000049   Data           1  my_ui.o(.data)
    hour                                     0x2000004a   Data           1  my_ui.o(.data)
    minute                                   0x2000004b   Data           1  my_ui.o(.data)
    g_entry_name                             0x2000004c   Data          28  my_ui.o(.data)
    g_system_time_string                     0x20000068   Data          17  my_ui.o(.data)
    g_battery_info                           0x2000007c   Data          20  my_ui.o(.data)
    g_no_sim_string                          0x20000090   Data           4  my_ui.o(.data)
    g_vibrator_window_prev                   0x20000094   Data           4  my_ui.o(.data)
    g_led_matrix_window_prev                 0x200000ac   Data           4  my_ui.o(.data)
    g_led_matrix_button_text                 0x200000b0   Data          60  my_ui.o(.data)
    g_led_matrix_time_str                    0x200000f4   Data           8  my_ui.o(.data)
    g_settings_brightness                    0x200000fc   Data           1  my_ui.o(.data)
    g_settings_sound                         0x200000fd   Data           1  my_ui.o(.data)
    g_settings_brightness_str                0x200000fe   Data           4  my_ui.o(.data)
    g_settings_sound_str                     0x20000102   Data           2  my_ui.o(.data)
    g_settings_is_changed                    0x20000104   Data           1  my_ui.o(.data)
    g_brightness_table                       0x20000105   Data           7  my_ui.o(.data)
    g_music_filename_selected                0x2000010c   Data           4  my_ui.o(.data)
    g_music_data_ptr                         0x20000110   Data           4  my_ui.o(.data)
    GUI_Struct                               0x20000114   Data         112  main.o(.bss)
    lcddev                                   0x20000184   Data          14  lcd.o(.bss)
    USART_RX_BUF                             0x20000192   Data         200  usart.o(.bss)
    g_calling_window                         0x2000025c   Data          68  my_ui.o(.bss)
    g_time_window                            0x200002a0   Data          68  my_ui.o(.bss)
    g_time_set_string                        0x200002e4   Data          25  my_ui.o(.bss)
    g_home_window                            0x20000300   Data          68  my_ui.o(.bss)
    g_vibrator_window                        0x20000344   Data          68  my_ui.o(.bss)
    g_led_matrix_window                      0x20000388   Data          68  my_ui.o(.bss)
    g_led_matrix_time_window                 0x200003cc   Data          68  my_ui.o(.bss)
    g_settings_window                        0x20000410   Data          68  my_ui.o(.bss)
    g_music_window                           0x20000454   Data          68  my_ui.o(.bss)
    g_music_filename                         0x20000498   Data         128  my_ui.o(.bss)
    __libspace_start                         0x20001808   Data          96  libspace.o(.bss)
    __temporary_stack_top$libspace           0x20001868   Data           0  libspace.o(.bss)



==============================================================================

Memory Map of the image

  Image Entry point : 0x08000131

  Load Region LR_IROM1 (Base: 0x08000000, Size: 0x0001407c, Max: 0x00040000, ABSOLUTE)

    Execution Region ER_IROM1 (Base: 0x08000000, Size: 0x00013f68, Max: 0x00040000, ABSOLUTE)

    Base Addr    Size         Type   Attr      Idx    E Section Name        Object

    0x08000000   0x00000130   Data   RO          305    RESET               startup_stm32f10x_hd.o
    0x08000130   0x00000008   Code   RO          485  * !!!main             c_w.l(__main.o)
    0x08000138   0x00000034   Code   RO          670    !!!scatter          c_w.l(__scatter.o)
    0x0800016c   0x0000001a   Code   RO          672    !!handler_copy      c_w.l(__scatter_copy.o)
    0x08000186   0x00000002   PAD
    0x08000188   0x0000001c   Code   RO          674    !!handler_zi        c_w.l(__scatter_zi.o)
    0x080001a4   0x00000000   Code   RO          480    .ARM.Collect$$_printf_percent$$00000000  c_w.l(_printf_percent.o)
    0x080001a4   0x00000006   Code   RO          479    .ARM.Collect$$_printf_percent$$0000000C  c_w.l(_printf_x.o)
    0x080001aa   0x00000004   Code   RO          506    .ARM.Collect$$_printf_percent$$00000017  c_w.l(_printf_percent_end.o)
    0x080001ae   0x00000002   Code   RO          544    .ARM.Collect$$libinit$$00000000  c_w.l(libinit.o)
    0x080001b0   0x00000000   Code   RO          551    .ARM.Collect$$libinit$$00000002  c_w.l(libinit2.o)
    0x080001b0   0x00000000   Code   RO          553    .ARM.Collect$$libinit$$00000004  c_w.l(libinit2.o)
    0x080001b0   0x00000000   Code   RO          556    .ARM.Collect$$libinit$$0000000A  c_w.l(libinit2.o)
    0x080001b0   0x00000000   Code   RO          558    .ARM.Collect$$libinit$$0000000C  c_w.l(libinit2.o)
    0x080001b0   0x00000000   Code   RO          560    .ARM.Collect$$libinit$$0000000E  c_w.l(libinit2.o)
    0x080001b0   0x00000000   Code   RO          563    .ARM.Collect$$libinit$$00000011  c_w.l(libinit2.o)
    0x080001b0   0x00000000   Code   RO          565    .ARM.Collect$$libinit$$00000013  c_w.l(libinit2.o)
    0x080001b0   0x00000000   Code   RO          567    .ARM.Collect$$libinit$$00000015  c_w.l(libinit2.o)
    0x080001b0   0x00000000   Code   RO          569    .ARM.Collect$$libinit$$00000017  c_w.l(libinit2.o)
    0x080001b0   0x00000000   Code   RO          571    .ARM.Collect$$libinit$$00000019  c_w.l(libinit2.o)
    0x080001b0   0x00000000   Code   RO          573    .ARM.Collect$$libinit$$0000001B  c_w.l(libinit2.o)
    0x080001b0   0x00000000   Code   RO          575    .ARM.Collect$$libinit$$0000001D  c_w.l(libinit2.o)
    0x080001b0   0x00000000   Code   RO          577    .ARM.Collect$$libinit$$0000001F  c_w.l(libinit2.o)
    0x080001b0   0x00000000   Code   RO          579    .ARM.Collect$$libinit$$00000021  c_w.l(libinit2.o)
    0x080001b0   0x00000000   Code   RO          581    .ARM.Collect$$libinit$$00000023  c_w.l(libinit2.o)
    0x080001b0   0x00000000   Code   RO          583    .ARM.Collect$$libinit$$00000025  c_w.l(libinit2.o)
    0x080001b0   0x00000000   Code   RO          587    .ARM.Collect$$libinit$$0000002C  c_w.l(libinit2.o)
    0x080001b0   0x00000000   Code   RO          589    .ARM.Collect$$libinit$$0000002E  c_w.l(libinit2.o)
    0x080001b0   0x00000000   Code   RO          591    .ARM.Collect$$libinit$$00000030  c_w.l(libinit2.o)
    0x080001b0   0x00000000   Code   RO          593    .ARM.Collect$$libinit$$00000032  c_w.l(libinit2.o)
    0x080001b0   0x00000002   Code   RO          594    .ARM.Collect$$libinit$$00000033  c_w.l(libinit2.o)
    0x080001b2   0x00000002   Code   RO          612    .ARM.Collect$$libshutdown$$00000000  c_w.l(libshutdown.o)
    0x080001b4   0x00000000   Code   RO          622    .ARM.Collect$$libshutdown$$00000002  c_w.l(libshutdown2.o)
    0x080001b4   0x00000000   Code   RO          624    .ARM.Collect$$libshutdown$$00000004  c_w.l(libshutdown2.o)
    0x080001b4   0x00000000   Code   RO          627    .ARM.Collect$$libshutdown$$00000007  c_w.l(libshutdown2.o)
    0x080001b4   0x00000000   Code   RO          630    .ARM.Collect$$libshutdown$$0000000A  c_w.l(libshutdown2.o)
    0x080001b4   0x00000000   Code   RO          632    .ARM.Collect$$libshutdown$$0000000C  c_w.l(libshutdown2.o)
    0x080001b4   0x00000000   Code   RO          635    .ARM.Collect$$libshutdown$$0000000F  c_w.l(libshutdown2.o)
    0x080001b4   0x00000002   Code   RO          636    .ARM.Collect$$libshutdown$$00000010  c_w.l(libshutdown2.o)
    0x080001b6   0x00000000   Code   RO          501    .ARM.Collect$$rtentry$$00000000  c_w.l(__rtentry.o)
    0x080001b6   0x00000000   Code   RO          513    .ARM.Collect$$rtentry$$00000002  c_w.l(__rtentry2.o)
    0x080001b6   0x00000006   Code   RO          525    .ARM.Collect$$rtentry$$00000004  c_w.l(__rtentry4.o)
    0x080001bc   0x00000000   Code   RO          515    .ARM.Collect$$rtentry$$00000009  c_w.l(__rtentry2.o)
    0x080001bc   0x00000004   Code   RO          516    .ARM.Collect$$rtentry$$0000000A  c_w.l(__rtentry2.o)
    0x080001c0   0x00000000   Code   RO          518    .ARM.Collect$$rtentry$$0000000C  c_w.l(__rtentry2.o)
    0x080001c0   0x00000008   Code   RO          519    .ARM.Collect$$rtentry$$0000000D  c_w.l(__rtentry2.o)
    0x080001c8   0x00000002   Code   RO          548    .ARM.Collect$$rtexit$$00000000  c_w.l(rtexit.o)
    0x080001ca   0x00000000   Code   RO          596    .ARM.Collect$$rtexit$$00000002  c_w.l(rtexit2.o)
    0x080001ca   0x00000004   Code   RO          597    .ARM.Collect$$rtexit$$00000003  c_w.l(rtexit2.o)
    0x080001ce   0x00000006   Code   RO          598    .ARM.Collect$$rtexit$$00000004  c_w.l(rtexit2.o)
    0x080001d4   0x000000d0   Code   RO            1    .text               main.o
    0x080002a4   0x0000001a   Code   RO          138    .text               stm32f10x_it.o
    0x080002be   0x00000002   PAD
    0x080002c0   0x000001e0   Code   RO          179    .text               system_stm32f10x.o
    0x080004a0   0x00000050   Code   RO          197    .text               led.o
    0x080004f0   0x00005846   Code   RO          209    .text               lcd.o
    0x08005d36   0x00000002   PAD
    0x08005d38   0x000000d4   Code   RO          239    .text               delay.o
    0x08005e0c   0x00000140   Code   RO          270    .text               usart.o
    0x08005f4c   0x00000040   Code   RO          306    .text               startup_stm32f10x_hd.o
    0x08005f8c   0x0000035c   Code   RO          310    .text               stm32f10x_gpio.o
    0x080062e8   0x000003a4   Code   RO          322    .text               stm32f10x_rcc.o
    0x0800668c   0x00000408   Code   RO          336    .text               stm32f10x_usart.o
    0x08006a94   0x000000dc   Code   RO          348    .text               misc.o
    0x08006b70   0x00003bfc   Code   RO          360    .text               ugui.o
    0x0800a76c   0x00000f6c   Code   RO          406    .text               my_ui.o
    0x0800b6d8   0x00000002   Code   RO          430    .text               c_w.l(use_no_semi_2.o)
    0x0800b6da   0x00000002   PAD
    0x0800b6dc   0x00000018   Code   RO          434    .text               c_w.l(noretval__2printf.o)
    0x0800b6f4   0x00000068   Code   RO          436    .text               c_w.l(__printf.o)
    0x0800b75c   0x00000058   Code   RO          441    .text               c_w.l(_printf_hex_int.o)
    0x0800b7b4   0x00000064   Code   RO          481    .text               c_w.l(rt_memcpy_w.o)
    0x0800b818   0x00000006   Code   RO          483    .text               c_w.l(heapauxi.o)
    0x0800b81e   0x00000002   Code   RO          499    .text               c_w.l(use_no_semi.o)
    0x0800b820   0x000000b2   Code   RO          502    .text               c_w.l(_printf_intcommon.o)
    0x0800b8d2   0x00000002   PAD
    0x0800b8d4   0x00000024   Code   RO          504    .text               c_w.l(_printf_char_file.o)
    0x0800b8f8   0x00000030   Code   RO          527    .text               c_w.l(_printf_char_common.o)
    0x0800b928   0x00000008   Code   RO          529    .text               c_w.l(ferror.o)
    0x0800b930   0x0000004a   Code   RO          533    .text               c_w.l(sys_stackheap_outer.o)
    0x0800b97a   0x00000012   Code   RO          537    .text               c_w.l(exit.o)
    0x0800b98c   0x00000008   Code   RO          545    .text               c_w.l(libspace.o)
    0x0800b994   0x0000005a   Code   RO          487    x$fpl$dfixu         fz_ws.l(dfixu.o)
    0x0800b9ee   0x00000026   Code   RO          491    x$fpl$dfltu         fz_ws.l(dflt_clz.o)
    0x0800ba14   0x00000154   Code   RO          497    x$fpl$dmul          fz_ws.l(dmul.o)
    0x0800bb68   0x0000009c   Code   RO          507    x$fpl$dnaninf       fz_ws.l(dnaninf.o)
    0x0800bc04   0x0000000c   Code   RO          509    x$fpl$dretinf       fz_ws.l(dretinf.o)
    0x0800bc10   0x00000000   Code   RO          511    x$fpl$usenofp       fz_ws.l(usenofp.o)
    0x0800bc10   0x000017c0   Data   RO          211    .constdata          lcd.o
    0x0800d3d0   0x00005968   Data   RO          361    .constdata          ugui.o
    0x08012d38   0x000007f4   Data   RO          380    .constdata          font_icon24.o
    0x0801352c   0x00000914   Data   RO          393    .constdata          font_icon48.o
    0x08013e40   0x00000070   Data   RO          408    .constdata          my_ui.o
    0x08013eb0   0x00000028   Data   RO          442    .constdata          c_w.l(_printf_hex_int.o)
    0x08013ed8   0x0000006d   Data   RO          409    .conststring        my_ui.o
    0x08013f45   0x00000003   PAD
    0x08013f48   0x00000020   Data   RO          668    Region$$Table       anon$$obj.o


    Execution Region RW_IRAM1 (Base: 0x20000000, Size: 0x00001e68, Max: 0x0000c000, ABSOLUTE)

    Base Addr    Size         Type   Attr      Idx    E Section Name        Object

    0x20000000   0x00000014   Data   RW          180    .data               system_stm32f10x.o
    0x20000014   0x00000004   Data   RW          212    .data               lcd.o
    0x20000018   0x00000004   Data   RW          240    .data               delay.o
    0x2000001c   0x00000006   Data   RW          272    .data               usart.o
    0x20000022   0x00000014   Data   RW          323    .data               stm32f10x_rcc.o
    0x20000036   0x00000002   PAD
    0x20000038   0x0000000c   Data   RW          362    .data               ugui.o
    0x20000044   0x000000d0   Data   RW          410    .data               my_ui.o
    0x20000114   0x00000070   Zero   RW            2    .bss                main.o
    0x20000184   0x0000000e   Zero   RW          210    .bss                lcd.o
    0x20000192   0x000000c8   Zero   RW          271    .bss                usart.o
    0x2000025a   0x00000002   PAD
    0x2000025c   0x000015ac   Zero   RW          407    .bss                my_ui.o
    0x20001808   0x00000060   Zero   RW          546    .bss                c_w.l(libspace.o)
    0x20001868   0x00000200   Zero   RW          304    HEAP                startup_stm32f10x_hd.o
    0x20001a68   0x00000400   Zero   RW          303    STACK               startup_stm32f10x_hd.o


==============================================================================

Image component sizes


      Code (inc. data)   RO Data    RW Data    ZI Data      Debug   Object Name

       212         18          0          4          0       1111   delay.o
         0          0       2036          0          0      11946   font_icon24.o
         0          0       2324          0          0      11946   font_icon48.o
     22598        208       6080          4         14      25175   lcd.o
        80          8          0          0          0        531   led.o
       208         14          0          0        112     246150   main.o
       220         22          0          0          0       1865   misc.o
      3948        394        221        208       5548      20100   my_ui.o
        64         26        304          0       1536        824   startup_stm32f10x_hd.o
       860         38          0          0          0       5801   stm32f10x_gpio.o
        26          0          0          0          0       1214   stm32f10x_it.o
       932         36          0         20          0       9016   stm32f10x_rcc.o
      1032         22          0          0          0       8524   stm32f10x_usart.o
         0          0          0          0          0         32   sys.o
       480         38          0         20          0       1839   system_stm32f10x.o
     15356         86      22888         12          0      72381   ugui.o
       320         16          0          6        200       3274   usart.o

    ----------------------------------------------------------------------
     46340        926      33888        276       7412     421729   Object Totals
         0          0         32          0          0          0   (incl. Generated)
         4          0          3          2          2          0   (incl. Padding)

    ----------------------------------------------------------------------

      Code (inc. data)   RO Data    RW Data    ZI Data      Debug   Library Member Name

         8          0          0          0          0         68   __main.o
       104          0          0          0          0         84   __printf.o
         0          0          0          0          0          0   __rtentry.o
        12          0          0          0          0          0   __rtentry2.o
         6          0          0          0          0          0   __rtentry4.o
        52          8          0          0          0          0   __scatter.o
        26          0          0          0          0          0   __scatter_copy.o
        28          0          0          0          0          0   __scatter_zi.o
        48          6          0          0          0         96   _printf_char_common.o
        36          4          0          0          0         80   _printf_char_file.o
        88          4         40          0          0         88   _printf_hex_int.o
       178          0          0          0          0         88   _printf_intcommon.o
         0          0          0          0          0          0   _printf_percent.o
         4          0          0          0          0          0   _printf_percent_end.o
         6          0          0          0          0          0   _printf_x.o
        18          0          0          0          0         80   exit.o
         8          0          0          0          0         68   ferror.o
         6          0          0          0          0        152   heapauxi.o
         2          0          0          0          0          0   libinit.o
         2          0          0          0          0          0   libinit2.o
         2          0          0          0          0          0   libshutdown.o
         2          0          0          0          0          0   libshutdown2.o
         8          4          0          0         96         68   libspace.o
        24          4          0          0          0         84   noretval__2printf.o
       100          0          0          0          0         80   rt_memcpy_w.o
         2          0          0          0          0          0   rtexit.o
        10          0          0          0          0          0   rtexit2.o
        74          0          0          0          0         80   sys_stackheap_outer.o
         2          0          0          0          0         68   use_no_semi.o
         2          0          0          0          0         68   use_no_semi_2.o
        90          4          0          0          0         92   dfixu.o
        38          0          0          0          0         68   dflt_clz.o
       340         12          0          0          0        104   dmul.o
       156          4          0          0          0         92   dnaninf.o
        12          0          0          0          0         68   dretinf.o
         0          0          0          0          0          0   usenofp.o

    ----------------------------------------------------------------------
      1500         50         40          0         96       1676   Library Totals
         6          0          0          0          0          0   (incl. Padding)

    ----------------------------------------------------------------------

      Code (inc. data)   RO Data    RW Data    ZI Data      Debug   Library Name

       858         30         40          0         96       1252   c_w.l
       636         20          0          0          0        424   fz_ws.l

    ----------------------------------------------------------------------
      1500         50         40          0         96       1676   Library Totals

    ----------------------------------------------------------------------

==============================================================================


      Code (inc. data)   RO Data    RW Data    ZI Data      Debug   

     47840        976      33928        276       7508     421425   Grand Totals
     47840        976      33928        276       7508     421425   ELF Image Totals
     47840        976      33928        276          0          0   ROM Totals

==============================================================================

    Total RO  Size (Code + RO Data)                81768 (  79.85kB)
    Total RW  Size (RW Data + ZI Data)              7784 (   7.60kB)
    Total ROM Size (Code + RO Data + RW Data)      82044 (  80.12kB)

==============================================================================

